<html>
<body>
<pre>
<h1>礦ision Build Log</h1>
<h2>Tool Versions:</h2>
IDE-Version: μVision V5.17.0.0
Copyright (C) 2015 ARM Ltd and ARM Germany GmbH. All rights reserved.
License Information: L M, FM, LIC=CZLRA-1Y0SB-AQI0M-XXXLX-ZHPE3-HJ8ME
 
Tool Versions:
Toolchain:       MDK-ARM Standard  Version: 5.17
Toolchain Path:  C:\Keil_v5\ARM\ARMCC\Bin
C Compiler:      Armcc.exe V5.06 update 1 (build 61)
Assembler:       Armasm.exe V5.06 update 1 (build 61)
Linker/Locator:  ArmLink.exe V5.06 update 1 (build 61)
Library Manager: ArmAr.exe V5.06 update 1 (build 61)
Hex Converter:   FromElf.exe V5.06 update 1 (build 61)
CPU DLL:         SARMCM3.DLL V5.17
Dialog DLL:      DARMCM1.DLL V1.12.0.0
Target DLL:      Segger\JL2CM3.dll V2.99.16.0
Dialog DLL:      TARMCM1.DLL V1.9.0.0
 
<h2>Project:</h2>
E:\SVN项目文档\通用产品\FM402\例程0.11\例程0.11\例程0.11\WWDT 示例\MDK-ARM\FM33LC0XX_Tester.uvprojx
Project File Date:  04/05/2020

<h2>Output:</h2>
*** Using Compiler 'V5.06 update 1 (build 61)', folder: 'C:\Keil_v5\ARM\ARMCC\Bin'
Rebuild target 'Example'
assembling startup_fm33lc0xx.s...
compiling mf_config.c...
compiling main.c...
compiling user_init.c...
compiling system_fm33lc0xx.c...
compiling wwdt.c...
compiling fm33lc0xx_ll_adc.c...
compiling fm33lc0xx_ll_aes.c...
compiling fm33lc0xx_ll_atim.c...
compiling fm33lc0xx_ll_bstim.c...
compiling fm33lc0xx_ll_comp.c...
compiling fm33lc0xx_ll_crc.c...
compiling fm33lc0xx_ll_dma.c...
compiling fm33lc0xx_ll_flash.c...
compiling fm33lc0xx_ll_gpio.c...
compiling fm33lc0xx_ll_gptim.c...
compiling fm33lc0xx_ll_hdiv.c...
compiling fm33lc0xx_ll_iwdt.c...
compiling fm33lc0xx_ll_i2c.c...
compiling fm33lc0xx_ll_lcd.c...
compiling fm33lc0xx_ll_lpuart.c...
compiling fm33lc0xx_ll_lptim.c...
compiling fm33lc0xx_ll_opa.c...
compiling fm33lc0xx_ll_pmu.c...
compiling fm33lc0xx_ll_rcc.c...
compiling fm33lc0xx_ll_rng.c...
compiling fm33lc0xx_ll_rtc.c...
compiling fm33lc0xx_ll_spi.c...
compiling fm33lc0xx_ll_svd.c...
compiling fm33lc0xx_ll_u7816.c...
compiling fm33lc0xx_ll_uart.c...
compiling fm33lc0xx_ll_wwdt.c...
linking...
Program Size: Code=2776 RO-data=224 RW-data=4 ZI-data=4196  
FromELF: creating hex file...
".\Objects\FM33LC0xx_Tester.axf" - 0 Error(s), 0 Warning(s).

<h2>Collection of Component include folders:</h2>
  E:\SVN项目文档\通用产品\FM402\例程0.11\例程0.11\例程0.11\WWDT 示例\MDK-ARM\RTE

<h2>Collection of Component Files used:</h2>
Build Time Elapsed:  00:00:06
</pre>
</body>
</html>
