<!doctype html public "-//w3c//dtd html 4.0 transitional//en">
<html><head>
<title>Static Call Graph - [.\Objects\FM33LC0xx_Tester.axf]</title></head>
<body><HR>
<H1>Static Call Graph for image .\Objects\FM33LC0xx_Tester.axf</H1><HR>
<BR><P>#&#060CALLGRAPH&#062# ARM Linker, 5060061: Last Updated: Fri Sep 18 11:12:18 2020
<BR><P>
<H3>Maximum Stack Usage =        184 bytes + Unknown(Functions without stacksize, Cycles, Untraceable Function Pointers)</H3><H3>
Call chain for Maximum Stack Depth:</H3>
__rt_entry_main &rArr; main &rArr; ATIM_PWM_Init &rArr; LL_ATIM_OC_Init &rArr; OCConfig
<P>
<H3>
Functions with no stack information
</H3><UL>
 <LI><a href="#[43]">__user_initial_stackheap</a>
</UL>
</UL>
<P>
<H3>
Mutually Recursive functions
</H3> <LI><a href="#[7]">NMI_Handler</a>&nbsp;&nbsp;&nbsp;&rArr;&nbsp;&nbsp;&nbsp;<a href="#[7]">NMI_Handler</a><BR>
 <LI><a href="#[8]">HardFault_Handler</a>&nbsp;&nbsp;&nbsp;&rArr;&nbsp;&nbsp;&nbsp;<a href="#[8]">HardFault_Handler</a><BR>
 <LI><a href="#[9]">SVC_Handler</a>&nbsp;&nbsp;&nbsp;&rArr;&nbsp;&nbsp;&nbsp;<a href="#[9]">SVC_Handler</a><BR>
 <LI><a href="#[a]">PendSV_Handler</a>&nbsp;&nbsp;&nbsp;&rArr;&nbsp;&nbsp;&nbsp;<a href="#[a]">PendSV_Handler</a><BR>
 <LI><a href="#[b]">SysTick_Handler</a>&nbsp;&nbsp;&nbsp;&rArr;&nbsp;&nbsp;&nbsp;<a href="#[b]">SysTick_Handler</a><BR>
 <LI><a href="#[11]">ADC_IRQHandler</a>&nbsp;&nbsp;&nbsp;&rArr;&nbsp;&nbsp;&nbsp;<a href="#[11]">ADC_IRQHandler</a><BR>
</UL>
<P>
<H3>
Function Pointers
</H3><UL>
 <LI><a href="#[11]">ADC_IRQHandler</a> from startup_fm33lc0xx.o(.text) referenced from startup_fm33lc0xx.o(RESET)
 <LI><a href="#[1f]">AES_IRQHandler</a> from startup_fm33lc0xx.o(.text) referenced from startup_fm33lc0xx.o(RESET)
 <LI><a href="#[28]">ATIM_IRQHandler</a> from startup_fm33lc0xx.o(.text) referenced from startup_fm33lc0xx.o(RESET)
 <LI><a href="#[24]">BSTIM_IRQHandler</a> from startup_fm33lc0xx.o(.text) referenced from startup_fm33lc0xx.o(RESET)
 <LI><a href="#[25]">COMPx_IRQHandler</a> from startup_fm33lc0xx.o(.text) referenced from startup_fm33lc0xx.o(RESET)
 <LI><a href="#[21]">DMA_IRQHandler</a> from startup_fm33lc0xx.o(.text) referenced from startup_fm33lc0xx.o(RESET)
 <LI><a href="#[f]">FLASH_IRQHandler</a> from startup_fm33lc0xx.o(.text) referenced from startup_fm33lc0xx.o(RESET)
 <LI><a href="#[2a]">GPIO_IRQHandler</a> from startup_fm33lc0xx.o(.text) referenced from startup_fm33lc0xx.o(RESET)
 <LI><a href="#[26]">GPTIM0_IRQHandler</a> from startup_fm33lc0xx.o(.text) referenced from startup_fm33lc0xx.o(RESET)
 <LI><a href="#[27]">GPTIM1_IRQHandler</a> from startup_fm33lc0xx.o(.text) referenced from startup_fm33lc0xx.o(RESET)
 <LI><a href="#[1a]">HFDET_IRQHandler</a> from startup_fm33lc0xx.o(.text) referenced from startup_fm33lc0xx.o(RESET)
 <LI><a href="#[8]">HardFault_Handler</a> from startup_fm33lc0xx.o(.text) referenced from startup_fm33lc0xx.o(RESET)
 <LI><a href="#[1d]">I2C_IRQHandler</a> from startup_fm33lc0xx.o(.text) referenced from startup_fm33lc0xx.o(RESET)
 <LI><a href="#[12]">IWDT_IRQHandler</a> from startup_fm33lc0xx.o(.text) referenced from startup_fm33lc0xx.o(RESET)
 <LI><a href="#[15]">LCD_IRQHandler</a> from startup_fm33lc0xx.o(.text) referenced from startup_fm33lc0xx.o(RESET)
 <LI><a href="#[10]">LFDET_IRQHandler</a> from startup_fm33lc0xx.o(.text) referenced from startup_fm33lc0xx.o(RESET)
 <LI><a href="#[20]">LPTIM_IRQHandler</a> from startup_fm33lc0xx.o(.text) referenced from startup_fm33lc0xx.o(RESET)
 <LI><a href="#[2b]">LPUART0_IRQHandler</a> from startup_fm33lc0xx.o(.text) referenced from startup_fm33lc0xx.o(RESET)
 <LI><a href="#[1c]">LPUART1_IRQHandler</a> from startup_fm33lc0xx.o(.text) referenced from startup_fm33lc0xx.o(RESET)
 <LI><a href="#[7]">NMI_Handler</a> from startup_fm33lc0xx.o(.text) referenced from startup_fm33lc0xx.o(RESET)
 <LI><a href="#[23]">OPAx_IRQHandler</a> from startup_fm33lc0xx.o(.text) referenced from startup_fm33lc0xx.o(RESET)
 <LI><a href="#[a]">PendSV_Handler</a> from startup_fm33lc0xx.o(.text) referenced from startup_fm33lc0xx.o(RESET)
 <LI><a href="#[e]">RTC_IRQHandler</a> from startup_fm33lc0xx.o(.text) referenced from startup_fm33lc0xx.o(RESET)
 <LI><a href="#[6]">Reset_Handler</a> from startup_fm33lc0xx.o(.text) referenced from startup_fm33lc0xx.o(RESET)
 <LI><a href="#[13]">SPI1_IRQHandler</a> from startup_fm33lc0xx.o(.text) referenced from startup_fm33lc0xx.o(RESET)
 <LI><a href="#[14]">SPI2_IRQHandler</a> from startup_fm33lc0xx.o(.text) referenced from startup_fm33lc0xx.o(RESET)
 <LI><a href="#[9]">SVC_Handler</a> from startup_fm33lc0xx.o(.text) referenced from startup_fm33lc0xx.o(RESET)
 <LI><a href="#[d]">SVD_IRQHandler</a> from startup_fm33lc0xx.o(.text) referenced from startup_fm33lc0xx.o(RESET)
 <LI><a href="#[b]">SysTick_Handler</a> from startup_fm33lc0xx.o(.text) referenced from startup_fm33lc0xx.o(RESET)
 <LI><a href="#[2c]">SystemInit</a> from system_fm33lc0xx.o(i.SystemInit) referenced from startup_fm33lc0xx.o(.text)
 <LI><a href="#[1b]">U7816_IRQHandler</a> from startup_fm33lc0xx.o(.text) referenced from startup_fm33lc0xx.o(RESET)
 <LI><a href="#[16]">UART0_IRQHandler</a> from startup_fm33lc0xx.o(.text) referenced from startup_fm33lc0xx.o(RESET)
 <LI><a href="#[17]">UART1_IRQHandler</a> from startup_fm33lc0xx.o(.text) referenced from startup_fm33lc0xx.o(RESET)
 <LI><a href="#[18]">UART4_IRQHandler</a> from startup_fm33lc0xx.o(.text) referenced from startup_fm33lc0xx.o(RESET)
 <LI><a href="#[19]">UART5_IRQHandler</a> from startup_fm33lc0xx.o(.text) referenced from startup_fm33lc0xx.o(RESET)
 <LI><a href="#[1e]">USB_IRQHandler</a> from startup_fm33lc0xx.o(.text) referenced from startup_fm33lc0xx.o(RESET)
 <LI><a href="#[29]">VREF_IRQHandler</a> from startup_fm33lc0xx.o(.text) referenced from startup_fm33lc0xx.o(RESET)
 <LI><a href="#[22]">WKUP_IRQHandler</a> from startup_fm33lc0xx.o(.text) referenced from startup_fm33lc0xx.o(RESET)
 <LI><a href="#[c]">WWDT_IRQHandler</a> from startup_fm33lc0xx.o(.text) referenced from startup_fm33lc0xx.o(RESET)
 <LI><a href="#[2e]">__main</a> from __main.o(!!!main) referenced from startup_fm33lc0xx.o(.text)
</UL>
<P>
<H3>
Global Symbols
</H3>
<P><STRONG><a name="[2e]"></a>__main</STRONG> (Thumb, 8 bytes, Stack size 0 bytes, __main.o(!!!main))
<BR><BR>[Calls]<UL><LI><a href="#[30]">&gt;&gt;</a>&nbsp;&nbsp;&nbsp;__rt_entry
<LI><a href="#[2f]">&gt;&gt;</a>&nbsp;&nbsp;&nbsp;__scatterload
</UL>

<P><STRONG><a name="[2f]"></a>__scatterload</STRONG> (Thumb, 0 bytes, Stack size unknown bytes, __scatter.o(!!!scatter))
<BR><BR>[Called By]<UL><LI><a href="#[2e]">&gt;&gt;</a>&nbsp;&nbsp;&nbsp;__main
</UL>

<P><STRONG><a name="[31]"></a>__scatterload_rt2</STRONG> (Thumb, 52 bytes, Stack size unknown bytes, __scatter.o(!!!scatter), UNUSED)
<BR><BR>[Calls]<UL><LI><a href="#[30]">&gt;&gt;</a>&nbsp;&nbsp;&nbsp;__rt_entry
</UL>

<P><STRONG><a name="[66]"></a>__scatterload_rt2_thumb_only</STRONG> (Thumb, 0 bytes, Stack size unknown bytes, __scatter.o(!!!scatter), UNUSED)

<P><STRONG><a name="[67]"></a>__scatterload_null</STRONG> (Thumb, 0 bytes, Stack size unknown bytes, __scatter.o(!!!scatter), UNUSED)

<P><STRONG><a name="[32]"></a>__scatterload_copy</STRONG> (Thumb, 26 bytes, Stack size unknown bytes, __scatter_copy.o(!!handler_copy), UNUSED)
<BR><BR>[Calls]<UL><LI><a href="#[32]">&gt;&gt;</a>&nbsp;&nbsp;&nbsp;__scatterload_copy
</UL>
<BR>[Called By]<UL><LI><a href="#[32]">&gt;&gt;</a>&nbsp;&nbsp;&nbsp;__scatterload_copy
</UL>

<P><STRONG><a name="[68]"></a>__scatterload_zeroinit</STRONG> (Thumb, 28 bytes, Stack size unknown bytes, __scatter_zi.o(!!handler_zi), UNUSED)

<P><STRONG><a name="[36]"></a>__rt_lib_init</STRONG> (Thumb, 0 bytes, Stack size unknown bytes, libinit.o(.ARM.Collect$$libinit$$00000000))
<BR><BR>[Called By]<UL><LI><a href="#[35]">&gt;&gt;</a>&nbsp;&nbsp;&nbsp;__rt_entry_li
</UL>

<P><STRONG><a name="[69]"></a>__rt_lib_init_alloca_1</STRONG> (Thumb, 0 bytes, Stack size unknown bytes, libinit2.o(.ARM.Collect$$libinit$$0000002E))

<P><STRONG><a name="[6a]"></a>__rt_lib_init_argv_1</STRONG> (Thumb, 0 bytes, Stack size unknown bytes, libinit2.o(.ARM.Collect$$libinit$$0000002C))

<P><STRONG><a name="[6b]"></a>__rt_lib_init_atexit_1</STRONG> (Thumb, 0 bytes, Stack size unknown bytes, libinit2.o(.ARM.Collect$$libinit$$0000001B))

<P><STRONG><a name="[6c]"></a>__rt_lib_init_clock_1</STRONG> (Thumb, 0 bytes, Stack size unknown bytes, libinit2.o(.ARM.Collect$$libinit$$00000021))

<P><STRONG><a name="[6d]"></a>__rt_lib_init_cpp_1</STRONG> (Thumb, 0 bytes, Stack size unknown bytes, libinit2.o(.ARM.Collect$$libinit$$00000032))

<P><STRONG><a name="[6e]"></a>__rt_lib_init_exceptions_1</STRONG> (Thumb, 0 bytes, Stack size unknown bytes, libinit2.o(.ARM.Collect$$libinit$$00000030))

<P><STRONG><a name="[6f]"></a>__rt_lib_init_fp_1</STRONG> (Thumb, 0 bytes, Stack size unknown bytes, libinit2.o(.ARM.Collect$$libinit$$00000002))

<P><STRONG><a name="[70]"></a>__rt_lib_init_fp_trap_1</STRONG> (Thumb, 0 bytes, Stack size unknown bytes, libinit2.o(.ARM.Collect$$libinit$$0000001F))

<P><STRONG><a name="[71]"></a>__rt_lib_init_getenv_1</STRONG> (Thumb, 0 bytes, Stack size unknown bytes, libinit2.o(.ARM.Collect$$libinit$$00000023))

<P><STRONG><a name="[72]"></a>__rt_lib_init_heap_1</STRONG> (Thumb, 0 bytes, Stack size unknown bytes, libinit2.o(.ARM.Collect$$libinit$$0000000A))

<P><STRONG><a name="[73]"></a>__rt_lib_init_lc_collate_1</STRONG> (Thumb, 0 bytes, Stack size unknown bytes, libinit2.o(.ARM.Collect$$libinit$$00000011))

<P><STRONG><a name="[74]"></a>__rt_lib_init_lc_ctype_1</STRONG> (Thumb, 0 bytes, Stack size unknown bytes, libinit2.o(.ARM.Collect$$libinit$$00000013))

<P><STRONG><a name="[75]"></a>__rt_lib_init_lc_monetary_1</STRONG> (Thumb, 0 bytes, Stack size unknown bytes, libinit2.o(.ARM.Collect$$libinit$$00000015))

<P><STRONG><a name="[76]"></a>__rt_lib_init_lc_numeric_1</STRONG> (Thumb, 0 bytes, Stack size unknown bytes, libinit2.o(.ARM.Collect$$libinit$$00000017))

<P><STRONG><a name="[77]"></a>__rt_lib_init_lc_time_1</STRONG> (Thumb, 0 bytes, Stack size unknown bytes, libinit2.o(.ARM.Collect$$libinit$$00000019))

<P><STRONG><a name="[78]"></a>__rt_lib_init_preinit_1</STRONG> (Thumb, 0 bytes, Stack size unknown bytes, libinit2.o(.ARM.Collect$$libinit$$00000004))

<P><STRONG><a name="[79]"></a>__rt_lib_init_rand_1</STRONG> (Thumb, 0 bytes, Stack size unknown bytes, libinit2.o(.ARM.Collect$$libinit$$0000000E))

<P><STRONG><a name="[7a]"></a>__rt_lib_init_return</STRONG> (Thumb, 0 bytes, Stack size unknown bytes, libinit2.o(.ARM.Collect$$libinit$$00000033))

<P><STRONG><a name="[7b]"></a>__rt_lib_init_signal_1</STRONG> (Thumb, 0 bytes, Stack size unknown bytes, libinit2.o(.ARM.Collect$$libinit$$0000001D))

<P><STRONG><a name="[7c]"></a>__rt_lib_init_stdio_1</STRONG> (Thumb, 0 bytes, Stack size unknown bytes, libinit2.o(.ARM.Collect$$libinit$$00000025))

<P><STRONG><a name="[7d]"></a>__rt_lib_init_user_alloc_1</STRONG> (Thumb, 0 bytes, Stack size unknown bytes, libinit2.o(.ARM.Collect$$libinit$$0000000C))

<P><STRONG><a name="[3b]"></a>__rt_lib_shutdown</STRONG> (Thumb, 0 bytes, Stack size unknown bytes, libshutdown.o(.ARM.Collect$$libshutdown$$00000000))
<BR><BR>[Called By]<UL><LI><a href="#[3a]">&gt;&gt;</a>&nbsp;&nbsp;&nbsp;__rt_exit_ls
</UL>

<P><STRONG><a name="[7e]"></a>__rt_lib_shutdown_cpp_1</STRONG> (Thumb, 0 bytes, Stack size unknown bytes, libshutdown2.o(.ARM.Collect$$libshutdown$$00000002))

<P><STRONG><a name="[7f]"></a>__rt_lib_shutdown_fp_trap_1</STRONG> (Thumb, 0 bytes, Stack size unknown bytes, libshutdown2.o(.ARM.Collect$$libshutdown$$00000007))

<P><STRONG><a name="[80]"></a>__rt_lib_shutdown_heap_1</STRONG> (Thumb, 0 bytes, Stack size unknown bytes, libshutdown2.o(.ARM.Collect$$libshutdown$$0000000F))

<P><STRONG><a name="[81]"></a>__rt_lib_shutdown_return</STRONG> (Thumb, 0 bytes, Stack size unknown bytes, libshutdown2.o(.ARM.Collect$$libshutdown$$00000010))

<P><STRONG><a name="[82]"></a>__rt_lib_shutdown_signal_1</STRONG> (Thumb, 0 bytes, Stack size unknown bytes, libshutdown2.o(.ARM.Collect$$libshutdown$$0000000A))

<P><STRONG><a name="[83]"></a>__rt_lib_shutdown_stdio_1</STRONG> (Thumb, 0 bytes, Stack size unknown bytes, libshutdown2.o(.ARM.Collect$$libshutdown$$00000004))

<P><STRONG><a name="[84]"></a>__rt_lib_shutdown_user_alloc_1</STRONG> (Thumb, 0 bytes, Stack size unknown bytes, libshutdown2.o(.ARM.Collect$$libshutdown$$0000000C))

<P><STRONG><a name="[30]"></a>__rt_entry</STRONG> (Thumb, 0 bytes, Stack size unknown bytes, __rtentry.o(.ARM.Collect$$rtentry$$00000000))
<BR><BR>[Called By]<UL><LI><a href="#[2e]">&gt;&gt;</a>&nbsp;&nbsp;&nbsp;__main
<LI><a href="#[31]">&gt;&gt;</a>&nbsp;&nbsp;&nbsp;__scatterload_rt2
</UL>

<P><STRONG><a name="[85]"></a>__rt_entry_presh_1</STRONG> (Thumb, 0 bytes, Stack size unknown bytes, __rtentry2.o(.ARM.Collect$$rtentry$$00000002))

<P><STRONG><a name="[33]"></a>__rt_entry_sh</STRONG> (Thumb, 0 bytes, Stack size unknown bytes, __rtentry4.o(.ARM.Collect$$rtentry$$00000004))
<BR><BR>[Stack]<UL><LI>Max Depth = 8 + Unknown Stack Size
<LI>Call Chain = __rt_entry_sh &rArr; __user_setup_stackheap
</UL>
<BR>[Calls]<UL><LI><a href="#[34]">&gt;&gt;</a>&nbsp;&nbsp;&nbsp;__user_setup_stackheap
</UL>

<P><STRONG><a name="[35]"></a>__rt_entry_li</STRONG> (Thumb, 0 bytes, Stack size unknown bytes, __rtentry2.o(.ARM.Collect$$rtentry$$0000000A))
<BR><BR>[Calls]<UL><LI><a href="#[36]">&gt;&gt;</a>&nbsp;&nbsp;&nbsp;__rt_lib_init
</UL>

<P><STRONG><a name="[86]"></a>__rt_entry_postsh_1</STRONG> (Thumb, 0 bytes, Stack size unknown bytes, __rtentry2.o(.ARM.Collect$$rtentry$$00000009))

<P><STRONG><a name="[37]"></a>__rt_entry_main</STRONG> (Thumb, 0 bytes, Stack size unknown bytes, __rtentry2.o(.ARM.Collect$$rtentry$$0000000D))
<BR><BR>[Stack]<UL><LI>Max Depth = 184 + Unknown Stack Size
<LI>Call Chain = __rt_entry_main &rArr; main &rArr; ATIM_PWM_Init &rArr; LL_ATIM_OC_Init &rArr; OCConfig
</UL>
<BR>[Calls]<UL><LI><a href="#[38]">&gt;&gt;</a>&nbsp;&nbsp;&nbsp;main
<LI><a href="#[39]">&gt;&gt;</a>&nbsp;&nbsp;&nbsp;exit
</UL>

<P><STRONG><a name="[87]"></a>__rt_entry_postli_1</STRONG> (Thumb, 0 bytes, Stack size unknown bytes, __rtentry2.o(.ARM.Collect$$rtentry$$0000000C))

<P><STRONG><a name="[45]"></a>__rt_exit</STRONG> (Thumb, 0 bytes, Stack size unknown bytes, rtexit.o(.ARM.Collect$$rtexit$$00000000))
<BR><BR>[Called By]<UL><LI><a href="#[39]">&gt;&gt;</a>&nbsp;&nbsp;&nbsp;exit
</UL>

<P><STRONG><a name="[3a]"></a>__rt_exit_ls</STRONG> (Thumb, 0 bytes, Stack size unknown bytes, rtexit2.o(.ARM.Collect$$rtexit$$00000003))
<BR><BR>[Calls]<UL><LI><a href="#[3b]">&gt;&gt;</a>&nbsp;&nbsp;&nbsp;__rt_lib_shutdown
</UL>

<P><STRONG><a name="[88]"></a>__rt_exit_prels_1</STRONG> (Thumb, 0 bytes, Stack size unknown bytes, rtexit2.o(.ARM.Collect$$rtexit$$00000002))

<P><STRONG><a name="[3c]"></a>__rt_exit_exit</STRONG> (Thumb, 0 bytes, Stack size unknown bytes, rtexit2.o(.ARM.Collect$$rtexit$$00000004))
<BR><BR>[Calls]<UL><LI><a href="#[3d]">&gt;&gt;</a>&nbsp;&nbsp;&nbsp;_sys_exit
</UL>

<P><STRONG><a name="[6]"></a>Reset_Handler</STRONG> (Thumb, 8 bytes, Stack size 0 bytes, startup_fm33lc0xx.o(.text))
<BR>[Address Reference Count : 1]<UL><LI> startup_fm33lc0xx.o(RESET)
</UL>
<P><STRONG><a name="[7]"></a>NMI_Handler</STRONG> (Thumb, 2 bytes, Stack size 0 bytes, startup_fm33lc0xx.o(.text))
<BR><BR>[Calls]<UL><LI><a href="#[7]">&gt;&gt;</a>&nbsp;&nbsp;&nbsp;NMI_Handler
</UL>
<BR>[Called By]<UL><LI><a href="#[7]">&gt;&gt;</a>&nbsp;&nbsp;&nbsp;NMI_Handler
</UL>
<BR>[Address Reference Count : 1]<UL><LI> startup_fm33lc0xx.o(RESET)
</UL>
<P><STRONG><a name="[8]"></a>HardFault_Handler</STRONG> (Thumb, 2 bytes, Stack size 0 bytes, startup_fm33lc0xx.o(.text))
<BR><BR>[Calls]<UL><LI><a href="#[8]">&gt;&gt;</a>&nbsp;&nbsp;&nbsp;HardFault_Handler
</UL>
<BR>[Called By]<UL><LI><a href="#[8]">&gt;&gt;</a>&nbsp;&nbsp;&nbsp;HardFault_Handler
</UL>
<BR>[Address Reference Count : 1]<UL><LI> startup_fm33lc0xx.o(RESET)
</UL>
<P><STRONG><a name="[9]"></a>SVC_Handler</STRONG> (Thumb, 2 bytes, Stack size 0 bytes, startup_fm33lc0xx.o(.text))
<BR><BR>[Calls]<UL><LI><a href="#[9]">&gt;&gt;</a>&nbsp;&nbsp;&nbsp;SVC_Handler
</UL>
<BR>[Called By]<UL><LI><a href="#[9]">&gt;&gt;</a>&nbsp;&nbsp;&nbsp;SVC_Handler
</UL>
<BR>[Address Reference Count : 1]<UL><LI> startup_fm33lc0xx.o(RESET)
</UL>
<P><STRONG><a name="[a]"></a>PendSV_Handler</STRONG> (Thumb, 2 bytes, Stack size 0 bytes, startup_fm33lc0xx.o(.text))
<BR><BR>[Calls]<UL><LI><a href="#[a]">&gt;&gt;</a>&nbsp;&nbsp;&nbsp;PendSV_Handler
</UL>
<BR>[Called By]<UL><LI><a href="#[a]">&gt;&gt;</a>&nbsp;&nbsp;&nbsp;PendSV_Handler
</UL>
<BR>[Address Reference Count : 1]<UL><LI> startup_fm33lc0xx.o(RESET)
</UL>
<P><STRONG><a name="[b]"></a>SysTick_Handler</STRONG> (Thumb, 2 bytes, Stack size 0 bytes, startup_fm33lc0xx.o(.text))
<BR><BR>[Calls]<UL><LI><a href="#[b]">&gt;&gt;</a>&nbsp;&nbsp;&nbsp;SysTick_Handler
</UL>
<BR>[Called By]<UL><LI><a href="#[b]">&gt;&gt;</a>&nbsp;&nbsp;&nbsp;SysTick_Handler
</UL>
<BR>[Address Reference Count : 1]<UL><LI> startup_fm33lc0xx.o(RESET)
</UL>
<P><STRONG><a name="[11]"></a>ADC_IRQHandler</STRONG> (Thumb, 0 bytes, Stack size 0 bytes, startup_fm33lc0xx.o(.text))
<BR><BR>[Calls]<UL><LI><a href="#[11]">&gt;&gt;</a>&nbsp;&nbsp;&nbsp;ADC_IRQHandler
</UL>
<BR>[Called By]<UL><LI><a href="#[11]">&gt;&gt;</a>&nbsp;&nbsp;&nbsp;ADC_IRQHandler
</UL>
<BR>[Address Reference Count : 1]<UL><LI> startup_fm33lc0xx.o(RESET)
</UL>
<P><STRONG><a name="[1f]"></a>AES_IRQHandler</STRONG> (Thumb, 0 bytes, Stack size 0 bytes, startup_fm33lc0xx.o(.text))
<BR>[Address Reference Count : 1]<UL><LI> startup_fm33lc0xx.o(RESET)
</UL>
<P><STRONG><a name="[28]"></a>ATIM_IRQHandler</STRONG> (Thumb, 0 bytes, Stack size 0 bytes, startup_fm33lc0xx.o(.text))
<BR>[Address Reference Count : 1]<UL><LI> startup_fm33lc0xx.o(RESET)
</UL>
<P><STRONG><a name="[24]"></a>BSTIM_IRQHandler</STRONG> (Thumb, 0 bytes, Stack size 0 bytes, startup_fm33lc0xx.o(.text))
<BR>[Address Reference Count : 1]<UL><LI> startup_fm33lc0xx.o(RESET)
</UL>
<P><STRONG><a name="[25]"></a>COMPx_IRQHandler</STRONG> (Thumb, 0 bytes, Stack size 0 bytes, startup_fm33lc0xx.o(.text))
<BR>[Address Reference Count : 1]<UL><LI> startup_fm33lc0xx.o(RESET)
</UL>
<P><STRONG><a name="[21]"></a>DMA_IRQHandler</STRONG> (Thumb, 0 bytes, Stack size 0 bytes, startup_fm33lc0xx.o(.text))
<BR>[Address Reference Count : 1]<UL><LI> startup_fm33lc0xx.o(RESET)
</UL>
<P><STRONG><a name="[f]"></a>FLASH_IRQHandler</STRONG> (Thumb, 0 bytes, Stack size 0 bytes, startup_fm33lc0xx.o(.text))
<BR>[Address Reference Count : 1]<UL><LI> startup_fm33lc0xx.o(RESET)
</UL>
<P><STRONG><a name="[2a]"></a>GPIO_IRQHandler</STRONG> (Thumb, 0 bytes, Stack size 0 bytes, startup_fm33lc0xx.o(.text))
<BR>[Address Reference Count : 1]<UL><LI> startup_fm33lc0xx.o(RESET)
</UL>
<P><STRONG><a name="[26]"></a>GPTIM0_IRQHandler</STRONG> (Thumb, 0 bytes, Stack size 0 bytes, startup_fm33lc0xx.o(.text))
<BR>[Address Reference Count : 1]<UL><LI> startup_fm33lc0xx.o(RESET)
</UL>
<P><STRONG><a name="[27]"></a>GPTIM1_IRQHandler</STRONG> (Thumb, 0 bytes, Stack size 0 bytes, startup_fm33lc0xx.o(.text))
<BR>[Address Reference Count : 1]<UL><LI> startup_fm33lc0xx.o(RESET)
</UL>
<P><STRONG><a name="[1a]"></a>HFDET_IRQHandler</STRONG> (Thumb, 0 bytes, Stack size 0 bytes, startup_fm33lc0xx.o(.text))
<BR>[Address Reference Count : 1]<UL><LI> startup_fm33lc0xx.o(RESET)
</UL>
<P><STRONG><a name="[1d]"></a>I2C_IRQHandler</STRONG> (Thumb, 0 bytes, Stack size 0 bytes, startup_fm33lc0xx.o(.text))
<BR>[Address Reference Count : 1]<UL><LI> startup_fm33lc0xx.o(RESET)
</UL>
<P><STRONG><a name="[12]"></a>IWDT_IRQHandler</STRONG> (Thumb, 0 bytes, Stack size 0 bytes, startup_fm33lc0xx.o(.text))
<BR>[Address Reference Count : 1]<UL><LI> startup_fm33lc0xx.o(RESET)
</UL>
<P><STRONG><a name="[15]"></a>LCD_IRQHandler</STRONG> (Thumb, 0 bytes, Stack size 0 bytes, startup_fm33lc0xx.o(.text))
<BR>[Address Reference Count : 1]<UL><LI> startup_fm33lc0xx.o(RESET)
</UL>
<P><STRONG><a name="[10]"></a>LFDET_IRQHandler</STRONG> (Thumb, 0 bytes, Stack size 0 bytes, startup_fm33lc0xx.o(.text))
<BR>[Address Reference Count : 1]<UL><LI> startup_fm33lc0xx.o(RESET)
</UL>
<P><STRONG><a name="[20]"></a>LPTIM_IRQHandler</STRONG> (Thumb, 0 bytes, Stack size 0 bytes, startup_fm33lc0xx.o(.text))
<BR>[Address Reference Count : 1]<UL><LI> startup_fm33lc0xx.o(RESET)
</UL>
<P><STRONG><a name="[2b]"></a>LPUART0_IRQHandler</STRONG> (Thumb, 0 bytes, Stack size 0 bytes, startup_fm33lc0xx.o(.text))
<BR>[Address Reference Count : 1]<UL><LI> startup_fm33lc0xx.o(RESET)
</UL>
<P><STRONG><a name="[1c]"></a>LPUART1_IRQHandler</STRONG> (Thumb, 0 bytes, Stack size 0 bytes, startup_fm33lc0xx.o(.text))
<BR>[Address Reference Count : 1]<UL><LI> startup_fm33lc0xx.o(RESET)
</UL>
<P><STRONG><a name="[23]"></a>OPAx_IRQHandler</STRONG> (Thumb, 0 bytes, Stack size 0 bytes, startup_fm33lc0xx.o(.text))
<BR>[Address Reference Count : 1]<UL><LI> startup_fm33lc0xx.o(RESET)
</UL>
<P><STRONG><a name="[e]"></a>RTC_IRQHandler</STRONG> (Thumb, 0 bytes, Stack size 0 bytes, startup_fm33lc0xx.o(.text))
<BR>[Address Reference Count : 1]<UL><LI> startup_fm33lc0xx.o(RESET)
</UL>
<P><STRONG><a name="[13]"></a>SPI1_IRQHandler</STRONG> (Thumb, 0 bytes, Stack size 0 bytes, startup_fm33lc0xx.o(.text))
<BR>[Address Reference Count : 1]<UL><LI> startup_fm33lc0xx.o(RESET)
</UL>
<P><STRONG><a name="[14]"></a>SPI2_IRQHandler</STRONG> (Thumb, 0 bytes, Stack size 0 bytes, startup_fm33lc0xx.o(.text))
<BR>[Address Reference Count : 1]<UL><LI> startup_fm33lc0xx.o(RESET)
</UL>
<P><STRONG><a name="[d]"></a>SVD_IRQHandler</STRONG> (Thumb, 0 bytes, Stack size 0 bytes, startup_fm33lc0xx.o(.text))
<BR>[Address Reference Count : 1]<UL><LI> startup_fm33lc0xx.o(RESET)
</UL>
<P><STRONG><a name="[1b]"></a>U7816_IRQHandler</STRONG> (Thumb, 0 bytes, Stack size 0 bytes, startup_fm33lc0xx.o(.text))
<BR>[Address Reference Count : 1]<UL><LI> startup_fm33lc0xx.o(RESET)
</UL>
<P><STRONG><a name="[16]"></a>UART0_IRQHandler</STRONG> (Thumb, 0 bytes, Stack size 0 bytes, startup_fm33lc0xx.o(.text))
<BR>[Address Reference Count : 1]<UL><LI> startup_fm33lc0xx.o(RESET)
</UL>
<P><STRONG><a name="[17]"></a>UART1_IRQHandler</STRONG> (Thumb, 0 bytes, Stack size 0 bytes, startup_fm33lc0xx.o(.text))
<BR>[Address Reference Count : 1]<UL><LI> startup_fm33lc0xx.o(RESET)
</UL>
<P><STRONG><a name="[18]"></a>UART4_IRQHandler</STRONG> (Thumb, 0 bytes, Stack size 0 bytes, startup_fm33lc0xx.o(.text))
<BR>[Address Reference Count : 1]<UL><LI> startup_fm33lc0xx.o(RESET)
</UL>
<P><STRONG><a name="[19]"></a>UART5_IRQHandler</STRONG> (Thumb, 0 bytes, Stack size 0 bytes, startup_fm33lc0xx.o(.text))
<BR>[Address Reference Count : 1]<UL><LI> startup_fm33lc0xx.o(RESET)
</UL>
<P><STRONG><a name="[1e]"></a>USB_IRQHandler</STRONG> (Thumb, 0 bytes, Stack size 0 bytes, startup_fm33lc0xx.o(.text))
<BR>[Address Reference Count : 1]<UL><LI> startup_fm33lc0xx.o(RESET)
</UL>
<P><STRONG><a name="[29]"></a>VREF_IRQHandler</STRONG> (Thumb, 0 bytes, Stack size 0 bytes, startup_fm33lc0xx.o(.text))
<BR>[Address Reference Count : 1]<UL><LI> startup_fm33lc0xx.o(RESET)
</UL>
<P><STRONG><a name="[22]"></a>WKUP_IRQHandler</STRONG> (Thumb, 0 bytes, Stack size 0 bytes, startup_fm33lc0xx.o(.text))
<BR>[Address Reference Count : 1]<UL><LI> startup_fm33lc0xx.o(RESET)
</UL>
<P><STRONG><a name="[c]"></a>WWDT_IRQHandler</STRONG> (Thumb, 0 bytes, Stack size 0 bytes, startup_fm33lc0xx.o(.text))
<BR>[Address Reference Count : 1]<UL><LI> startup_fm33lc0xx.o(RESET)
</UL>
<P><STRONG><a name="[43]"></a>__user_initial_stackheap</STRONG> (Thumb, 0 bytes, Stack size unknown bytes, startup_fm33lc0xx.o(.text))
<BR><BR>[Called By]<UL><LI><a href="#[34]">&gt;&gt;</a>&nbsp;&nbsp;&nbsp;__user_setup_stackheap
</UL>

<P><STRONG><a name="[53]"></a>__aeabi_uldivmod</STRONG> (Thumb, 258 bytes, Stack size 32 bytes, lludiv.o(.text))
<BR><BR>[Stack]<UL><LI>Max Depth = 32<LI>Call Chain = __aeabi_uldivmod
</UL>
<BR>[Called By]<UL><LI><a href="#[51]">&gt;&gt;</a>&nbsp;&nbsp;&nbsp;DelayUs
</UL>

<P><STRONG><a name="[89]"></a>_ll_udiv</STRONG> (Thumb, 0 bytes, Stack size 32 bytes, lludiv.o(.text), UNUSED)

<P><STRONG><a name="[3f]"></a>_memset_w</STRONG> (Thumb, 26 bytes, Stack size 0 bytes, rt_memclr.o(.text), UNUSED)
<BR><BR>[Called By]<UL><LI><a href="#[41]">&gt;&gt;</a>&nbsp;&nbsp;&nbsp;__rt_memclr_w
<LI><a href="#[3e]">&gt;&gt;</a>&nbsp;&nbsp;&nbsp;_memset
</UL>

<P><STRONG><a name="[3e]"></a>_memset</STRONG> (Thumb, 30 bytes, Stack size 0 bytes, rt_memclr.o(.text), UNUSED)
<BR><BR>[Calls]<UL><LI><a href="#[3f]">&gt;&gt;</a>&nbsp;&nbsp;&nbsp;_memset_w
</UL>
<BR>[Called By]<UL><LI><a href="#[40]">&gt;&gt;</a>&nbsp;&nbsp;&nbsp;__aeabi_memclr
</UL>

<P><STRONG><a name="[40]"></a>__aeabi_memclr</STRONG> (Thumb, 4 bytes, Stack size 0 bytes, rt_memclr.o(.text), UNUSED)
<BR><BR>[Calls]<UL><LI><a href="#[3e]">&gt;&gt;</a>&nbsp;&nbsp;&nbsp;_memset
</UL>

<P><STRONG><a name="[8a]"></a>__rt_memclr</STRONG> (Thumb, 0 bytes, Stack size 0 bytes, rt_memclr.o(.text), UNUSED)

<P><STRONG><a name="[47]"></a>__aeabi_memclr4</STRONG> (Thumb, 0 bytes, Stack size 0 bytes, rt_memclr.o(.text))
<BR><BR>[Called By]<UL><LI><a href="#[5f]">&gt;&gt;</a>&nbsp;&nbsp;&nbsp;LedInit
<LI><a href="#[54]">&gt;&gt;</a>&nbsp;&nbsp;&nbsp;FoutInit
<LI><a href="#[46]">&gt;&gt;</a>&nbsp;&nbsp;&nbsp;ATIM_PWM_Init
<LI><a href="#[5c]">&gt;&gt;</a>&nbsp;&nbsp;&nbsp;LL_GPIO_ALLPIN_LPM_MODE
<LI><a href="#[61]">&gt;&gt;</a>&nbsp;&nbsp;&nbsp;MF_Clock_Init
</UL>

<P><STRONG><a name="[8b]"></a>__aeabi_memclr8</STRONG> (Thumb, 0 bytes, Stack size 0 bytes, rt_memclr.o(.text), UNUSED)

<P><STRONG><a name="[41]"></a>__rt_memclr_w</STRONG> (Thumb, 4 bytes, Stack size 0 bytes, rt_memclr.o(.text), UNUSED)
<BR><BR>[Calls]<UL><LI><a href="#[3f]">&gt;&gt;</a>&nbsp;&nbsp;&nbsp;_memset_w
</UL>

<P><STRONG><a name="[8c]"></a>__use_two_region_memory</STRONG> (Thumb, 2 bytes, Stack size 0 bytes, heapauxi.o(.text), UNUSED)

<P><STRONG><a name="[8d]"></a>__rt_heap_escrow$2region</STRONG> (Thumb, 2 bytes, Stack size 0 bytes, heapauxi.o(.text), UNUSED)

<P><STRONG><a name="[8e]"></a>__rt_heap_expand$2region</STRONG> (Thumb, 2 bytes, Stack size 0 bytes, heapauxi.o(.text), UNUSED)

<P><STRONG><a name="[34]"></a>__user_setup_stackheap</STRONG> (Thumb, 62 bytes, Stack size 8 bytes, sys_stackheap_outer.o(.text))
<BR><BR>[Stack]<UL><LI>Max Depth = 8 + Unknown Stack Size
<LI>Call Chain = __user_setup_stackheap
</UL>
<BR>[Calls]<UL><LI><a href="#[43]">&gt;&gt;</a>&nbsp;&nbsp;&nbsp;__user_initial_stackheap
<LI><a href="#[42]">&gt;&gt;</a>&nbsp;&nbsp;&nbsp;__user_perproc_libspace
</UL>
<BR>[Called By]<UL><LI><a href="#[33]">&gt;&gt;</a>&nbsp;&nbsp;&nbsp;__rt_entry_sh
</UL>

<P><STRONG><a name="[39]"></a>exit</STRONG> (Thumb, 16 bytes, Stack size 8 bytes, exit.o(.text))
<BR><BR>[Stack]<UL><LI>Max Depth = 8 + Unknown Stack Size
<LI>Call Chain = exit
</UL>
<BR>[Calls]<UL><LI><a href="#[45]">&gt;&gt;</a>&nbsp;&nbsp;&nbsp;__rt_exit
<LI><a href="#[44]">&gt;&gt;</a>&nbsp;&nbsp;&nbsp;_call_atexit_fns (Weak Reference)
</UL>
<BR>[Called By]<UL><LI><a href="#[37]">&gt;&gt;</a>&nbsp;&nbsp;&nbsp;__rt_entry_main
</UL>

<P><STRONG><a name="[8f]"></a>__user_libspace</STRONG> (Thumb, 8 bytes, Stack size 0 bytes, libspace.o(.text), UNUSED)

<P><STRONG><a name="[42]"></a>__user_perproc_libspace</STRONG> (Thumb, 0 bytes, Stack size 0 bytes, libspace.o(.text))
<BR><BR>[Called By]<UL><LI><a href="#[34]">&gt;&gt;</a>&nbsp;&nbsp;&nbsp;__user_setup_stackheap
</UL>

<P><STRONG><a name="[90]"></a>__user_perthread_libspace</STRONG> (Thumb, 0 bytes, Stack size 0 bytes, libspace.o(.text), UNUSED)

<P><STRONG><a name="[3d]"></a>_sys_exit</STRONG> (Thumb, 8 bytes, Stack size 0 bytes, sys_exit.o(.text))
<BR><BR>[Called By]<UL><LI><a href="#[3c]">&gt;&gt;</a>&nbsp;&nbsp;&nbsp;__rt_exit_exit
</UL>

<P><STRONG><a name="[91]"></a>__I$use$semihosting</STRONG> (Thumb, 0 bytes, Stack size 0 bytes, use_no_semi.o(.text), UNUSED)

<P><STRONG><a name="[92]"></a>__use_no_semihosting_swi</STRONG> (Thumb, 2 bytes, Stack size 0 bytes, use_no_semi.o(.text), UNUSED)

<P><STRONG><a name="[93]"></a>__semihosting_library_function</STRONG> (Thumb, 0 bytes, Stack size unknown bytes, indicate_semi.o(.text), UNUSED)

<P><STRONG><a name="[46]"></a>ATIM_PWM_Init</STRONG> (Thumb, 248 bytes, Stack size 136 bytes, atim.o(i.ATIM_PWM_Init))
<BR><BR>[Stack]<UL><LI>Max Depth = 184<LI>Call Chain = ATIM_PWM_Init &rArr; LL_ATIM_OC_Init &rArr; OCConfig
</UL>
<BR>[Calls]<UL><LI><a href="#[4a]">&gt;&gt;</a>&nbsp;&nbsp;&nbsp;LL_ATIM_OC_Init
<LI><a href="#[49]">&gt;&gt;</a>&nbsp;&nbsp;&nbsp;LL_ATIM_Init
<LI><a href="#[4b]">&gt;&gt;</a>&nbsp;&nbsp;&nbsp;LL_ATIM_BDTR_Init
<LI><a href="#[4c]">&gt;&gt;</a>&nbsp;&nbsp;&nbsp;LL_ATIM_EnableCounter
<LI><a href="#[48]">&gt;&gt;</a>&nbsp;&nbsp;&nbsp;LL_GPIO_Init
<LI><a href="#[47]">&gt;&gt;</a>&nbsp;&nbsp;&nbsp;__aeabi_memclr4
</UL>
<BR>[Called By]<UL><LI><a href="#[38]">&gt;&gt;</a>&nbsp;&nbsp;&nbsp;main
</UL>

<P><STRONG><a name="[50]"></a>DelayMs</STRONG> (Thumb, 24 bytes, Stack size 8 bytes, user_init.o(i.DelayMs))
<BR><BR>[Stack]<UL><LI>Max Depth = 56<LI>Call Chain = DelayMs &rArr; DelayUs &rArr; __aeabi_uldivmod
</UL>
<BR>[Calls]<UL><LI><a href="#[51]">&gt;&gt;</a>&nbsp;&nbsp;&nbsp;DelayUs
</UL>
<BR>[Called By]<UL><LI><a href="#[5f]">&gt;&gt;</a>&nbsp;&nbsp;&nbsp;LedInit
</UL>

<P><STRONG><a name="[51]"></a>DelayUs</STRONG> (Thumb, 66 bytes, Stack size 16 bytes, user_init.o(i.DelayUs))
<BR><BR>[Stack]<UL><LI>Max Depth = 48<LI>Call Chain = DelayUs &rArr; __aeabi_uldivmod
</UL>
<BR>[Calls]<UL><LI><a href="#[52]">&gt;&gt;</a>&nbsp;&nbsp;&nbsp;__ARM_common_ll_muluu
<LI><a href="#[53]">&gt;&gt;</a>&nbsp;&nbsp;&nbsp;__aeabi_uldivmod
</UL>
<BR>[Called By]<UL><LI><a href="#[50]">&gt;&gt;</a>&nbsp;&nbsp;&nbsp;DelayMs
</UL>

<P><STRONG><a name="[4b]"></a>LL_ATIM_BDTR_Init</STRONG> (Thumb, 570 bytes, Stack size 16 bytes, fm33lc0xx_ll_atim.o(i.LL_ATIM_BDTR_Init))
<BR><BR>[Stack]<UL><LI>Max Depth = 16<LI>Call Chain = LL_ATIM_BDTR_Init
</UL>
<BR>[Calls]<UL><LI><a href="#[55]">&gt;&gt;</a>&nbsp;&nbsp;&nbsp;LL_ATIM_GenerateEvent_UPDATE
</UL>
<BR>[Called By]<UL><LI><a href="#[46]">&gt;&gt;</a>&nbsp;&nbsp;&nbsp;ATIM_PWM_Init
</UL>

<P><STRONG><a name="[49]"></a>LL_ATIM_Init</STRONG> (Thumb, 376 bytes, Stack size 16 bytes, fm33lc0xx_ll_atim.o(i.LL_ATIM_Init))
<BR><BR>[Stack]<UL><LI>Max Depth = 16<LI>Call Chain = LL_ATIM_Init
</UL>
<BR>[Calls]<UL><LI><a href="#[56]">&gt;&gt;</a>&nbsp;&nbsp;&nbsp;LL_RCC_Group4_EnableBusClock
<LI><a href="#[57]">&gt;&gt;</a>&nbsp;&nbsp;&nbsp;LL_RCC_Group1_EnableOperationClock
<LI><a href="#[58]">&gt;&gt;</a>&nbsp;&nbsp;&nbsp;LL_ATIM_SetCounterAlignedMode
<LI><a href="#[55]">&gt;&gt;</a>&nbsp;&nbsp;&nbsp;LL_ATIM_GenerateEvent_UPDATE
</UL>
<BR>[Called By]<UL><LI><a href="#[46]">&gt;&gt;</a>&nbsp;&nbsp;&nbsp;ATIM_PWM_Init
</UL>

<P><STRONG><a name="[4a]"></a>LL_ATIM_OC_Init</STRONG> (Thumb, 502 bytes, Stack size 24 bytes, fm33lc0xx_ll_atim.o(i.LL_ATIM_OC_Init))
<BR><BR>[Stack]<UL><LI>Max Depth = 48<LI>Call Chain = LL_ATIM_OC_Init &rArr; OCConfig
</UL>
<BR>[Calls]<UL><LI><a href="#[5b]">&gt;&gt;</a>&nbsp;&nbsp;&nbsp;OCConfig
<LI><a href="#[5a]">&gt;&gt;</a>&nbsp;&nbsp;&nbsp;LL_ATIM_SetChannelMode
<LI><a href="#[55]">&gt;&gt;</a>&nbsp;&nbsp;&nbsp;LL_ATIM_GenerateEvent_UPDATE
<LI><a href="#[59]">&gt;&gt;</a>&nbsp;&nbsp;&nbsp;LL_ATIM_DisableNormalChannelOutput
</UL>
<BR>[Called By]<UL><LI><a href="#[46]">&gt;&gt;</a>&nbsp;&nbsp;&nbsp;ATIM_PWM_Init
</UL>

<P><STRONG><a name="[5c]"></a>LL_GPIO_ALLPIN_LPM_MODE</STRONG> (Thumb, 128 bytes, Stack size 24 bytes, fm33lc0xx_ll_gpio.o(i.LL_GPIO_ALLPIN_LPM_MODE))
<BR><BR>[Stack]<UL><LI>Max Depth = 44<LI>Call Chain = LL_GPIO_ALLPIN_LPM_MODE &rArr; LL_GPIO_Init
</UL>
<BR>[Calls]<UL><LI><a href="#[48]">&gt;&gt;</a>&nbsp;&nbsp;&nbsp;LL_GPIO_Init
<LI><a href="#[5d]">&gt;&gt;</a>&nbsp;&nbsp;&nbsp;LL_GPIO_StructInit
<LI><a href="#[5e]">&gt;&gt;</a>&nbsp;&nbsp;&nbsp;LL_GPIO_SetOutputPin
<LI><a href="#[47]">&gt;&gt;</a>&nbsp;&nbsp;&nbsp;__aeabi_memclr4
</UL>
<BR>[Called By]<UL><LI><a href="#[61]">&gt;&gt;</a>&nbsp;&nbsp;&nbsp;MF_Clock_Init
</UL>

<P><STRONG><a name="[48]"></a>LL_GPIO_Init</STRONG> (Thumb, 412 bytes, Stack size 20 bytes, fm33lc0xx_ll_gpio.o(i.LL_GPIO_Init))
<BR><BR>[Stack]<UL><LI>Max Depth = 20<LI>Call Chain = LL_GPIO_Init
</UL>
<BR>[Called By]<UL><LI><a href="#[5f]">&gt;&gt;</a>&nbsp;&nbsp;&nbsp;LedInit
<LI><a href="#[54]">&gt;&gt;</a>&nbsp;&nbsp;&nbsp;FoutInit
<LI><a href="#[46]">&gt;&gt;</a>&nbsp;&nbsp;&nbsp;ATIM_PWM_Init
<LI><a href="#[5c]">&gt;&gt;</a>&nbsp;&nbsp;&nbsp;LL_GPIO_ALLPIN_LPM_MODE
<LI><a href="#[61]">&gt;&gt;</a>&nbsp;&nbsp;&nbsp;MF_Clock_Init
</UL>

<P><STRONG><a name="[5d]"></a>LL_GPIO_StructInit</STRONG> (Thumb, 20 bytes, Stack size 0 bytes, fm33lc0xx_ll_gpio.o(i.LL_GPIO_StructInit))
<BR><BR>[Called By]<UL><LI><a href="#[5c]">&gt;&gt;</a>&nbsp;&nbsp;&nbsp;LL_GPIO_ALLPIN_LPM_MODE
</UL>

<P><STRONG><a name="[61]"></a>MF_Clock_Init</STRONG> (Thumb, 88 bytes, Stack size 24 bytes, mf_config.o(i.MF_Clock_Init))
<BR><BR>[Stack]<UL><LI>Max Depth = 68<LI>Call Chain = MF_Clock_Init &rArr; LL_GPIO_ALLPIN_LPM_MODE &rArr; LL_GPIO_Init
</UL>
<BR>[Calls]<UL><LI><a href="#[48]">&gt;&gt;</a>&nbsp;&nbsp;&nbsp;LL_GPIO_Init
<LI><a href="#[5c]">&gt;&gt;</a>&nbsp;&nbsp;&nbsp;LL_GPIO_ALLPIN_LPM_MODE
<LI><a href="#[47]">&gt;&gt;</a>&nbsp;&nbsp;&nbsp;__aeabi_memclr4
</UL>
<BR>[Called By]<UL><LI><a href="#[38]">&gt;&gt;</a>&nbsp;&nbsp;&nbsp;main
</UL>

<P><STRONG><a name="[65]"></a>MF_Config_Init</STRONG> (Thumb, 2 bytes, Stack size 0 bytes, mf_config.o(i.MF_Config_Init))
<BR><BR>[Called By]<UL><LI><a href="#[38]">&gt;&gt;</a>&nbsp;&nbsp;&nbsp;main
</UL>

<P><STRONG><a name="[64]"></a>MF_SystemClock_Config</STRONG> (Thumb, 2 bytes, Stack size 0 bytes, mf_config.o(i.MF_SystemClock_Config))
<BR><BR>[Called By]<UL><LI><a href="#[38]">&gt;&gt;</a>&nbsp;&nbsp;&nbsp;main
</UL>

<P><STRONG><a name="[2c]"></a>SystemInit</STRONG> (Thumb, 186 bytes, Stack size 0 bytes, system_fm33lc0xx.o(i.SystemInit))
<BR>[Address Reference Count : 1]<UL><LI> startup_fm33lc0xx.o(.text)
</UL>
<P><STRONG><a name="[62]"></a>UserInit</STRONG> (Thumb, 20 bytes, Stack size 8 bytes, user_init.o(i.UserInit))
<BR><BR>[Stack]<UL><LI>Max Depth = 96<LI>Call Chain = UserInit &rArr; LedInit &rArr; DelayMs &rArr; DelayUs &rArr; __aeabi_uldivmod
</UL>
<BR>[Calls]<UL><LI><a href="#[63]">&gt;&gt;</a>&nbsp;&nbsp;&nbsp;SystickInit
<LI><a href="#[5f]">&gt;&gt;</a>&nbsp;&nbsp;&nbsp;LedInit
<LI><a href="#[54]">&gt;&gt;</a>&nbsp;&nbsp;&nbsp;FoutInit
<LI><a href="#[4d]">&gt;&gt;</a>&nbsp;&nbsp;&nbsp;ClockInit
</UL>
<BR>[Called By]<UL><LI><a href="#[38]">&gt;&gt;</a>&nbsp;&nbsp;&nbsp;main
</UL>

<P><STRONG><a name="[52]"></a>__ARM_common_ll_muluu</STRONG> (Thumb, 48 bytes, Stack size 24 bytes, user_init.o(i.__ARM_common_ll_muluu))
<BR><BR>[Stack]<UL><LI>Max Depth = 24<LI>Call Chain = __ARM_common_ll_muluu
</UL>
<BR>[Called By]<UL><LI><a href="#[51]">&gt;&gt;</a>&nbsp;&nbsp;&nbsp;DelayUs
</UL>

<P><STRONG><a name="[38]"></a>main</STRONG> (Thumb, 24 bytes, Stack size 0 bytes, main.o(i.main))
<BR><BR>[Stack]<UL><LI>Max Depth = 184<LI>Call Chain = main &rArr; ATIM_PWM_Init &rArr; LL_ATIM_OC_Init &rArr; OCConfig
</UL>
<BR>[Calls]<UL><LI><a href="#[62]">&gt;&gt;</a>&nbsp;&nbsp;&nbsp;UserInit
<LI><a href="#[46]">&gt;&gt;</a>&nbsp;&nbsp;&nbsp;ATIM_PWM_Init
<LI><a href="#[64]">&gt;&gt;</a>&nbsp;&nbsp;&nbsp;MF_SystemClock_Config
<LI><a href="#[65]">&gt;&gt;</a>&nbsp;&nbsp;&nbsp;MF_Config_Init
<LI><a href="#[61]">&gt;&gt;</a>&nbsp;&nbsp;&nbsp;MF_Clock_Init
</UL>
<BR>[Called By]<UL><LI><a href="#[37]">&gt;&gt;</a>&nbsp;&nbsp;&nbsp;__rt_entry_main
</UL>
<P>
<H3>
Local Symbols
</H3>
<P><STRONG><a name="[4d]"></a>ClockInit</STRONG> (Thumb, 316 bytes, Stack size 8 bytes, user_init.o(i.ClockInit))
<BR><BR>[Stack]<UL><LI>Max Depth = 8<LI>Call Chain = ClockInit
</UL>
<BR>[Calls]<UL><LI><a href="#[4f]">&gt;&gt;</a>&nbsp;&nbsp;&nbsp;LL_RCC_SetRCHFTrimValue
<LI><a href="#[4e]">&gt;&gt;</a>&nbsp;&nbsp;&nbsp;LL_RCC_SetRCHFFrequency
</UL>
<BR>[Called By]<UL><LI><a href="#[62]">&gt;&gt;</a>&nbsp;&nbsp;&nbsp;UserInit
</UL>

<P><STRONG><a name="[54]"></a>FoutInit</STRONG> (Thumb, 58 bytes, Stack size 24 bytes, user_init.o(i.FoutInit))
<BR><BR>[Stack]<UL><LI>Max Depth = 44<LI>Call Chain = FoutInit &rArr; LL_GPIO_Init
</UL>
<BR>[Calls]<UL><LI><a href="#[48]">&gt;&gt;</a>&nbsp;&nbsp;&nbsp;LL_GPIO_Init
<LI><a href="#[47]">&gt;&gt;</a>&nbsp;&nbsp;&nbsp;__aeabi_memclr4
</UL>
<BR>[Called By]<UL><LI><a href="#[62]">&gt;&gt;</a>&nbsp;&nbsp;&nbsp;UserInit
</UL>

<P><STRONG><a name="[60]"></a>LL_GPIO_ResetOutputPin</STRONG> (Thumb, 10 bytes, Stack size 0 bytes, user_init.o(i.LL_GPIO_ResetOutputPin))
<BR><BR>[Called By]<UL><LI><a href="#[5f]">&gt;&gt;</a>&nbsp;&nbsp;&nbsp;LedInit
</UL>

<P><STRONG><a name="[4e]"></a>LL_RCC_SetRCHFFrequency</STRONG> (Thumb, 18 bytes, Stack size 0 bytes, user_init.o(i.LL_RCC_SetRCHFFrequency))
<BR><BR>[Called By]<UL><LI><a href="#[4d]">&gt;&gt;</a>&nbsp;&nbsp;&nbsp;ClockInit
</UL>

<P><STRONG><a name="[4f]"></a>LL_RCC_SetRCHFTrimValue</STRONG> (Thumb, 16 bytes, Stack size 0 bytes, user_init.o(i.LL_RCC_SetRCHFTrimValue))
<BR><BR>[Called By]<UL><LI><a href="#[4d]">&gt;&gt;</a>&nbsp;&nbsp;&nbsp;ClockInit
</UL>

<P><STRONG><a name="[5f]"></a>LedInit</STRONG> (Thumb, 92 bytes, Stack size 32 bytes, user_init.o(i.LedInit))
<BR><BR>[Stack]<UL><LI>Max Depth = 88<LI>Call Chain = LedInit &rArr; DelayMs &rArr; DelayUs &rArr; __aeabi_uldivmod
</UL>
<BR>[Calls]<UL><LI><a href="#[50]">&gt;&gt;</a>&nbsp;&nbsp;&nbsp;DelayMs
<LI><a href="#[60]">&gt;&gt;</a>&nbsp;&nbsp;&nbsp;LL_GPIO_ResetOutputPin
<LI><a href="#[48]">&gt;&gt;</a>&nbsp;&nbsp;&nbsp;LL_GPIO_Init
<LI><a href="#[47]">&gt;&gt;</a>&nbsp;&nbsp;&nbsp;__aeabi_memclr4
</UL>
<BR>[Called By]<UL><LI><a href="#[62]">&gt;&gt;</a>&nbsp;&nbsp;&nbsp;UserInit
</UL>

<P><STRONG><a name="[63]"></a>SystickInit</STRONG> (Thumb, 32 bytes, Stack size 0 bytes, user_init.o(i.SystickInit))
<BR><BR>[Called By]<UL><LI><a href="#[62]">&gt;&gt;</a>&nbsp;&nbsp;&nbsp;UserInit
</UL>

<P><STRONG><a name="[4c]"></a>LL_ATIM_EnableCounter</STRONG> (Thumb, 10 bytes, Stack size 0 bytes, atim.o(i.LL_ATIM_EnableCounter))
<BR><BR>[Called By]<UL><LI><a href="#[46]">&gt;&gt;</a>&nbsp;&nbsp;&nbsp;ATIM_PWM_Init
</UL>

<P><STRONG><a name="[59]"></a>LL_ATIM_DisableNormalChannelOutput</STRONG> (Thumb, 16 bytes, Stack size 8 bytes, fm33lc0xx_ll_atim.o(i.LL_ATIM_DisableNormalChannelOutput))
<BR><BR>[Stack]<UL><LI>Max Depth = 8<LI>Call Chain = LL_ATIM_DisableNormalChannelOutput
</UL>
<BR>[Called By]<UL><LI><a href="#[4a]">&gt;&gt;</a>&nbsp;&nbsp;&nbsp;LL_ATIM_OC_Init
</UL>

<P><STRONG><a name="[55]"></a>LL_ATIM_GenerateEvent_UPDATE</STRONG> (Thumb, 10 bytes, Stack size 0 bytes, fm33lc0xx_ll_atim.o(i.LL_ATIM_GenerateEvent_UPDATE))
<BR><BR>[Called By]<UL><LI><a href="#[4a]">&gt;&gt;</a>&nbsp;&nbsp;&nbsp;LL_ATIM_OC_Init
<LI><a href="#[49]">&gt;&gt;</a>&nbsp;&nbsp;&nbsp;LL_ATIM_Init
<LI><a href="#[4b]">&gt;&gt;</a>&nbsp;&nbsp;&nbsp;LL_ATIM_BDTR_Init
</UL>

<P><STRONG><a name="[5a]"></a>LL_ATIM_SetChannelMode</STRONG> (Thumb, 54 bytes, Stack size 12 bytes, fm33lc0xx_ll_atim.o(i.LL_ATIM_SetChannelMode))
<BR><BR>[Stack]<UL><LI>Max Depth = 12<LI>Call Chain = LL_ATIM_SetChannelMode
</UL>
<BR>[Called By]<UL><LI><a href="#[4a]">&gt;&gt;</a>&nbsp;&nbsp;&nbsp;LL_ATIM_OC_Init
</UL>

<P><STRONG><a name="[58]"></a>LL_ATIM_SetCounterAlignedMode</STRONG> (Thumb, 12 bytes, Stack size 0 bytes, fm33lc0xx_ll_atim.o(i.LL_ATIM_SetCounterAlignedMode))
<BR><BR>[Called By]<UL><LI><a href="#[49]">&gt;&gt;</a>&nbsp;&nbsp;&nbsp;LL_ATIM_Init
</UL>

<P><STRONG><a name="[57]"></a>LL_RCC_Group1_EnableOperationClock</STRONG> (Thumb, 12 bytes, Stack size 0 bytes, fm33lc0xx_ll_atim.o(i.LL_RCC_Group1_EnableOperationClock))
<BR><BR>[Called By]<UL><LI><a href="#[49]">&gt;&gt;</a>&nbsp;&nbsp;&nbsp;LL_ATIM_Init
</UL>

<P><STRONG><a name="[56]"></a>LL_RCC_Group4_EnableBusClock</STRONG> (Thumb, 12 bytes, Stack size 0 bytes, fm33lc0xx_ll_atim.o(i.LL_RCC_Group4_EnableBusClock))
<BR><BR>[Called By]<UL><LI><a href="#[49]">&gt;&gt;</a>&nbsp;&nbsp;&nbsp;LL_ATIM_Init
</UL>

<P><STRONG><a name="[5b]"></a>OCConfig</STRONG> (Thumb, 428 bytes, Stack size 24 bytes, fm33lc0xx_ll_atim.o(i.OCConfig))
<BR><BR>[Stack]<UL><LI>Max Depth = 24<LI>Call Chain = OCConfig
</UL>
<BR>[Called By]<UL><LI><a href="#[4a]">&gt;&gt;</a>&nbsp;&nbsp;&nbsp;LL_ATIM_OC_Init
</UL>

<P><STRONG><a name="[5e]"></a>LL_GPIO_SetOutputPin</STRONG> (Thumb, 10 bytes, Stack size 0 bytes, fm33lc0xx_ll_gpio.o(i.LL_GPIO_SetOutputPin))
<BR><BR>[Called By]<UL><LI><a href="#[5c]">&gt;&gt;</a>&nbsp;&nbsp;&nbsp;LL_GPIO_ALLPIN_LPM_MODE
</UL>
<P>
<H3>
Undefined Global Symbols
</H3>
<P><STRONG><a name="[44]"></a>_call_atexit_fns</STRONG> (ARM, 0 bytes, Stack size 0 bytes, UNDEFINED)
<BR><BR>[Called By]<UL><LI><a href="#[39]">&gt;&gt;</a>&nbsp;&nbsp;&nbsp;exit
</UL>
<HR></body></html>
