Component: ARM Compiler 5.06 update 1 (build 61) Tool: armlink [4d35a8]

==============================================================================

Section Cross References

    startup_fm33lc0xx.o(STACK) refers (Special) to heapauxi.o(.text) for __use_two_region_memory
    startup_fm33lc0xx.o(HEAP) refers (Special) to heapauxi.o(.text) for __use_two_region_memory
    startup_fm33lc0xx.o(RESET) refers (Special) to heapauxi.o(.text) for __use_two_region_memory
    startup_fm33lc0xx.o(RESET) refers to startup_fm33lc0xx.o(STACK) for __initial_sp
    startup_fm33lc0xx.o(RESET) refers to startup_fm33lc0xx.o(.text) for Reset_Handler
    startup_fm33lc0xx.o(.text) refers (Special) to heapauxi.o(.text) for __use_two_region_memory
    startup_fm33lc0xx.o(.text) refers to system_fm33lc0xx.o(i.SystemInit) for SystemInit
    startup_fm33lc0xx.o(.text) refers to __main.o(!!!main) for __main
    startup_fm33lc0xx.o(.text) refers to startup_fm33lc0xx.o(HEAP) for Heap_Mem
    startup_fm33lc0xx.o(.text) refers to startup_fm33lc0xx.o(STACK) for Stack_Mem
    mf_config.o(i.MF_Clock_Init) refers to rt_memclr.o(.text) for __aeabi_memclr4
    mf_config.o(i.MF_Clock_Init) refers to fm33lc0xx_ll_gpio.o(i.LL_GPIO_Init) for LL_GPIO_Init
    main.o(i.main) refers to mf_config.o(i.MF_Clock_Init) for MF_Clock_Init
    main.o(i.main) refers to mf_config.o(i.MF_SystemClock_Config) for MF_SystemClock_Config
    main.o(i.main) refers to mf_config.o(i.MF_Config_Init) for MF_Config_Init
    main.o(i.main) refers to user_init.o(i.UserInit) for UserInit
    main.o(i.main) refers to lcd.o(i.LcdInit) for LcdInit
    main.o(i.main) refers to lcd.o(i.LcdDisplayAll) for LcdDisplayAll
    main.o(i.main) refers to user_init.o(i.DelayMs) for DelayMs
    main.o(i.main) refers to lcd.o(i.LcdDisplayBIT) for LcdDisplayBIT
    main.o(i.main) refers to lcd.o(i.LcdDisplayNumber) for LcdDisplayNumber
    main.o(i.main) refers to main.o(.data) for number
    user_init.o(i.ClockInit) refers to user_init.o(i.LL_RCC_SetRCHFFrequency) for LL_RCC_SetRCHFFrequency
    user_init.o(i.ClockInit) refers to user_init.o(i.LL_RCC_SetRCHFTrimValue) for LL_RCC_SetRCHFTrimValue
    user_init.o(i.ClockInit) refers to user_init.o(.data) for systemClock
    user_init.o(i.DelayMs) refers to user_init.o(i.DelayUs) for DelayUs
    user_init.o(i.DelayUs) refers to user_init.o(i.__ARM_common_ll_muluu) for __ARM_common_ll_muluu
    user_init.o(i.DelayUs) refers to lludiv.o(.text) for __aeabi_uldivmod
    user_init.o(i.DelayUs) refers to user_init.o(.data) for systemClock
    user_init.o(i.FoutInit) refers to rt_memclr.o(.text) for __aeabi_memclr4
    user_init.o(i.FoutInit) refers to fm33lc0xx_ll_gpio.o(i.LL_GPIO_Init) for LL_GPIO_Init
    user_init.o(i.LedInit) refers to rt_memclr.o(.text) for __aeabi_memclr4
    user_init.o(i.LedInit) refers to user_init.o(i.LL_GPIO_ResetOutputPin) for LL_GPIO_ResetOutputPin
    user_init.o(i.LedInit) refers to fm33lc0xx_ll_gpio.o(i.LL_GPIO_Init) for LL_GPIO_Init
    user_init.o(i.LedInit) refers to user_init.o(i.DelayMs) for DelayMs
    user_init.o(i.UserInit) refers to user_init.o(i.ClockInit) for ClockInit
    user_init.o(i.UserInit) refers to user_init.o(i.SystickInit) for SystickInit
    user_init.o(i.UserInit) refers to user_init.o(i.LedInit) for LedInit
    user_init.o(i.UserInit) refers to user_init.o(i.FoutInit) for FoutInit
    lcd.o(i.LcdDisplayAll) refers to lcd.o(i.LL_LCD_SetDisplayData) for LL_LCD_SetDisplayData
    lcd.o(i.LcdDisplayBIT) refers to lcd.o(i.LcdDisplayRefresh) for LcdDisplayRefresh
    lcd.o(i.LcdDisplayBIT) refers to lcd.o(.bss) for dispBuf
    lcd.o(i.LcdDisplayNumber) refers to aeabi_sdiv.o(.text) for __aeabi_uidivmod
    lcd.o(i.LcdDisplayNumber) refers to lcd.o(i.__ARM_common_switch8) for __ARM_common_switch8
    lcd.o(i.LcdDisplayNumber) refers to lcd.o(.constdata) for FONT_CODE_TABLE
    lcd.o(i.LcdDisplayNumber) refers to lcd.o(.bss) for dispBuf
    lcd.o(i.LcdDisplayNumber) refers to lcd.o(i.LcdDisplayRefresh) for LcdDisplayRefresh
    lcd.o(i.LcdDisplayRefresh) refers to lcd.o(i.LL_LCD_SetDisplayData) for LL_LCD_SetDisplayData
    lcd.o(i.LcdDisplayRefresh) refers to lcd.o(.bss) for dispBuf
    lcd.o(i.LcdInit) refers to fm33lc0xx_ll_gpio.o(i.LL_GPIO_Init) for LL_GPIO_Init
    lcd.o(i.LcdInit) refers to fm33lc0xx_ll_lcd.o(i.LL_LCD_Init) for LL_LCD_Init
    lcd.o(i.LcdInit) refers to lcd.o(i.LL_LCD_EnableComPin) for LL_LCD_EnableComPin
    lcd.o(i.LcdInit) refers to lcd.o(i.LL_LCD_EnableSegPin) for LL_LCD_EnableSegPin
    fm33lc0xx_ll_adc.o(i.LL_ADC_DeInit) refers to fm33lc0xx_ll_adc.o(i.LL_RCC_EnableResetAPB2Peripheral) for LL_RCC_EnableResetAPB2Peripheral
    fm33lc0xx_ll_adc.o(i.LL_ADC_DeInit) refers to fm33lc0xx_ll_adc.o(i.LL_RCC_DisableResetAPB2Peripheral) for LL_RCC_DisableResetAPB2Peripheral
    fm33lc0xx_ll_adc.o(i.LL_ADC_Init) refers to user_init.o(i.DelayMs) for DelayMs
[...]
    fm33lc0xx_ll_uart.o(i.LL_UART_Init) refers to fm33lc0xx_ll_rcc.o(i.LL_RCC_GetAPB1ClockFreq) for LL_RCC_GetAPB1ClockFreq
    fm33lc0xx_ll_uart.o(i.LL_UART_Init) refers to fm33lc0xx_ll_rcc.o(i.LL_RCC_GetRCHFClockFreq) for LL_RCC_GetRCHFClockFreq
    fm33lc0xx_ll_uart.o(i.LL_UART_Init) refers to fm33lc0xx_ll_rcc.o(i.LL_RCC_GetRC4MClockFreq) for LL_RCC_GetRC4MClockFreq
    fm33lc0xx_ll_uart.o(i.LL_UART_Init) refers to aeabi_sdiv.o(.text) for __aeabi_uidivmod
    fm33lc0xx_ll_uart.o(i.LL_UART_Init) refers to fm33lc0xx_ll_uart.o(i.LL_RCC_Group3_EnableBusClock) for LL_RCC_Group3_EnableBusClock
    fm33lc0xx_ll_uart.o(i.LL_UART_Init) refers to fm33lc0xx_ll_uart.o(i.LL_RCC_Group1_EnableOperationClock) for LL_RCC_Group1_EnableOperationClock
    fm33lc0xx_ll_uart.o(i.LL_UART_Init) refers to fm33lc0xx_ll_rcc.o(i.LL_RCC_GetAPB2ClockFreq) for LL_RCC_GetAPB2ClockFreq
    __main.o(!!!main) refers to __rtentry.o(.ARM.Collect$$rtentry$$00000000) for __rt_entry
    d2f.o(.text) refers (Special) to usenofp.o(x$fpl$usenofp) for __I$use$fp
    daddsub.o(.text) refers (Special) to usenofp.o(x$fpl$usenofp) for __I$use$fp
    ddiv.o(.text) refers (Special) to usenofp.o(x$fpl$usenofp) for __I$use$fp
    ddiv.o(.text) refers to ddiv.o(.constdata) for .constdata
    ddiv.o(.constdata) refers (Special) to usenofp.o(x$fpl$usenofp) for __I$use$fp
    dfixui.o(.text) refers (Special) to usenofp.o(x$fpl$usenofp) for __I$use$fp
    dflti.o(.text) refers (Special) to usenofp.o(x$fpl$usenofp) for __I$use$fp
    dmul.o(.text) refers (Special) to usenofp.o(x$fpl$usenofp) for __I$use$fp
    f2d.o(.text) refers (Special) to usenofp.o(x$fpl$usenofp) for __I$use$fp
    fdiv.o(.text) refers (Special) to usenofp.o(x$fpl$usenofp) for __I$use$fp
    fdiv.o(.text) refers to fdiv.o(.constdata) for .constdata
    fdiv.o(.constdata) refers (Special) to usenofp.o(x$fpl$usenofp) for __I$use$fp
    fflti.o(.text) refers (Special) to usenofp.o(x$fpl$usenofp) for __I$use$fp
    __rtentry.o(.ARM.Collect$$rtentry$$00000000) refers (Special) to __rtentry2.o(.ARM.Collect$$rtentry$$0000000A) for __rt_entry_li
    __rtentry.o(.ARM.Collect$$rtentry$$00000000) refers (Special) to __rtentry2.o(.ARM.Collect$$rtentry$$0000000D) for __rt_entry_main
    __rtentry.o(.ARM.Collect$$rtentry$$00000000) refers (Special) to __rtentry2.o(.ARM.Collect$$rtentry$$0000000C) for __rt_entry_postli_1
    __rtentry.o(.ARM.Collect$$rtentry$$00000000) refers (Special) to __rtentry2.o(.ARM.Collect$$rtentry$$00000009) for __rt_entry_postsh_1
    __rtentry.o(.ARM.Collect$$rtentry$$00000000) refers (Special) to __rtentry2.o(.ARM.Collect$$rtentry$$00000002) for __rt_entry_presh_1
    __rtentry.o(.ARM.Collect$$rtentry$$00000000) refers (Special) to __rtentry4.o(.ARM.Collect$$rtentry$$00000004) for __rt_entry_sh
    aeabi_idiv0_sigfpe.o(.text) refers to rt_div0.o(.text) for __rt_div0
    aeabi_ldiv0_sigfpe.o(.text) refers to rt_div0.o(.text) for __rt_div0
    __rtentry2.o(.ARM.Collect$$rtentry$$00000008) refers to boardinit2.o(.text) for _platform_post_stackheap_init
    __rtentry2.o(.ARM.Collect$$rtentry$$0000000A) refers to libinit.o(.ARM.Collect$$libinit$$00000000) for __rt_lib_init
    __rtentry2.o(.ARM.Collect$$rtentry$$0000000B) refers to boardinit3.o(.text) for _platform_post_lib_init
    __rtentry2.o(.ARM.Collect$$rtentry$$0000000D) refers to main.o(i.main) for main
    __rtentry2.o(.ARM.Collect$$rtentry$$0000000D) refers to exit.o(.text) for exit
    __rtentry2.o(.ARM.exidx) refers to __rtentry2.o(.ARM.Collect$$rtentry$$00000001) for .ARM.Collect$$rtentry$$00000001
    __rtentry2.o(.ARM.exidx) refers to __rtentry2.o(.ARM.Collect$$rtentry$$00000008) for .ARM.Collect$$rtentry$$00000008
    __rtentry2.o(.ARM.exidx) refers to __rtentry2.o(.ARM.Collect$$rtentry$$0000000A) for .ARM.Collect$$rtentry$$0000000A
    __rtentry2.o(.ARM.exidx) refers to __rtentry2.o(.ARM.Collect$$rtentry$$0000000B) for .ARM.Collect$$rtentry$$0000000B
    __rtentry2.o(.ARM.exidx) refers to __rtentry2.o(.ARM.Collect$$rtentry$$0000000D) for .ARM.Collect$$rtentry$$0000000D
    __rtentry4.o(.ARM.Collect$$rtentry$$00000004) refers to sys_stackheap_outer.o(.text) for __user_setup_stackheap
    __rtentry4.o(.ARM.exidx) refers to __rtentry4.o(.ARM.Collect$$rtentry$$00000004) for .ARM.Collect$$rtentry$$00000004
    rt_div0.o(.text) refers to defsig_fpe_outer.o(.text) for __rt_SIGFPE
    sys_stackheap_outer.o(.text) refers to libspace.o(.text) for __user_perproc_libspace
    sys_stackheap_outer.o(.text) refers to startup_fm33lc0xx.o(.text) for __user_initial_stackheap
    sys_stackheap_outer.o(__vectab_stack_and_reset_area) refers to tempstk.o(.text) for __temporary_stack_top
    sys_stackheap_outer.o(__vectab_stack_and_reset_area) refers to __main.o(!!!main) for __main
    exit.o(.text) refers to rtexit.o(.ARM.Collect$$rtexit$$00000000) for __rt_exit
    defsig_fpe_outer.o(.text) refers to defsig_fpe_inner.o(.text) for __rt_SIGFPE_inner
    defsig_fpe_outer.o(.text) refers to defsig_exit.o(.text) for __sig_exit
    defsig_fpe_formal.o(.text) refers to rt_raise.o(.text) for __rt_raise
    libinit.o(.ARM.Collect$$libinit$$00000000) refers (Special) to libinit2.o(.ARM.Collect$$libinit$$0000002E) for __rt_lib_init_alloca_1
    libinit.o(.ARM.Collect$$libinit$$00000000) refers (Special) to libinit2.o(.ARM.Collect$$libinit$$0000002C) for __rt_lib_init_argv_1
    libinit.o(.ARM.Collect$$libinit$$00000000) refers (Special) to libinit2.o(.ARM.Collect$$libinit$$0000001B) for __rt_lib_init_atexit_1
    libinit.o(.ARM.Collect$$libinit$$00000000) refers (Special) to libinit2.o(.ARM.Collect$$libinit$$00000021) for __rt_lib_init_clock_1
    libinit.o(.ARM.Collect$$libinit$$00000000) refers (Special) to libinit2.o(.ARM.Collect$$libinit$$00000032) for __rt_lib_init_cpp_1
    libinit.o(.ARM.Collect$$libinit$$00000000) refers (Special) to libinit2.o(.ARM.Collect$$libinit$$00000030) for __rt_lib_init_exceptions_1
    libinit.o(.ARM.Collect$$libinit$$00000000) refers (Special) to libinit2.o(.ARM.Collect$$libinit$$00000002) for __rt_lib_init_fp_1
    libinit.o(.ARM.Collect$$libinit$$00000000) refers (Special) to libinit2.o(.ARM.Collect$$libinit$$0000001F) for __rt_lib_init_fp_trap_1
    libinit.o(.ARM.Collect$$libinit$$00000000) refers (Special) to libinit2.o(.ARM.Collect$$libinit$$00000023) for __rt_lib_init_getenv_1
    libinit.o(.ARM.Collect$$libinit$$00000000) refers (Special) to libinit2.o(.ARM.Collect$$libinit$$0000000A) for __rt_lib_init_heap_1
    libinit.o(.ARM.Collect$$libinit$$00000000) refers (Special) to libinit2.o(.ARM.Collect$$libinit$$00000011) for __rt_lib_init_lc_collate_1
    libinit.o(.ARM.Collect$$libinit$$00000000) refers (Special) to libinit2.o(.ARM.Collect$$libinit$$00000013) for __rt_lib_init_lc_ctype_1
    libinit.o(.ARM.Collect$$libinit$$00000000) refers (Special) to libinit2.o(.ARM.Collect$$libinit$$00000015) for __rt_lib_init_lc_monetary_1
    libinit.o(.ARM.Collect$$libinit$$00000000) refers (Special) to libinit2.o(.ARM.Collect$$libinit$$00000017) for __rt_lib_init_lc_numeric_1
    libinit.o(.ARM.Collect$$libinit$$00000000) refers (Special) to libinit2.o(.ARM.Collect$$libinit$$00000019) for __rt_lib_init_lc_time_1
    libinit.o(.ARM.Collect$$libinit$$00000000) refers (Special) to libinit2.o(.ARM.Collect$$libinit$$00000004) for __rt_lib_init_preinit_1
    libinit.o(.ARM.Collect$$libinit$$00000000) refers (Special) to libinit2.o(.ARM.Collect$$libinit$$0000000E) for __rt_lib_init_rand_1
    libinit.o(.ARM.Collect$$libinit$$00000000) refers (Special) to libinit2.o(.ARM.Collect$$libinit$$00000033) for __rt_lib_init_return
    libinit.o(.ARM.Collect$$libinit$$00000000) refers (Special) to libinit2.o(.ARM.Collect$$libinit$$0000001D) for __rt_lib_init_signal_1
    libinit.o(.ARM.Collect$$libinit$$00000000) refers (Special) to libinit2.o(.ARM.Collect$$libinit$$00000025) for __rt_lib_init_stdio_1
    libinit.o(.ARM.Collect$$libinit$$00000000) refers (Special) to libinit2.o(.ARM.Collect$$libinit$$0000000C) for __rt_lib_init_user_alloc_1
    libspace.o(.text) refers to libspace.o(.bss) for __libspace_start
    rtexit.o(.ARM.Collect$$rtexit$$00000000) refers (Special) to rtexit2.o(.ARM.Collect$$rtexit$$00000004) for __rt_exit_exit
    rtexit.o(.ARM.Collect$$rtexit$$00000000) refers (Special) to rtexit2.o(.ARM.Collect$$rtexit$$00000003) for __rt_exit_ls
    rtexit.o(.ARM.Collect$$rtexit$$00000000) refers (Special) to rtexit2.o(.ARM.Collect$$rtexit$$00000002) for __rt_exit_prels_1
    rtexit.o(.ARM.exidx) refers (Special) to rtexit2.o(.ARM.Collect$$rtexit$$00000004) for __rt_exit_exit
    rtexit.o(.ARM.exidx) refers (Special) to rtexit2.o(.ARM.Collect$$rtexit$$00000003) for __rt_exit_ls
    rtexit.o(.ARM.exidx) refers (Special) to rtexit2.o(.ARM.Collect$$rtexit$$00000002) for __rt_exit_prels_1
    rtexit.o(.ARM.exidx) refers to rtexit.o(.ARM.Collect$$rtexit$$00000000) for .ARM.Collect$$rtexit$$00000000
    rt_raise.o(.text) refers to __raise.o(.text) for __raise
    rt_raise.o(.text) refers to sys_exit.o(.text) for _sys_exit
    defsig_exit.o(.text) refers to sys_exit.o(.text) for _sys_exit
    defsig_fpe_inner.o(.text) refers to defsig_general.o(.text) for __default_signal_display
    libinit2.o(.ARM.Collect$$libinit$$00000010) refers to libinit2.o(.ARM.Collect$$libinit$$0000000F) for .ARM.Collect$$libinit$$0000000F
    libinit2.o(.ARM.Collect$$libinit$$00000012) refers to libinit2.o(.ARM.Collect$$libinit$$0000000F) for .ARM.Collect$$libinit$$0000000F
    libinit2.o(.ARM.Collect$$libinit$$00000014) refers to libinit2.o(.ARM.Collect$$libinit$$0000000F) for .ARM.Collect$$libinit$$0000000F
    libinit2.o(.ARM.Collect$$libinit$$00000016) refers to libinit2.o(.ARM.Collect$$libinit$$0000000F) for .ARM.Collect$$libinit$$0000000F
    libinit2.o(.ARM.Collect$$libinit$$00000018) refers to libinit2.o(.ARM.Collect$$libinit$$0000000F) for .ARM.Collect$$libinit$$0000000F
    libinit2.o(.ARM.Collect$$libinit$$00000026) refers to argv_veneer.o(.text) for __ARM_argv_veneer
    libinit2.o(.ARM.Collect$$libinit$$00000027) refers to argv_veneer.o(.text) for __ARM_argv_veneer
    sys_exit.o(.text) refers (Special) to use_no_semi.o(.text) for __I$use$semihosting
    sys_exit.o(.text) refers (Special) to indicate_semi.o(.text) for __semihosting_library_function
    rtexit2.o(.ARM.Collect$$rtexit$$00000003) refers to libshutdown.o(.ARM.Collect$$libshutdown$$00000000) for __rt_lib_shutdown
    rtexit2.o(.ARM.Collect$$rtexit$$00000004) refers to sys_exit.o(.text) for _sys_exit
    rtexit2.o(.ARM.exidx) refers to rtexit2.o(.ARM.Collect$$rtexit$$00000001) for .ARM.Collect$$rtexit$$00000001
    rtexit2.o(.ARM.exidx) refers to rtexit2.o(.ARM.Collect$$rtexit$$00000003) for .ARM.Collect$$rtexit$$00000003
    rtexit2.o(.ARM.exidx) refers to rtexit2.o(.ARM.Collect$$rtexit$$00000004) for .ARM.Collect$$rtexit$$00000004
    __raise.o(.text) refers to defsig.o(CL$$defsig) for __default_signal_handler
    defsig_general.o(.text) refers to sys_wrch.o(.text) for _ttywrch
    sys_wrch.o(.text) refers (Special) to use_no_semi.o(.text) for __I$use$semihosting
    sys_wrch.o(.text) refers (Special) to indicate_semi.o(.text) for __semihosting_library_function
    defsig.o(CL$$defsig) refers to defsig_fpe_inner.o(.text) for __rt_SIGFPE_inner
    defsig.o(CL$$defsig) refers to defsig_rtmem_inner.o(.text) for __rt_SIGRTMEM_inner
    _get_argv_nomalloc.o(.text) refers (Special) to hrguard.o(.text) for __heap_region$guard
    _get_argv_nomalloc.o(.text) refers to defsig_rtmem_outer.o(.text) for __rt_SIGRTMEM
    _get_argv_nomalloc.o(.text) refers to sys_command.o(.text) for _sys_command_string
    libshutdown.o(.ARM.Collect$$libshutdown$$00000000) refers (Special) to libshutdown2.o(.ARM.Collect$$libshutdown$$00000002) for __rt_lib_shutdown_cpp_1
    libshutdown.o(.ARM.Collect$$libshutdown$$00000000) refers (Special) to libshutdown2.o(.ARM.Collect$$libshutdown$$00000007) for __rt_lib_shutdown_fp_trap_1
    libshutdown.o(.ARM.Collect$$libshutdown$$00000000) refers (Special) to libshutdown2.o(.ARM.Collect$$libshutdown$$0000000F) for __rt_lib_shutdown_heap_1
    libshutdown.o(.ARM.Collect$$libshutdown$$00000000) refers (Special) to libshutdown2.o(.ARM.Collect$$libshutdown$$00000010) for __rt_lib_shutdown_return
    libshutdown.o(.ARM.Collect$$libshutdown$$00000000) refers (Special) to libshutdown2.o(.ARM.Collect$$libshutdown$$0000000A) for __rt_lib_shutdown_signal_1
    libshutdown.o(.ARM.Collect$$libshutdown$$00000000) refers (Special) to libshutdown2.o(.ARM.Collect$$libshutdown$$00000004) for __rt_lib_shutdown_stdio_1
    libshutdown.o(.ARM.Collect$$libshutdown$$00000000) refers (Special) to libshutdown2.o(.ARM.Collect$$libshutdown$$0000000C) for __rt_lib_shutdown_user_alloc_1
    sys_command.o(.text) refers (Special) to use_no_semi.o(.text) for __I$use$semihosting
    sys_command.o(.text) refers (Special) to indicate_semi.o(.text) for __semihosting_library_function
    defsig_abrt_inner.o(.text) refers to defsig_general.o(.text) for __default_signal_display
    defsig_rtred_inner.o(.text) refers to defsig_general.o(.text) for __default_signal_display
    defsig_rtmem_inner.o(.text) refers to defsig_general.o(.text) for __default_signal_display
    defsig_rtmem_outer.o(.text) refers to defsig_rtmem_inner.o(.text) for __rt_SIGRTMEM_inner
    defsig_rtmem_outer.o(.text) refers to defsig_exit.o(.text) for __sig_exit
    defsig_rtmem_formal.o(.text) refers to rt_raise.o(.text) for __rt_raise
    defsig_stak_inner.o(.text) refers to defsig_general.o(.text) for __default_signal_display
    defsig_pvfn_inner.o(.text) refers to defsig_general.o(.text) for __default_signal_display
    defsig_cppl_inner.o(.text) refers to defsig_general.o(.text) for __default_signal_display
    defsig_segv_inner.o(.text) refers to defsig_general.o(.text) for __default_signal_display
    defsig_other.o(.text) refers to defsig_general.o(.text) for __default_signal_display


==============================================================================

Removing Unused input sections from the image.

    Removing mf_config.o(.rev16_text), (4 bytes).
    Removing mf_config.o(.revsh_text), (4 bytes).
    Removing mf_config.o(i.Error_Handler), (2 bytes).
    Removing mf_config.o(i.assert_failed), (2 bytes).
    Removing main.o(.rev16_text), (4 bytes).
    Removing main.o(.revsh_text), (4 bytes).
    Removing user_init.o(.rev16_text), (4 bytes).
    Removing user_init.o(.revsh_text), (4 bytes).
    Removing lcd.o(.rev16_text), (4 bytes).
    Removing lcd.o(.revsh_text), (4 bytes).
    Removing system_fm33lc0xx.o(.rev16_text), (4 bytes).
    Removing system_fm33lc0xx.o(.revsh_text), (4 bytes).
    Removing system_fm33lc0xx.o(i.SystemCoreClockUpdate), (2 bytes).
    Removing system_fm33lc0xx.o(.data), (4 bytes).
    Removing fm33lc0xx_ll_adc.o(.rev16_text), (4 bytes).
    Removing fm33lc0xx_ll_adc.o(.revsh_text), (4 bytes).
    Removing fm33lc0xx_ll_adc.o(i.LL_ADC_CommonDeInit), (44 bytes).
    Removing fm33lc0xx_ll_adc.o(i.LL_ADC_CommonInit), (216 bytes).
    Removing fm33lc0xx_ll_adc.o(i.LL_ADC_CommonStructInit), (12 bytes).
    Removing fm33lc0xx_ll_adc.o(i.LL_ADC_DeInit), (100 bytes).
    Removing fm33lc0xx_ll_adc.o(i.LL_ADC_Init), (884 bytes).
    Removing fm33lc0xx_ll_adc.o(i.LL_ADC_StructInit), (62 bytes).
    Removing fm33lc0xx_ll_adc.o(i.LL_RCC_DisableResetAPB2Peripheral), (16 bytes).
    Removing fm33lc0xx_ll_adc.o(i.LL_RCC_EnableResetAPB2Peripheral), (16 bytes).
    Removing fm33lc0xx_ll_aes.o(.rev16_text), (4 bytes).
    Removing fm33lc0xx_ll_aes.o(.revsh_text), (4 bytes).
    Removing fm33lc0xx_ll_aes.o(i.LL_AES_DeInit), (76 bytes).
    Removing fm33lc0xx_ll_aes.o(i.LL_AES_Init), (304 bytes).
    Removing fm33lc0xx_ll_aes.o(i.LL_AES_StructInit), (12 bytes).
    Removing fm33lc0xx_ll_atim.o(.rev16_text), (4 bytes).
    Removing fm33lc0xx_ll_atim.o(.revsh_text), (4 bytes).
    Removing fm33lc0xx_ll_atim.o(i.LL_ATIM_BDTR_Init), (576 bytes).
    Removing fm33lc0xx_ll_atim.o(i.LL_ATIM_BDTR_StructInit), (34 bytes).
    Removing fm33lc0xx_ll_atim.o(i.LL_ATIM_DeInit), (124 bytes).
    Removing fm33lc0xx_ll_atim.o(i.LL_ATIM_DisableNormalChannelOutput), (16 bytes).
    Removing fm33lc0xx_ll_atim.o(i.LL_ATIM_ETRStructInit), (12 bytes).
    Removing fm33lc0xx_ll_atim.o(i.LL_ATIM_ETR_Init), (374 bytes).
    Removing fm33lc0xx_ll_atim.o(i.LL_ATIM_GenerateEvent_UPDATE), (10 bytes).
    Removing fm33lc0xx_ll_atim.o(i.LL_ATIM_IC_Init), (532 bytes).
    Removing fm33lc0xx_ll_atim.o(i.LL_ATIM_IC_StructInit), (18 bytes).
    Removing fm33lc0xx_ll_atim.o(i.LL_ATIM_Init), (384 bytes).
    Removing fm33lc0xx_ll_atim.o(i.LL_ATIM_OC_Init), (508 bytes).
    Removing fm33lc0xx_ll_atim.o(i.LL_ATIM_OC_StructInit), (24 bytes).
    Removing fm33lc0xx_ll_atim.o(i.LL_ATIM_SetChannelMode), (54 bytes).
    Removing fm33lc0xx_ll_atim.o(i.LL_ATIM_SetCounterAlignedMode), (12 bytes).
    Removing fm33lc0xx_ll_atim.o(i.LL_ATIM_SetSlaveMode), (12 bytes).
    Removing fm33lc0xx_ll_atim.o(i.LL_ATIM_SlaveModeStructInit), (14 bytes).
    Removing fm33lc0xx_ll_atim.o(i.LL_ATIM_SlaveMode_Init), (216 bytes).
    Removing fm33lc0xx_ll_atim.o(i.LL_ATIM_StructInit), (28 bytes).
    Removing fm33lc0xx_ll_atim.o(i.LL_RCC_Group1_EnableOperationClock), (16 bytes).
    Removing fm33lc0xx_ll_atim.o(i.LL_RCC_Group4_EnableBusClock), (16 bytes).
    Removing fm33lc0xx_ll_atim.o(i.OCConfig), (428 bytes).
    Removing fm33lc0xx_ll_bstim.o(.rev16_text), (4 bytes).
    Removing fm33lc0xx_ll_bstim.o(.revsh_text), (4 bytes).
    Removing fm33lc0xx_ll_bstim.o(i.LL_BSTIM_DeInit), (124 bytes).
    Removing fm33lc0xx_ll_bstim.o(i.LL_BSTIM_Init), (292 bytes).
    Removing fm33lc0xx_ll_bstim.o(i.LL_BSTIM_StructInit), (18 bytes).
    Removing fm33lc0xx_ll_comp.o(.rev16_text), (4 bytes).
    Removing fm33lc0xx_ll_comp.o(.revsh_text), (4 bytes).
    Removing fm33lc0xx_ll_comp.o(i.LL_COMP_DeInit), (44 bytes).
    Removing fm33lc0xx_ll_comp.o(i.LL_COMP_Init), (404 bytes).
    Removing fm33lc0xx_ll_comp.o(i.LL_COMP_StructInit), (16 bytes).
    Removing fm33lc0xx_ll_crc.o(.rev16_text), (4 bytes).
    Removing fm33lc0xx_ll_crc.o(.revsh_text), (4 bytes).
    Removing fm33lc0xx_ll_crc.o(i.LL_CRC_DeInit), (108 bytes).
    Removing fm33lc0xx_ll_crc.o(i.LL_CRC_Init), (364 bytes).
    Removing fm33lc0xx_ll_crc.o(i.LL_CRC_StructInit), (24 bytes).
    Removing fm33lc0xx_ll_dma.o(.rev16_text), (4 bytes).
    Removing fm33lc0xx_ll_dma.o(.revsh_text), (4 bytes).
    Removing fm33lc0xx_ll_dma.o(i.LL_DMA_DeInit), (108 bytes).
    Removing fm33lc0xx_ll_dma.o(i.LL_DMA_Init), (832 bytes).
    Removing fm33lc0xx_ll_dma.o(i.LL_DMA_IsActiveFlag_ADDRERR), (14 bytes).
    Removing fm33lc0xx_ll_dma.o(i.LL_DMA_StructInit), (20 bytes).
    Removing fm33lc0xx_ll_dma.o(i.LL_StartOnceDMATransmion), (224 bytes).
    Removing fm33lc0xx_ll_flash.o(.rev16_text), (4 bytes).
    Removing fm33lc0xx_ll_flash.o(.revsh_text), (4 bytes).
    Removing fm33lc0xx_ll_flash.o(i.LL_FLASH_ClearFlag_EraseFinish), (6 bytes).
    Removing fm33lc0xx_ll_flash.o(i.LL_FLASH_GetFlashLockStatus), (12 bytes).
    Removing fm33lc0xx_ll_flash.o(i.LL_FLASH_IsActiveFlag_AuthenticationError), (14 bytes).
    Removing fm33lc0xx_ll_flash.o(i.LL_FLASH_IsActiveFlag_ClockError), (14 bytes).
    Removing fm33lc0xx_ll_flash.o(i.LL_FLASH_IsActiveFlag_EraseFinish), (16 bytes).
    Removing fm33lc0xx_ll_flash.o(i.LL_FLASH_IsActiveFlag_KEYError), (14 bytes).
    Removing fm33lc0xx_ll_flash.o(i.LL_FLASH_IsActiveFlag_ProgramFinish), (12 bytes).
    Removing fm33lc0xx_ll_flash.o(i.LL_FLASH_LockFlash), (8 bytes).
    Removing fm33lc0xx_ll_flash.o(i.LL_FLASH_PageErase), (284 bytes).
    Removing fm33lc0xx_ll_flash.o(i.LL_FLASH_Program_Page), (296 bytes).
    Removing fm33lc0xx_ll_flash.o(i.LL_FLASH_Program_Sector), (292 bytes).
    Removing fm33lc0xx_ll_flash.o(i.LL_FLASH_Program_Word), (276 bytes).
    Removing fm33lc0xx_ll_flash.o(i.LL_FLASH_SectorErase), (288 bytes).
    Removing fm33lc0xx_ll_flash.o(i.LL_FLASH_SetFlashEraseType), (14 bytes).
    Removing fm33lc0xx_ll_flash.o(i.LL_FLASH_StartErase), (18 bytes).
    Removing fm33lc0xx_ll_flash.o(i.LL_FLASH_StartProgram), (18 bytes).
    Removing fm33lc0xx_ll_flash.o(i.LL_FLASH_UnlockFlash), (4 bytes).
    Removing fm33lc0xx_ll_flash.o(i.LL_RCC_Group2_DisableOperationClock), (16 bytes).
    Removing fm33lc0xx_ll_flash.o(i.LL_RCC_Group2_EnableBusClock), (16 bytes).
    Removing fm33lc0xx_ll_flash.o(i.LL_RCC_Group2_EnableOperationClock), (16 bytes).
    Removing fm33lc0xx_ll_flash.o(i.__get_PRIMASK), (6 bytes).
    Removing fm33lc0xx_ll_flash.o(i.__set_PRIMASK), (6 bytes).
    Removing fm33lc0xx_ll_gpio.o(.rev16_text), (4 bytes).
    Removing fm33lc0xx_ll_gpio.o(.revsh_text), (4 bytes).
    Removing fm33lc0xx_ll_gpio.o(i.LL_GPIO_ALLPIN_LPM_MODE), (140 bytes).
    Removing fm33lc0xx_ll_gpio.o(i.LL_GPIO_DeInit), (76 bytes).
    Removing fm33lc0xx_ll_gpio.o(i.LL_GPIO_SetOutputPin), (10 bytes).
    Removing fm33lc0xx_ll_gpio.o(i.LL_GPIO_StructInit), (24 bytes).
    Removing fm33lc0xx_ll_gptim.o(.rev16_text), (4 bytes).
    Removing fm33lc0xx_ll_gptim.o(.revsh_text), (4 bytes).
    Removing fm33lc0xx_ll_gptim.o(i.LL_GPTIM_DeInit), (140 bytes).
    Removing fm33lc0xx_ll_gptim.o(i.LL_GPTIM_DisableNormalChannelOutput), (16 bytes).
    Removing fm33lc0xx_ll_gptim.o(i.LL_GPTIM_ETRStructInit), (12 bytes).
    Removing fm33lc0xx_ll_gptim.o(i.LL_GPTIM_ETR_Init), (384 bytes).
    Removing fm33lc0xx_ll_gptim.o(i.LL_GPTIM_GenerateEvent_UPDATE), (10 bytes).
    Removing fm33lc0xx_ll_gptim.o(i.LL_GPTIM_IC_Init), (548 bytes).
    Removing fm33lc0xx_ll_gptim.o(i.LL_GPTIM_IC_StructInit), (18 bytes).
    Removing fm33lc0xx_ll_gptim.o(i.LL_GPTIM_Init), (300 bytes).
    Removing fm33lc0xx_ll_gptim.o(i.LL_GPTIM_OC_Init), (312 bytes).
    Removing fm33lc0xx_ll_gptim.o(i.LL_GPTIM_OC_StructInit), (16 bytes).
    Removing fm33lc0xx_ll_gptim.o(i.LL_GPTIM_SetChannelMode), (54 bytes).
    Removing fm33lc0xx_ll_gptim.o(i.LL_GPTIM_SetCounterAlignedMode), (12 bytes).
    Removing fm33lc0xx_ll_gptim.o(i.LL_GPTIM_SetSlaveMode), (12 bytes).
    Removing fm33lc0xx_ll_gptim.o(i.LL_GPTIM_SlaveModeStructInit), (16 bytes).
    Removing fm33lc0xx_ll_gptim.o(i.LL_GPTIM_SlaveMode_Init), (316 bytes).
    Removing fm33lc0xx_ll_gptim.o(i.LL_GPTIM_StructInit), (24 bytes).
    Removing fm33lc0xx_ll_gptim.o(i.LL_RCC_DisableResetAPB2Peripheral), (16 bytes).
    Removing fm33lc0xx_ll_gptim.o(i.LL_RCC_EnableResetAPB2Peripheral), (16 bytes).
    Removing fm33lc0xx_ll_gptim.o(i.LL_RCC_Group4_DisableBusClock), (16 bytes).
    Removing fm33lc0xx_ll_gptim.o(i.LL_RCC_Group4_EnableBusClock), (16 bytes).
    Removing fm33lc0xx_ll_gptim.o(i.OCConfig), (290 bytes).
    Removing fm33lc0xx_ll_gptim.o(i.SetITRxInputSrc), (196 bytes).
    Removing fm33lc0xx_ll_hdiv.o(.rev16_text), (4 bytes).
    Removing fm33lc0xx_ll_hdiv.o(.revsh_text), (4 bytes).
    Removing fm33lc0xx_ll_hdiv.o(i.LL_HDIV_Calculation), (112 bytes).
    Removing fm33lc0xx_ll_hdiv.o(i.LL_HDIV_DeInit), (88 bytes).
    Removing fm33lc0xx_ll_hdiv.o(i.LL_HDIV_Init), (56 bytes).
    Removing fm33lc0xx_ll_i2c.o(.rev16_text), (4 bytes).
    Removing fm33lc0xx_ll_i2c.o(.revsh_text), (4 bytes).
    Removing fm33lc0xx_ll_i2c.o(i.LL_I2C_DeInit), (120 bytes).
    Removing fm33lc0xx_ll_i2c.o(i.LL_I2C_MasterMode_Init), (372 bytes).
    Removing fm33lc0xx_ll_i2c.o(i.LL_I2C_MasterMode_StructInit), (16 bytes).
    Removing fm33lc0xx_ll_i2c.o(i.LL_I2C_SlaveMode_Init), (268 bytes).
    Removing fm33lc0xx_ll_i2c.o(i.LL_I2C_SlaveMode_Set_SlaveAddr), (12 bytes).
    Removing fm33lc0xx_ll_i2c.o(i.LL_I2C_SlaveMode_StructInit), (14 bytes).
    Removing fm33lc0xx_ll_i2c.o(i.LL_RCC_Group3_EnableBusClock), (16 bytes).
    Removing fm33lc0xx_ll_iwdt.o(.rev16_text), (4 bytes).
    Removing fm33lc0xx_ll_iwdt.o(.revsh_text), (4 bytes).
    Removing fm33lc0xx_ll_iwdt.o(i.LL_IWDT_DeInit), (36 bytes).
    Removing fm33lc0xx_ll_iwdt.o(i.LL_IWDT_Init), (192 bytes).
    Removing fm33lc0xx_ll_iwdt.o(i.LL_IWDT_StructInit), (10 bytes).
    Removing fm33lc0xx_ll_lcd.o(.rev16_text), (4 bytes).
    Removing fm33lc0xx_ll_lcd.o(.revsh_text), (4 bytes).
    Removing fm33lc0xx_ll_lcd.o(i.LL_LCD_DeInit), (108 bytes).
    Removing fm33lc0xx_ll_lcd.o(i.LL_LCD_StructInit), (38 bytes).
    Removing fm33lc0xx_ll_lptim.o(.rev16_text), (4 bytes).
    Removing fm33lc0xx_ll_lptim.o(.revsh_text), (4 bytes).
    Removing fm33lc0xx_ll_lptim.o(i.LL_LPTIM_CC_Set_ModeChannel1), (12 bytes).
    Removing fm33lc0xx_ll_lptim.o(i.LL_LPTIM_CC_Set_ModeChannel2), (14 bytes).
    Removing fm33lc0xx_ll_lptim.o(i.LL_LPTIM_DeInit), (128 bytes).
    Removing fm33lc0xx_ll_lptim.o(i.LL_LPTIM_ICModeStructInit), (8 bytes).
    Removing fm33lc0xx_ll_lptim.o(i.LL_LPTIM_IC_ModeInit), (220 bytes).
    Removing fm33lc0xx_ll_lptim.o(i.LL_LPTIM_OCModeStructInit), (10 bytes).
    Removing fm33lc0xx_ll_lptim.o(i.LL_LPTIM_OC_ModeInit), (172 bytes).
    Removing fm33lc0xx_ll_lptim.o(i.LL_LPTIM_SetTriggerExternalInput), (12 bytes).
    Removing fm33lc0xx_ll_lptim.o(i.LL_LPTIM_TimeModeInit), (520 bytes).
    Removing fm33lc0xx_ll_lptim.o(i.LL_LPTIM_TimeModeStructInit), (18 bytes).
    Removing fm33lc0xx_ll_lptim.o(i.LL_RCC_Group1_EnableBusClock), (16 bytes).
    Removing fm33lc0xx_ll_lptim.o(i.LL_RCC_Group2_EnableOperationClock), (16 bytes).
    Removing fm33lc0xx_ll_lptim.o(i.LL_RCC_SetLPTIMClockSource), (24 bytes).
    Removing fm33lc0xx_ll_lpuart.o(.rev16_text), (4 bytes).
    Removing fm33lc0xx_ll_lpuart.o(.revsh_text), (4 bytes).
    Removing fm33lc0xx_ll_lpuart.o(i.LL_LPUART_DeInit), (172 bytes).
    Removing fm33lc0xx_ll_lpuart.o(i.LL_LPUART_Init), (608 bytes).
    Removing fm33lc0xx_ll_lpuart.o(i.LL_LPUART_StructInit), (24 bytes).
    Removing fm33lc0xx_ll_lpuart.o(i.LL_RCC_Group1_DisableOperationClock), (16 bytes).
    Removing fm33lc0xx_ll_lpuart.o(i.LL_RCC_Group1_EnableOperationClock), (16 bytes).
    Removing fm33lc0xx_ll_lpuart.o(i.LL_RCC_Group3_DisableBusClock), (16 bytes).
    Removing fm33lc0xx_ll_lpuart.o(i.LL_RCC_Group3_EnableBusClock), (16 bytes).
    Removing fm33lc0xx_ll_opa.o(.rev16_text), (4 bytes).
    Removing fm33lc0xx_ll_opa.o(.revsh_text), (4 bytes).
    Removing fm33lc0xx_ll_opa.o(i.LL_OPA_DeInit), (56 bytes).
    Removing fm33lc0xx_ll_opa.o(i.LL_OPA_Init), (484 bytes).
    Removing fm33lc0xx_ll_opa.o(i.LL_OPA_StructInit), (18 bytes).
    Removing fm33lc0xx_ll_pmu.o(.rev16_text), (4 bytes).
    Removing fm33lc0xx_ll_pmu.o(.revsh_text), (4 bytes).
    Removing fm33lc0xx_ll_pmu.o(i.LL_PMU_Sleep_DeInit), (56 bytes).
    Removing fm33lc0xx_ll_pmu.o(i.LL_PMU_Sleep_Init), (336 bytes).
    Removing fm33lc0xx_ll_pmu.o(i.LL_PMU_StructInit), (20 bytes).
    Removing fm33lc0xx_ll_rcc.o(.rev16_text), (4 bytes).
    Removing fm33lc0xx_ll_rcc.o(.revsh_text), (4 bytes).
    Removing fm33lc0xx_ll_rcc.o(i.LL_RCC_GetAHBClockFreq), (92 bytes).
    Removing fm33lc0xx_ll_rcc.o(i.LL_RCC_GetAPB1ClockFreq), (92 bytes).
    Removing fm33lc0xx_ll_rcc.o(i.LL_RCC_GetAPB2ClockFreq), (92 bytes).
    Removing fm33lc0xx_ll_rcc.o(i.LL_RCC_GetPLLClockFreq), (164 bytes).
    Removing fm33lc0xx_ll_rcc.o(i.LL_RCC_GetRC4MClockFreq), (80 bytes).
    Removing fm33lc0xx_ll_rcc.o(i.LL_RCC_GetRCHFClockFreq), (68 bytes).
    Removing fm33lc0xx_ll_rcc.o(i.LL_RCC_GetSystemClockFreq), (88 bytes).
    Removing fm33lc0xx_ll_rcc.o(i.LL_RCC_GetUSBClockFreqToSysclk), (36 bytes).
    Removing fm33lc0xx_ll_rng.o(.rev16_text), (4 bytes).
    Removing fm33lc0xx_ll_rng.o(.revsh_text), (4 bytes).
    Removing fm33lc0xx_ll_rng.o(i.GetCrc32), (136 bytes).
    Removing fm33lc0xx_ll_rng.o(i.GetRandomNumber), (96 bytes).
    Removing fm33lc0xx_ll_rng.o(i.LL_RNG_ClearFlag_CRCCalculationFinish), (10 bytes).
    Removing fm33lc0xx_ll_rng.o(i.LL_RNG_DeInit), (108 bytes).
    Removing fm33lc0xx_ll_rng.o(i.LL_RNG_Disable), (10 bytes).
    Removing fm33lc0xx_ll_rng.o(i.LL_RNG_Init), (212 bytes).
    Removing fm33lc0xx_ll_rng.o(i.LL_RNG_StructInit), (8 bytes).
    Removing fm33lc0xx_ll_rtc.o(.rev16_text), (4 bytes).
    Removing fm33lc0xx_ll_rtc.o(.revsh_text), (4 bytes).
    Removing fm33lc0xx_ll_rtc.o(i.LL_RTC_ConfigTime), (128 bytes).
    Removing fm33lc0xx_ll_rtc.o(i.LL_RTC_DeInit), (68 bytes).
    Removing fm33lc0xx_ll_rtc.o(i.LL_RTC_GetTime), (74 bytes).
    Removing fm33lc0xx_ll_rtc.o(i.LL_RTC_Init), (64 bytes).
    Removing fm33lc0xx_ll_rtc.o(i.LL_RTC_StructInit), (18 bytes).
    Removing fm33lc0xx_ll_spi.o(.rev16_text), (4 bytes).
    Removing fm33lc0xx_ll_spi.o(.revsh_text), (4 bytes).
    Removing fm33lc0xx_ll_spi.o(i.LL_RCC_DisableResetAPB2Peripheral), (16 bytes).
    Removing fm33lc0xx_ll_spi.o(i.LL_RCC_EnableResetAPB2Peripheral), (16 bytes).
    Removing fm33lc0xx_ll_spi.o(i.LL_RCC_Group3_DisableBusClock), (16 bytes).
    Removing fm33lc0xx_ll_spi.o(i.LL_RCC_Group3_EnableBusClock), (16 bytes).
    Removing fm33lc0xx_ll_spi.o(i.LL_SPI_DeInit), (124 bytes).
    Removing fm33lc0xx_ll_spi.o(i.LL_SPI_Init), (484 bytes).
    Removing fm33lc0xx_ll_spi.o(i.LL_SPI_StructInit), (28 bytes).
    Removing fm33lc0xx_ll_svd.o(.rev16_text), (4 bytes).
    Removing fm33lc0xx_ll_svd.o(.revsh_text), (4 bytes).
    Removing fm33lc0xx_ll_svd.o(i.LL_SVD_DeInit), (52 bytes).
    Removing fm33lc0xx_ll_svd.o(i.LL_SVD_EnableSVDDigitalFiltering), (10 bytes).
    Removing fm33lc0xx_ll_svd.o(i.LL_SVD_Init), (492 bytes).
    Removing fm33lc0xx_ll_svd.o(i.LL_SVD_StructInit), (22 bytes).
    Removing fm33lc0xx_ll_u7816.o(.rev16_text), (4 bytes).
    Removing fm33lc0xx_ll_u7816.o(.revsh_text), (4 bytes).
    Removing fm33lc0xx_ll_u7816.o(i.LL_U7816_DeInit), (108 bytes).
    Removing fm33lc0xx_ll_u7816.o(i.LL_U7816_Init), (732 bytes).
    Removing fm33lc0xx_ll_u7816.o(i.LL_U7816_StructInit), (60 bytes).
    Removing fm33lc0xx_ll_uart.o(.rev16_text), (4 bytes).
    Removing fm33lc0xx_ll_uart.o(.revsh_text), (4 bytes).
    Removing fm33lc0xx_ll_uart.o(i.LL_RCC_DisableResetAPB2Peripheral), (16 bytes).
    Removing fm33lc0xx_ll_uart.o(i.LL_RCC_EnableResetAPB2Peripheral), (16 bytes).
    Removing fm33lc0xx_ll_uart.o(i.LL_RCC_Group1_DisableOperationClock), (16 bytes).
    Removing fm33lc0xx_ll_uart.o(i.LL_RCC_Group1_EnableOperationClock), (16 bytes).
    Removing fm33lc0xx_ll_uart.o(i.LL_RCC_Group3_DisableBusClock), (16 bytes).
    Removing fm33lc0xx_ll_uart.o(i.LL_RCC_Group3_EnableBusClock), (16 bytes).
    Removing fm33lc0xx_ll_uart.o(i.LL_UART_DeInit), (228 bytes).
    Removing fm33lc0xx_ll_uart.o(i.LL_UART_InfraRed_Init), (448 bytes).
    Removing fm33lc0xx_ll_uart.o(i.LL_UART_InfraRed_StructInit), (20 bytes).
    Removing fm33lc0xx_ll_uart.o(i.LL_UART_Init), (720 bytes).
    Removing fm33lc0xx_ll_uart.o(i.LL_UART_StructInit), (28 bytes).
    Removing fm33lc0xx_ll_wwdt.o(.rev16_text), (4 bytes).
    Removing fm33lc0xx_ll_wwdt.o(.revsh_text), (4 bytes).
    Removing fm33lc0xx_ll_wwdt.o(i.LL_WWDT_DeInit), (36 bytes).
    Removing fm33lc0xx_ll_wwdt.o(i.LL_WWDT_Init), (144 bytes).
    Removing fm33lc0xx_ll_wwdt.o(i.LL_WWDT_StructInit), (6 bytes).

249 unused section(s) (total 22648 bytes) removed from the image.

==============================================================================

Image Symbol Table

    Local Symbols

    Symbol Name                              Value     Ov Type        Size  Object(Section)

    RESET                                    0x00000000   Section      192  startup_fm33lc0xx.o(RESET)
    ../clib/angel/boardlib.s                 0x00000000   Number         0  boardinit1.o ABSOLUTE
    ../clib/angel/boardlib.s                 0x00000000   Number         0  boardinit2.o ABSOLUTE
    ../clib/angel/boardlib.s                 0x00000000   Number         0  boardinit3.o ABSOLUTE
    ../clib/angel/boardlib.s                 0x00000000   Number         0  boardshut.o ABSOLUTE
    ../clib/angel/handlers.s                 0x00000000   Number         0  __scatter_zi.o ABSOLUTE
    ../clib/angel/handlers.s                 0x00000000   Number         0  __scatter_copy.o ABSOLUTE
    ../clib/angel/kernel.s                   0x00000000   Number         0  __rtentry4.o ABSOLUTE
    ../clib/angel/kernel.s                   0x00000000   Number         0  rtexit.o ABSOLUTE
    ../clib/angel/kernel.s                   0x00000000   Number         0  __rtentry.o ABSOLUTE
    ../clib/angel/kernel.s                   0x00000000   Number         0  __rtentry2.o ABSOLUTE
    ../clib/angel/kernel.s                   0x00000000   Number         0  rtexit2.o ABSOLUTE
    ../clib/angel/rt.s                       0x00000000   Number         0  rt_raise.o ABSOLUTE
    ../clib/angel/rt.s                       0x00000000   Number         0  aeabi_idiv0.o ABSOLUTE
    ../clib/angel/rt.s                       0x00000000   Number         0  aeabi_idiv0_sigfpe.o ABSOLUTE
    ../clib/angel/rt.s                       0x00000000   Number         0  aeabi_ldiv0_sigfpe.o ABSOLUTE
    ../clib/angel/rt.s                       0x00000000   Number         0  rt_div0.o ABSOLUTE
    ../clib/angel/rt.s                       0x00000000   Number         0  aeabi_ldiv0.o ABSOLUTE
    ../clib/angel/scatterp.s                 0x00000000   Number         0  __scatter.o ABSOLUTE
    ../clib/angel/startup.s                  0x00000000   Number         0  __main.o ABSOLUTE
    ../clib/angel/sys.s                      0x00000000   Number         0  tempstk.o ABSOLUTE
    ../clib/angel/sys.s                      0x00000000   Number         0  indicate_semi.o ABSOLUTE
    ../clib/angel/sys.s                      0x00000000   Number         0  use_no_semi.o ABSOLUTE
    ../clib/angel/sys.s                      0x00000000   Number         0  libspace.o ABSOLUTE
    ../clib/angel/sys.s                      0x00000000   Number         0  sys_stackheap_outer.o ABSOLUTE
    ../clib/angel/sysapp.c                   0x00000000   Number         0  sys_wrch.o ABSOLUTE
    ../clib/angel/sysapp.c                   0x00000000   Number         0  sys_command.o ABSOLUTE
    ../clib/angel/sysapp.c                   0x00000000   Number         0  sys_exit.o ABSOLUTE
    ../clib/armsys.c                         0x00000000   Number         0  no_argv.o ABSOLUTE
    ../clib/armsys.c                         0x00000000   Number         0  argv_veneer.o ABSOLUTE
    ../clib/armsys.c                         0x00000000   Number         0  _get_argv_nomalloc.o ABSOLUTE
    ../clib/division.c                       0x00000000   Number         0  lludiv.o ABSOLUTE
    ../clib/division.s                       0x00000000   Number         0  aeabi_sdiv_div0.o ABSOLUTE
    ../clib/division.s                       0x00000000   Number         0  aeabi_sdiv.o ABSOLUTE
    ../clib/heapalloc.c                      0x00000000   Number         0  hrguard.o ABSOLUTE
    ../clib/heapaux.c                        0x00000000   Number         0  heapauxi.o ABSOLUTE
    ../clib/libinit.s                        0x00000000   Number         0  libshutdown2.o ABSOLUTE
    ../clib/libinit.s                        0x00000000   Number         0  libinit2.o ABSOLUTE
    ../clib/libinit.s                        0x00000000   Number         0  libshutdown.o ABSOLUTE
    ../clib/libinit.s                        0x00000000   Number         0  libinit.o ABSOLUTE
    ../clib/memcpset.c                       0x00000000   Number         0  rt_memclr.o ABSOLUTE
    ../clib/signal.c                         0x00000000   Number         0  defsig_cppl_inner.o ABSOLUTE
    ../clib/signal.c                         0x00000000   Number         0  defsig_pvfn_inner.o ABSOLUTE
    ../clib/signal.c                         0x00000000   Number         0  defsig_stak_inner.o ABSOLUTE
    ../clib/signal.c                         0x00000000   Number         0  defsig_rtmem_formal.o ABSOLUTE
    ../clib/signal.c                         0x00000000   Number         0  defsig_rtmem_outer.o ABSOLUTE
    ../clib/signal.c                         0x00000000   Number         0  defsig_exit.o ABSOLUTE
    ../clib/signal.c                         0x00000000   Number         0  defsig_fpe_formal.o ABSOLUTE
    ../clib/signal.c                         0x00000000   Number         0  defsig_fpe_outer.o ABSOLUTE
    ../clib/signal.c                         0x00000000   Number         0  defsig_fpe_inner.o ABSOLUTE
    ../clib/signal.c                         0x00000000   Number         0  __raise.o ABSOLUTE
    ../clib/signal.c                         0x00000000   Number         0  defsig_general.o ABSOLUTE
    ../clib/signal.c                         0x00000000   Number         0  defsig_abrt_inner.o ABSOLUTE
    ../clib/signal.c                         0x00000000   Number         0  defsig_rtred_inner.o ABSOLUTE
    ../clib/signal.c                         0x00000000   Number         0  defsig_segv_inner.o ABSOLUTE
    ../clib/signal.c                         0x00000000   Number         0  defsig_other.o ABSOLUTE
    ../clib/signal.c                         0x00000000   Number         0  defsig_rtmem_inner.o ABSOLUTE
    ../clib/signal.s                         0x00000000   Number         0  defsig.o ABSOLUTE
    ../clib/stdlib.c                         0x00000000   Number         0  exit.o ABSOLUTE
    ../fplib/cfplib/d2f.c                    0x00000000   Number         0  d2f.o ABSOLUTE
    ../fplib/cfplib/daddsub.c                0x00000000   Number         0  daddsub.o ABSOLUTE
    ../fplib/cfplib/ddiv.c                   0x00000000   Number         0  ddiv.o ABSOLUTE
    ../fplib/cfplib/dmul.c                   0x00000000   Number         0  dmul.o ABSOLUTE
    ../fplib/cfplib/f2d.c                    0x00000000   Number         0  f2d.o ABSOLUTE
    ../fplib/cfplib/fdiv.c                   0x00000000   Number         0  fdiv.o ABSOLUTE
    ../fplib/cfplib/ffix.c                   0x00000000   Number         0  dfixui.o ABSOLUTE
    ../fplib/cfplib/fflt.c                   0x00000000   Number         0  dflti.o ABSOLUTE
    ../fplib/cfplib/fflt.c                   0x00000000   Number         0  fflti.o ABSOLUTE
    ../fplib/cfplib/fpinit.c                 0x00000000   Number         0  fpinit.o ABSOLUTE
    ../fplib/usenofp.s                       0x00000000   Number         0  usenofp.o ABSOLUTE
    ..\Drivers\CMSIS\Device\FM\FM33xx\Source\Templates\ARM\startup_fm33lc0xx.s 0x00000000   Number         0  startup_fm33lc0xx.o ABSOLUTE
    ..\Drivers\CMSIS\Device\FM\FM33xx\Source\system_fm33lc0xx.c 0x00000000   Number         0  system_fm33lc0xx.o ABSOLUTE
    ..\Drivers\FM33LC0xx_LL_Driver\Src\fm33lc0xx_ll_adc.c 0x00000000   Number         0  fm33lc0xx_ll_adc.o ABSOLUTE
    ..\Drivers\FM33LC0xx_LL_Driver\Src\fm33lc0xx_ll_aes.c 0x00000000   Number         0  fm33lc0xx_ll_aes.o ABSOLUTE
    ..\Drivers\FM33LC0xx_LL_Driver\Src\fm33lc0xx_ll_atim.c 0x00000000   Number         0  fm33lc0xx_ll_atim.o ABSOLUTE
    ..\Drivers\FM33LC0xx_LL_Driver\Src\fm33lc0xx_ll_bstim.c 0x00000000   Number         0  fm33lc0xx_ll_bstim.o ABSOLUTE
    ..\Drivers\FM33LC0xx_LL_Driver\Src\fm33lc0xx_ll_comp.c 0x00000000   Number         0  fm33lc0xx_ll_comp.o ABSOLUTE
    ..\Drivers\FM33LC0xx_LL_Driver\Src\fm33lc0xx_ll_crc.c 0x00000000   Number         0  fm33lc0xx_ll_crc.o ABSOLUTE
    ..\Drivers\FM33LC0xx_LL_Driver\Src\fm33lc0xx_ll_dma.c 0x00000000   Number         0  fm33lc0xx_ll_dma.o ABSOLUTE
    ..\Drivers\FM33LC0xx_LL_Driver\Src\fm33lc0xx_ll_flash.c 0x00000000   Number         0  fm33lc0xx_ll_flash.o ABSOLUTE
    ..\Drivers\FM33LC0xx_LL_Driver\Src\fm33lc0xx_ll_gpio.c 0x00000000   Number         0  fm33lc0xx_ll_gpio.o ABSOLUTE
    ..\Drivers\FM33LC0xx_LL_Driver\Src\fm33lc0xx_ll_gptim.c 0x00000000   Number         0  fm33lc0xx_ll_gptim.o ABSOLUTE
    ..\Drivers\FM33LC0xx_LL_Driver\Src\fm33lc0xx_ll_hdiv.c 0x00000000   Number         0  fm33lc0xx_ll_hdiv.o ABSOLUTE
    ..\Drivers\FM33LC0xx_LL_Driver\Src\fm33lc0xx_ll_i2c.c 0x00000000   Number         0  fm33lc0xx_ll_i2c.o ABSOLUTE
    ..\Drivers\FM33LC0xx_LL_Driver\Src\fm33lc0xx_ll_iwdt.c 0x00000000   Number         0  fm33lc0xx_ll_iwdt.o ABSOLUTE
    ..\Drivers\FM33LC0xx_LL_Driver\Src\fm33lc0xx_ll_lcd.c 0x00000000   Number         0  fm33lc0xx_ll_lcd.o ABSOLUTE
    ..\Drivers\FM33LC0xx_LL_Driver\Src\fm33lc0xx_ll_lptim.c 0x00000000   Number         0  fm33lc0xx_ll_lptim.o ABSOLUTE
    ..\Drivers\FM33LC0xx_LL_Driver\Src\fm33lc0xx_ll_lpuart.c 0x00000000   Number         0  fm33lc0xx_ll_lpuart.o ABSOLUTE
    ..\Drivers\FM33LC0xx_LL_Driver\Src\fm33lc0xx_ll_opa.c 0x00000000   Number         0  fm33lc0xx_ll_opa.o ABSOLUTE
    ..\Drivers\FM33LC0xx_LL_Driver\Src\fm33lc0xx_ll_pmu.c 0x00000000   Number         0  fm33lc0xx_ll_pmu.o ABSOLUTE
    ..\Drivers\FM33LC0xx_LL_Driver\Src\fm33lc0xx_ll_rcc.c 0x00000000   Number         0  fm33lc0xx_ll_rcc.o ABSOLUTE
    ..\Drivers\FM33LC0xx_LL_Driver\Src\fm33lc0xx_ll_rng.c 0x00000000   Number         0  fm33lc0xx_ll_rng.o ABSOLUTE
    ..\Drivers\FM33LC0xx_LL_Driver\Src\fm33lc0xx_ll_rtc.c 0x00000000   Number         0  fm33lc0xx_ll_rtc.o ABSOLUTE
    ..\Drivers\FM33LC0xx_LL_Driver\Src\fm33lc0xx_ll_spi.c 0x00000000   Number         0  fm33lc0xx_ll_spi.o ABSOLUTE
    ..\Drivers\FM33LC0xx_LL_Driver\Src\fm33lc0xx_ll_svd.c 0x00000000   Number         0  fm33lc0xx_ll_svd.o ABSOLUTE
    ..\Drivers\FM33LC0xx_LL_Driver\Src\fm33lc0xx_ll_u7816.c 0x00000000   Number         0  fm33lc0xx_ll_u7816.o ABSOLUTE
    ..\Drivers\FM33LC0xx_LL_Driver\Src\fm33lc0xx_ll_uart.c 0x00000000   Number         0  fm33lc0xx_ll_uart.o ABSOLUTE
    ..\Drivers\FM33LC0xx_LL_Driver\Src\fm33lc0xx_ll_wwdt.c 0x00000000   Number         0  fm33lc0xx_ll_wwdt.o ABSOLUTE
    ..\MF-config\Src\mf_config.c             0x00000000   Number         0  mf_config.o ABSOLUTE
    ..\Src\lcd.c                             0x00000000   Number         0  lcd.o ABSOLUTE
    ..\Src\main.c                            0x00000000   Number         0  main.o ABSOLUTE
    ..\Src\user_init.c                       0x00000000   Number         0  user_init.o ABSOLUTE
    ..\\Drivers\\CMSIS\\Device\\FM\\FM33xx\\Source\\system_fm33lc0xx.c 0x00000000   Number         0  system_fm33lc0xx.o ABSOLUTE
    ..\\Drivers\\FM33LC0xx_LL_Driver\\Src\\fm33lc0xx_ll_adc.c 0x00000000   Number         0  fm33lc0xx_ll_adc.o ABSOLUTE
    ..\\Drivers\\FM33LC0xx_LL_Driver\\Src\\fm33lc0xx_ll_aes.c 0x00000000   Number         0  fm33lc0xx_ll_aes.o ABSOLUTE
    ..\\Drivers\\FM33LC0xx_LL_Driver\\Src\\fm33lc0xx_ll_atim.c 0x00000000   Number         0  fm33lc0xx_ll_atim.o ABSOLUTE
    ..\\Drivers\\FM33LC0xx_LL_Driver\\Src\\fm33lc0xx_ll_bstim.c 0x00000000   Number         0  fm33lc0xx_ll_bstim.o ABSOLUTE
    ..\\Drivers\\FM33LC0xx_LL_Driver\\Src\\fm33lc0xx_ll_comp.c 0x00000000   Number         0  fm33lc0xx_ll_comp.o ABSOLUTE
    ..\\Drivers\\FM33LC0xx_LL_Driver\\Src\\fm33lc0xx_ll_crc.c 0x00000000   Number         0  fm33lc0xx_ll_crc.o ABSOLUTE
    ..\\Drivers\\FM33LC0xx_LL_Driver\\Src\\fm33lc0xx_ll_dma.c 0x00000000   Number         0  fm33lc0xx_ll_dma.o ABSOLUTE
    ..\\Drivers\\FM33LC0xx_LL_Driver\\Src\\fm33lc0xx_ll_flash.c 0x00000000   Number         0  fm33lc0xx_ll_flash.o ABSOLUTE
    ..\\Drivers\\FM33LC0xx_LL_Driver\\Src\\fm33lc0xx_ll_gpio.c 0x00000000   Number         0  fm33lc0xx_ll_gpio.o ABSOLUTE
    ..\\Drivers\\FM33LC0xx_LL_Driver\\Src\\fm33lc0xx_ll_gptim.c 0x00000000   Number         0  fm33lc0xx_ll_gptim.o ABSOLUTE
    ..\\Drivers\\FM33LC0xx_LL_Driver\\Src\\fm33lc0xx_ll_hdiv.c 0x00000000   Number         0  fm33lc0xx_ll_hdiv.o ABSOLUTE
    ..\\Drivers\\FM33LC0xx_LL_Driver\\Src\\fm33lc0xx_ll_i2c.c 0x00000000   Number         0  fm33lc0xx_ll_i2c.o ABSOLUTE
    ..\\Drivers\\FM33LC0xx_LL_Driver\\Src\\fm33lc0xx_ll_iwdt.c 0x00000000   Number         0  fm33lc0xx_ll_iwdt.o ABSOLUTE
    ..\\Drivers\\FM33LC0xx_LL_Driver\\Src\\fm33lc0xx_ll_lcd.c 0x00000000   Number         0  fm33lc0xx_ll_lcd.o ABSOLUTE
    ..\\Drivers\\FM33LC0xx_LL_Driver\\Src\\fm33lc0xx_ll_lptim.c 0x00000000   Number         0  fm33lc0xx_ll_lptim.o ABSOLUTE
    ..\\Drivers\\FM33LC0xx_LL_Driver\\Src\\fm33lc0xx_ll_lpuart.c 0x00000000   Number         0  fm33lc0xx_ll_lpuart.o ABSOLUTE
    ..\\Drivers\\FM33LC0xx_LL_Driver\\Src\\fm33lc0xx_ll_opa.c 0x00000000   Number         0  fm33lc0xx_ll_opa.o ABSOLUTE
    ..\\Drivers\\FM33LC0xx_LL_Driver\\Src\\fm33lc0xx_ll_pmu.c 0x00000000   Number         0  fm33lc0xx_ll_pmu.o ABSOLUTE
    ..\\Drivers\\FM33LC0xx_LL_Driver\\Src\\fm33lc0xx_ll_rcc.c 0x00000000   Number         0  fm33lc0xx_ll_rcc.o ABSOLUTE
    ..\\Drivers\\FM33LC0xx_LL_Driver\\Src\\fm33lc0xx_ll_rng.c 0x00000000   Number         0  fm33lc0xx_ll_rng.o ABSOLUTE
    ..\\Drivers\\FM33LC0xx_LL_Driver\\Src\\fm33lc0xx_ll_rtc.c 0x00000000   Number         0  fm33lc0xx_ll_rtc.o ABSOLUTE
    ..\\Drivers\\FM33LC0xx_LL_Driver\\Src\\fm33lc0xx_ll_spi.c 0x00000000   Number         0  fm33lc0xx_ll_spi.o ABSOLUTE
    ..\\Drivers\\FM33LC0xx_LL_Driver\\Src\\fm33lc0xx_ll_svd.c 0x00000000   Number         0  fm33lc0xx_ll_svd.o ABSOLUTE
    ..\\Drivers\\FM33LC0xx_LL_Driver\\Src\\fm33lc0xx_ll_u7816.c 0x00000000   Number         0  fm33lc0xx_ll_u7816.o ABSOLUTE
    ..\\Drivers\\FM33LC0xx_LL_Driver\\Src\\fm33lc0xx_ll_uart.c 0x00000000   Number         0  fm33lc0xx_ll_uart.o ABSOLUTE
    ..\\Drivers\\FM33LC0xx_LL_Driver\\Src\\fm33lc0xx_ll_wwdt.c 0x00000000   Number         0  fm33lc0xx_ll_wwdt.o ABSOLUTE
    ..\\MF-config\\Src\\mf_config.c          0x00000000   Number         0  mf_config.o ABSOLUTE
    ..\\Src\\lcd.c                           0x00000000   Number         0  lcd.o ABSOLUTE
    ..\\Src\\main.c                          0x00000000   Number         0  main.o ABSOLUTE
    ..\\Src\\user_init.c                     0x00000000   Number         0  user_init.o ABSOLUTE
    dc.s                                     0x00000000   Number         0  dc.o ABSOLUTE
    !!!main                                  0x000000c0   Section        8  __main.o(!!!main)
    !!!scatter                               0x000000c8   Section       60  __scatter.o(!!!scatter)
    !!handler_copy                           0x00000104   Section       26  __scatter_copy.o(!!handler_copy)
    !!handler_zi                             0x00000120   Section       28  __scatter_zi.o(!!handler_zi)
    .ARM.Collect$$libinit$$00000000          0x0000013c   Section        2  libinit.o(.ARM.Collect$$libinit$$00000000)
    .ARM.Collect$$libinit$$00000002          0x0000013e   Section        0  libinit2.o(.ARM.Collect$$libinit$$00000002)
    .ARM.Collect$$libinit$$00000004          0x0000013e   Section        0  libinit2.o(.ARM.Collect$$libinit$$00000004)
    .ARM.Collect$$libinit$$0000000A          0x0000013e   Section        0  libinit2.o(.ARM.Collect$$libinit$$0000000A)
    .ARM.Collect$$libinit$$0000000C          0x0000013e   Section        0  libinit2.o(.ARM.Collect$$libinit$$0000000C)
    .ARM.Collect$$libinit$$0000000E          0x0000013e   Section        0  libinit2.o(.ARM.Collect$$libinit$$0000000E)
    .ARM.Collect$$libinit$$00000011          0x0000013e   Section        0  libinit2.o(.ARM.Collect$$libinit$$00000011)
    .ARM.Collect$$libinit$$00000013          0x0000013e   Section        0  libinit2.o(.ARM.Collect$$libinit$$00000013)
    .ARM.Collect$$libinit$$00000015          0x0000013e   Section        0  libinit2.o(.ARM.Collect$$libinit$$00000015)
    .ARM.Collect$$libinit$$00000017          0x0000013e   Section        0  libinit2.o(.ARM.Collect$$libinit$$00000017)
    .ARM.Collect$$libinit$$00000019          0x0000013e   Section        0  libinit2.o(.ARM.Collect$$libinit$$00000019)
    .ARM.Collect$$libinit$$0000001B          0x0000013e   Section        0  libinit2.o(.ARM.Collect$$libinit$$0000001B)
    .ARM.Collect$$libinit$$0000001D          0x0000013e   Section        0  libinit2.o(.ARM.Collect$$libinit$$0000001D)
    .ARM.Collect$$libinit$$0000001F          0x0000013e   Section        0  libinit2.o(.ARM.Collect$$libinit$$0000001F)
    .ARM.Collect$$libinit$$00000021          0x0000013e   Section        0  libinit2.o(.ARM.Collect$$libinit$$00000021)
    .ARM.Collect$$libinit$$00000023          0x0000013e   Section        0  libinit2.o(.ARM.Collect$$libinit$$00000023)
    .ARM.Collect$$libinit$$00000025          0x0000013e   Section        0  libinit2.o(.ARM.Collect$$libinit$$00000025)
    .ARM.Collect$$libinit$$0000002C          0x0000013e   Section        0  libinit2.o(.ARM.Collect$$libinit$$0000002C)
    .ARM.Collect$$libinit$$0000002E          0x0000013e   Section        0  libinit2.o(.ARM.Collect$$libinit$$0000002E)
    .ARM.Collect$$libinit$$00000030          0x0000013e   Section        0  libinit2.o(.ARM.Collect$$libinit$$00000030)
    .ARM.Collect$$libinit$$00000032          0x0000013e   Section        0  libinit2.o(.ARM.Collect$$libinit$$00000032)
    .ARM.Collect$$libinit$$00000033          0x0000013e   Section        2  libinit2.o(.ARM.Collect$$libinit$$00000033)
    .ARM.Collect$$libshutdown$$00000000      0x00000140   Section        2  libshutdown.o(.ARM.Collect$$libshutdown$$00000000)
    .ARM.Collect$$libshutdown$$00000002      0x00000142   Section        0  libshutdown2.o(.ARM.Collect$$libshutdown$$00000002)
    .ARM.Collect$$libshutdown$$00000004      0x00000142   Section        0  libshutdown2.o(.ARM.Collect$$libshutdown$$00000004)
    .ARM.Collect$$libshutdown$$00000007      0x00000142   Section        0  libshutdown2.o(.ARM.Collect$$libshutdown$$00000007)
    .ARM.Collect$$libshutdown$$0000000A      0x00000142   Section        0  libshutdown2.o(.ARM.Collect$$libshutdown$$0000000A)
    .ARM.Collect$$libshutdown$$0000000C      0x00000142   Section        0  libshutdown2.o(.ARM.Collect$$libshutdown$$0000000C)
    .ARM.Collect$$libshutdown$$0000000F      0x00000142   Section        0  libshutdown2.o(.ARM.Collect$$libshutdown$$0000000F)
    .ARM.Collect$$libshutdown$$00000010      0x00000142   Section        2  libshutdown2.o(.ARM.Collect$$libshutdown$$00000010)
    .ARM.Collect$$rtentry$$00000000          0x00000144   Section        0  __rtentry.o(.ARM.Collect$$rtentry$$00000000)
    .ARM.Collect$$rtentry$$00000002          0x00000144   Section        0  __rtentry2.o(.ARM.Collect$$rtentry$$00000002)
    .ARM.Collect$$rtentry$$00000004          0x00000144   Section        6  __rtentry4.o(.ARM.Collect$$rtentry$$00000004)
    .ARM.Collect$$rtentry$$00000009          0x0000014a   Section        0  __rtentry2.o(.ARM.Collect$$rtentry$$00000009)
    .ARM.Collect$$rtentry$$0000000A          0x0000014a   Section        4  __rtentry2.o(.ARM.Collect$$rtentry$$0000000A)
    .ARM.Collect$$rtentry$$0000000C          0x0000014e   Section        0  __rtentry2.o(.ARM.Collect$$rtentry$$0000000C)
    .ARM.Collect$$rtentry$$0000000D          0x0000014e   Section        8  __rtentry2.o(.ARM.Collect$$rtentry$$0000000D)
    .ARM.Collect$$rtexit$$00000000           0x00000156   Section        2  rtexit.o(.ARM.Collect$$rtexit$$00000000)
    .ARM.Collect$$rtexit$$00000002           0x00000158   Section        0  rtexit2.o(.ARM.Collect$$rtexit$$00000002)
    .ARM.Collect$$rtexit$$00000003           0x00000158   Section        4  rtexit2.o(.ARM.Collect$$rtexit$$00000003)
    .ARM.Collect$$rtexit$$00000004           0x0000015c   Section        6  rtexit2.o(.ARM.Collect$$rtexit$$00000004)
    .text                                    0x00000164   Section       56  startup_fm33lc0xx.o(.text)
    .text                                    0x0000019c   Section        0  lludiv.o(.text)
    .text                                    0x0000029e   Section        0  rt_memclr.o(.text)
    .text                                    0x000002de   Section      346  aeabi_sdiv.o(.text)
    .text                                    0x00000438   Section        0  heapauxi.o(.text)
    .text                                    0x00000440   Section        0  d2f.o(.text)
    .text                                    0x000004bc   Section        0  daddsub.o(.text)
    _dadd1                                   0x000004bd   Thumb Code   290  daddsub.o(.text)
    _dsub1                                   0x000005df   Thumb Code   470  daddsub.o(.text)
    .text                                    0x00000814   Section        0  ddiv.o(.text)
    .text                                    0x00000c5c   Section        0  dfixui.o(.text)
    .text                                    0x00000ca4   Section        0  f2d.o(.text)
    .text                                    0x00000cf8   Section        0  fdiv.o(.text)
    .text                                    0x00000e58   Section        0  fflti.o(.text)
    .text                                    0x00000eb6   Section       62  sys_stackheap_outer.o(.text)
    .text                                    0x00000ef4   Section        0  exit.o(.text)
    .text                                    0x00000f04   Section        8  libspace.o(.text)
    .text                                    0x00000f0c   Section        0  sys_exit.o(.text)
    .text                                    0x00000f18   Section        2  use_no_semi.o(.text)
    .text                                    0x00000f1a   Section        0  indicate_semi.o(.text)
    i.ClockInit                              0x00000f1c   Section        0  user_init.o(i.ClockInit)
    ClockInit                                0x00000f1d   Thumb Code   316  user_init.o(i.ClockInit)
    i.DelayMs                                0x00001070   Section        0  user_init.o(i.DelayMs)
    i.DelayUs                                0x00001088   Section        0  user_init.o(i.DelayUs)
    i.FoutInit                               0x000010d8   Section        0  user_init.o(i.FoutInit)
    FoutInit                                 0x000010d9   Thumb Code    58  user_init.o(i.FoutInit)
    i.LL_GPIO_Init                           0x0000111c   Section        0  fm33lc0xx_ll_gpio.o(i.LL_GPIO_Init)
    i.LL_GPIO_ResetOutputPin                 0x000012c4   Section        0  user_init.o(i.LL_GPIO_ResetOutputPin)
    LL_GPIO_ResetOutputPin                   0x000012c5   Thumb Code    10  user_init.o(i.LL_GPIO_ResetOutputPin)
    i.LL_LCD_DisplayFreq                     0x000012d0   Section        0  fm33lc0xx_ll_lcd.o(i.LL_LCD_DisplayFreq)
    LL_LCD_DisplayFreq                       0x000012d1   Thumb Code   250  fm33lc0xx_ll_lcd.o(i.LL_LCD_DisplayFreq)
    i.LL_LCD_EnableComPin                    0x000013d8   Section        0  lcd.o(i.LL_LCD_EnableComPin)
    LL_LCD_EnableComPin                      0x000013d9   Thumb Code    20  lcd.o(i.LL_LCD_EnableComPin)
    i.LL_LCD_EnableSegPin                    0x000013ec   Section        0  lcd.o(i.LL_LCD_EnableSegPin)
    LL_LCD_EnableSegPin                      0x000013ed   Thumb Code     8  lcd.o(i.LL_LCD_EnableSegPin)
    i.LL_LCD_FlickTime                       0x000013f4   Section        0  fm33lc0xx_ll_lcd.o(i.LL_LCD_FlickTime)
    LL_LCD_FlickTime                         0x000013f5   Thumb Code   226  fm33lc0xx_ll_lcd.o(i.LL_LCD_FlickTime)
    i.LL_LCD_GetCOMxNum                      0x000014e4   Section        0  fm33lc0xx_ll_lcd.o(i.LL_LCD_GetCOMxNum)
    LL_LCD_GetCOMxNum                        0x000014e5   Thumb Code    10  fm33lc0xx_ll_lcd.o(i.LL_LCD_GetCOMxNum)
    i.LL_LCD_Init                            0x000014f0   Section        0  fm33lc0xx_ll_lcd.o(i.LL_LCD_Init)
    i.LL_LCD_SetDisplayData                  0x00001754   Section        0  lcd.o(i.LL_LCD_SetDisplayData)
    LL_LCD_SetDisplayData                    0x00001755   Thumb Code    16  lcd.o(i.LL_LCD_SetDisplayData)
    i.LL_RCC_SetRCHFFrequency                0x00001764   Section        0  user_init.o(i.LL_RCC_SetRCHFFrequency)
    LL_RCC_SetRCHFFrequency                  0x00001765   Thumb Code    18  user_init.o(i.LL_RCC_SetRCHFFrequency)
    i.LL_RCC_SetRCHFTrimValue                0x0000177c   Section        0  user_init.o(i.LL_RCC_SetRCHFTrimValue)
    LL_RCC_SetRCHFTrimValue                  0x0000177d   Thumb Code    16  user_init.o(i.LL_RCC_SetRCHFTrimValue)
    i.LcdDisplayAll                          0x00001790   Section        0  lcd.o(i.LcdDisplayAll)
    i.LcdDisplayBIT                          0x0000181c   Section        0  lcd.o(i.LcdDisplayBIT)
    i.LcdDisplayNumber                       0x00001864   Section        0  lcd.o(i.LcdDisplayNumber)
    i.LcdDisplayRefresh                      0x00002100   Section        0  lcd.o(i.LcdDisplayRefresh)
    i.LcdInit                                0x0000216c   Section        0  lcd.o(i.LcdInit)
    i.LedInit                                0x00002314   Section        0  user_init.o(i.LedInit)
    LedInit                                  0x00002315   Thumb Code    92  user_init.o(i.LedInit)
    i.MF_Clock_Init                          0x00002374   Section        0  mf_config.o(i.MF_Clock_Init)
    i.MF_Config_Init                         0x000023d4   Section        0  mf_config.o(i.MF_Config_Init)
    i.MF_SystemClock_Config                  0x000023d6   Section        0  mf_config.o(i.MF_SystemClock_Config)
    i.SystemInit                             0x000023d8   Section        0  system_fm33lc0xx.o(i.SystemInit)
    i.SystickInit                            0x000024a4   Section        0  user_init.o(i.SystickInit)
    SystickInit                              0x000024a5   Thumb Code    32  user_init.o(i.SystickInit)
    i.UserInit                               0x000024cc   Section        0  user_init.o(i.UserInit)
    i.__ARM_common_ll_muluu                  0x000024e0   Section        0  user_init.o(i.__ARM_common_ll_muluu)
    i.__ARM_common_switch8                   0x00002510   Section        0  lcd.o(i.__ARM_common_switch8)
    i.main                                   0x0000252c   Section        0  main.o(i.main)
    .constdata                               0x00002598   Section       17  lcd.o(.constdata)
    x$fpl$usenofp                            0x00002598   Section        0  usenofp.o(x$fpl$usenofp)
    .constdata                               0x000025a9   Section      128  ddiv.o(.constdata)
    ddiv_reciptbl                            0x000025a9   Data         128  ddiv.o(.constdata)
    .constdata                               0x00002629   Section       64  fdiv.o(.constdata)
    fdiv_tab                                 0x00002629   Data          64  fdiv.o(.constdata)
    .data                                    0x20000000   Section        1  main.o(.data)
    .data                                    0x20000004   Section        4  user_init.o(.data)
    .bss                                     0x20000008   Section       32  lcd.o(.bss)
    .bss                                     0x20000028   Section       96  libspace.o(.bss)
    HEAP                                     0x20000088   Section     2048  startup_fm33lc0xx.o(HEAP)
    Heap_Mem                                 0x20000088   Data        2048  startup_fm33lc0xx.o(HEAP)
    STACK                                    0x20000888   Section     2048  startup_fm33lc0xx.o(STACK)
    Stack_Mem                                0x20000888   Data        2048  startup_fm33lc0xx.o(STACK)
    __initial_sp                             0x20001088   Data           0  startup_fm33lc0xx.o(STACK)

    Global Symbols

    Symbol Name                              Value     Ov Type        Size  Object(Section)

    BuildAttributes$$THM_ISAv3M$S$PE$A:L22$X:L11$S22$IEEE1$IW$USESV6$~STKCKD$USESV7$~SHL$OSPACE$ROPI$EBA8$UX$STANDARDLIB$REQ8$PRES8$EABIv2 0x00000000   Number         0  anon$$obj.o ABSOLUTE
    __ARM_use_no_argv                        0x00000000   Number         0  main.o ABSOLUTE
    __Vectors                                0x00000000   Data           4  startup_fm33lc0xx.o(RESET)
    __ARM_exceptions_init                     - Undefined Weak Reference
    __alloca_initialize                       - Undefined Weak Reference
    __arm_preinit_                            - Undefined Weak Reference
    __cpp_initialize__aeabi_                  - Undefined Weak Reference
    __cxa_finalize                            - Undefined Weak Reference
    __rt_locale                               - Undefined Weak Reference
    __sigvec_lookup                           - Undefined Weak Reference
    _atexit_init                              - Undefined Weak Reference
    _call_atexit_fns                          - Undefined Weak Reference
    _clock_init                               - Undefined Weak Reference
    _fp_trap_init                             - Undefined Weak Reference
    _fp_trap_shutdown                         - Undefined Weak Reference
    _get_lc_collate                           - Undefined Weak Reference
    _get_lc_ctype                             - Undefined Weak Reference
    _get_lc_monetary                          - Undefined Weak Reference
    _get_lc_numeric                           - Undefined Weak Reference
    _get_lc_time                              - Undefined Weak Reference
    _getenv_init                              - Undefined Weak Reference
    _handle_redirection                       - Undefined Weak Reference
    _init_alloc                               - Undefined Weak Reference
    _init_user_alloc                          - Undefined Weak Reference
    _initio                                   - Undefined Weak Reference
    _rand_init                                - Undefined Weak Reference
    _signal_finish                            - Undefined Weak Reference
    _signal_init                              - Undefined Weak Reference
    _terminate_alloc                          - Undefined Weak Reference
    _terminate_user_alloc                     - Undefined Weak Reference
    _terminateio                              - Undefined Weak Reference
    __Vectors_End                            0x000000c0   Data           0  startup_fm33lc0xx.o(RESET)
    __Vectors_Size                           0x000000c0   Number         0  startup_fm33lc0xx.o ABSOLUTE
    __main                                   0x000000c1   Thumb Code     8  __main.o(!!!main)
    __scatterload                            0x000000c9   Thumb Code     0  __scatter.o(!!!scatter)
    __scatterload_rt2                        0x000000c9   Thumb Code    52  __scatter.o(!!!scatter)
    __scatterload_rt2_thumb_only             0x000000c9   Thumb Code     0  __scatter.o(!!!scatter)
    __scatterload_null                       0x000000d9   Thumb Code     0  __scatter.o(!!!scatter)
    __scatterload_copy                       0x00000105   Thumb Code    26  __scatter_copy.o(!!handler_copy)
    __scatterload_zeroinit                   0x00000121   Thumb Code    28  __scatter_zi.o(!!handler_zi)
    __rt_lib_init                            0x0000013d   Thumb Code     0  libinit.o(.ARM.Collect$$libinit$$00000000)
    __rt_lib_init_alloca_1                   0x0000013f   Thumb Code     0  libinit2.o(.ARM.Collect$$libinit$$0000002E)
    __rt_lib_init_argv_1                     0x0000013f   Thumb Code     0  libinit2.o(.ARM.Collect$$libinit$$0000002C)
    __rt_lib_init_atexit_1                   0x0000013f   Thumb Code     0  libinit2.o(.ARM.Collect$$libinit$$0000001B)
    __rt_lib_init_clock_1                    0x0000013f   Thumb Code     0  libinit2.o(.ARM.Collect$$libinit$$00000021)
    __rt_lib_init_cpp_1                      0x0000013f   Thumb Code     0  libinit2.o(.ARM.Collect$$libinit$$00000032)
    __rt_lib_init_exceptions_1               0x0000013f   Thumb Code     0  libinit2.o(.ARM.Collect$$libinit$$00000030)
    __rt_lib_init_fp_1                       0x0000013f   Thumb Code     0  libinit2.o(.ARM.Collect$$libinit$$00000002)
    __rt_lib_init_fp_trap_1                  0x0000013f   Thumb Code     0  libinit2.o(.ARM.Collect$$libinit$$0000001F)
    __rt_lib_init_getenv_1                   0x0000013f   Thumb Code     0  libinit2.o(.ARM.Collect$$libinit$$00000023)
    __rt_lib_init_heap_1                     0x0000013f   Thumb Code     0  libinit2.o(.ARM.Collect$$libinit$$0000000A)
    __rt_lib_init_lc_collate_1               0x0000013f   Thumb Code     0  libinit2.o(.ARM.Collect$$libinit$$00000011)
    __rt_lib_init_lc_ctype_1                 0x0000013f   Thumb Code     0  libinit2.o(.ARM.Collect$$libinit$$00000013)
    __rt_lib_init_lc_monetary_1              0x0000013f   Thumb Code     0  libinit2.o(.ARM.Collect$$libinit$$00000015)
    __rt_lib_init_lc_numeric_1               0x0000013f   Thumb Code     0  libinit2.o(.ARM.Collect$$libinit$$00000017)
    __rt_lib_init_lc_time_1                  0x0000013f   Thumb Code     0  libinit2.o(.ARM.Collect$$libinit$$00000019)
    __rt_lib_init_preinit_1                  0x0000013f   Thumb Code     0  libinit2.o(.ARM.Collect$$libinit$$00000004)
    __rt_lib_init_rand_1                     0x0000013f   Thumb Code     0  libinit2.o(.ARM.Collect$$libinit$$0000000E)
    __rt_lib_init_return                     0x0000013f   Thumb Code     0  libinit2.o(.ARM.Collect$$libinit$$00000033)
    __rt_lib_init_signal_1                   0x0000013f   Thumb Code     0  libinit2.o(.ARM.Collect$$libinit$$0000001D)
    __rt_lib_init_stdio_1                    0x0000013f   Thumb Code     0  libinit2.o(.ARM.Collect$$libinit$$00000025)
    __rt_lib_init_user_alloc_1               0x0000013f   Thumb Code     0  libinit2.o(.ARM.Collect$$libinit$$0000000C)
    __rt_lib_shutdown                        0x00000141   Thumb Code     0  libshutdown.o(.ARM.Collect$$libshutdown$$00000000)
    __rt_lib_shutdown_cpp_1                  0x00000143   Thumb Code     0  libshutdown2.o(.ARM.Collect$$libshutdown$$00000002)
    __rt_lib_shutdown_fp_trap_1              0x00000143   Thumb Code     0  libshutdown2.o(.ARM.Collect$$libshutdown$$00000007)
    __rt_lib_shutdown_heap_1                 0x00000143   Thumb Code     0  libshutdown2.o(.ARM.Collect$$libshutdown$$0000000F)
    __rt_lib_shutdown_return                 0x00000143   Thumb Code     0  libshutdown2.o(.ARM.Collect$$libshutdown$$00000010)
    __rt_lib_shutdown_signal_1               0x00000143   Thumb Code     0  libshutdown2.o(.ARM.Collect$$libshutdown$$0000000A)
    __rt_lib_shutdown_stdio_1                0x00000143   Thumb Code     0  libshutdown2.o(.ARM.Collect$$libshutdown$$00000004)
    __rt_lib_shutdown_user_alloc_1           0x00000143   Thumb Code     0  libshutdown2.o(.ARM.Collect$$libshutdown$$0000000C)
    __rt_entry                               0x00000145   Thumb Code     0  __rtentry.o(.ARM.Collect$$rtentry$$00000000)
    __rt_entry_presh_1                       0x00000145   Thumb Code     0  __rtentry2.o(.ARM.Collect$$rtentry$$00000002)
    __rt_entry_sh                            0x00000145   Thumb Code     0  __rtentry4.o(.ARM.Collect$$rtentry$$00000004)
    __rt_entry_li                            0x0000014b   Thumb Code     0  __rtentry2.o(.ARM.Collect$$rtentry$$0000000A)
    __rt_entry_postsh_1                      0x0000014b   Thumb Code     0  __rtentry2.o(.ARM.Collect$$rtentry$$00000009)
    __rt_entry_main                          0x0000014f   Thumb Code     0  __rtentry2.o(.ARM.Collect$$rtentry$$0000000D)
    __rt_entry_postli_1                      0x0000014f   Thumb Code     0  __rtentry2.o(.ARM.Collect$$rtentry$$0000000C)
    __rt_exit                                0x00000157   Thumb Code     0  rtexit.o(.ARM.Collect$$rtexit$$00000000)
    __rt_exit_ls                             0x00000159   Thumb Code     0  rtexit2.o(.ARM.Collect$$rtexit$$00000003)
    __rt_exit_prels_1                        0x00000159   Thumb Code     0  rtexit2.o(.ARM.Collect$$rtexit$$00000002)
    __rt_exit_exit                           0x0000015d   Thumb Code     0  rtexit2.o(.ARM.Collect$$rtexit$$00000004)
    Reset_Handler                            0x00000165   Thumb Code     8  startup_fm33lc0xx.o(.text)
    NMI_Handler                              0x0000016d   Thumb Code     2  startup_fm33lc0xx.o(.text)
    HardFault_Handler                        0x0000016f   Thumb Code     2  startup_fm33lc0xx.o(.text)
    SVC_Handler                              0x00000171   Thumb Code     2  startup_fm33lc0xx.o(.text)
    PendSV_Handler                           0x00000173   Thumb Code     2  startup_fm33lc0xx.o(.text)
    SysTick_Handler                          0x00000175   Thumb Code     2  startup_fm33lc0xx.o(.text)
    ADC_IRQHandler                           0x00000177   Thumb Code     0  startup_fm33lc0xx.o(.text)
    AES_IRQHandler                           0x00000177   Thumb Code     0  startup_fm33lc0xx.o(.text)
    ATIM_IRQHandler                          0x00000177   Thumb Code     0  startup_fm33lc0xx.o(.text)
    BSTIM_IRQHandler                         0x00000177   Thumb Code     0  startup_fm33lc0xx.o(.text)
    COMPx_IRQHandler                         0x00000177   Thumb Code     0  startup_fm33lc0xx.o(.text)
    DMA_IRQHandler                           0x00000177   Thumb Code     0  startup_fm33lc0xx.o(.text)
    FLASH_IRQHandler                         0x00000177   Thumb Code     0  startup_fm33lc0xx.o(.text)
    GPIO_IRQHandler                          0x00000177   Thumb Code     0  startup_fm33lc0xx.o(.text)
    GPTIM0_IRQHandler                        0x00000177   Thumb Code     0  startup_fm33lc0xx.o(.text)
    GPTIM1_IRQHandler                        0x00000177   Thumb Code     0  startup_fm33lc0xx.o(.text)
    HFDET_IRQHandler                         0x00000177   Thumb Code     0  startup_fm33lc0xx.o(.text)
    I2C_IRQHandler                           0x00000177   Thumb Code     0  startup_fm33lc0xx.o(.text)
    IWDT_IRQHandler                          0x00000177   Thumb Code     0  startup_fm33lc0xx.o(.text)
    LCD_IRQHandler                           0x00000177   Thumb Code     0  startup_fm33lc0xx.o(.text)
    LFDET_IRQHandler                         0x00000177   Thumb Code     0  startup_fm33lc0xx.o(.text)
    LPTIM_IRQHandler                         0x00000177   Thumb Code     0  startup_fm33lc0xx.o(.text)
    LPUART0_IRQHandler                       0x00000177   Thumb Code     0  startup_fm33lc0xx.o(.text)
    LPUART1_IRQHandler                       0x00000177   Thumb Code     0  startup_fm33lc0xx.o(.text)
    OPAx_IRQHandler                          0x00000177   Thumb Code     0  startup_fm33lc0xx.o(.text)
    RTC_IRQHandler                           0x00000177   Thumb Code     0  startup_fm33lc0xx.o(.text)
    SPI1_IRQHandler                          0x00000177   Thumb Code     0  startup_fm33lc0xx.o(.text)
    SPI2_IRQHandler                          0x00000177   Thumb Code     0  startup_fm33lc0xx.o(.text)
    SVD_IRQHandler                           0x00000177   Thumb Code     0  startup_fm33lc0xx.o(.text)
    U7816_IRQHandler                         0x00000177   Thumb Code     0  startup_fm33lc0xx.o(.text)
    UART0_IRQHandler                         0x00000177   Thumb Code     0  startup_fm33lc0xx.o(.text)
    UART1_IRQHandler                         0x00000177   Thumb Code     0  startup_fm33lc0xx.o(.text)
    UART4_IRQHandler                         0x00000177   Thumb Code     0  startup_fm33lc0xx.o(.text)
    UART5_IRQHandler                         0x00000177   Thumb Code     0  startup_fm33lc0xx.o(.text)
    USB_IRQHandler                           0x00000177   Thumb Code     0  startup_fm33lc0xx.o(.text)
    VREF_IRQHandler                          0x00000177   Thumb Code     0  startup_fm33lc0xx.o(.text)
    WKUP_IRQHandler                          0x00000177   Thumb Code     0  startup_fm33lc0xx.o(.text)
    WWDT_IRQHandler                          0x00000177   Thumb Code     0  startup_fm33lc0xx.o(.text)
    __user_initial_stackheap                 0x00000179   Thumb Code     0  startup_fm33lc0xx.o(.text)
    __aeabi_uldivmod                         0x0000019d   Thumb Code   258  lludiv.o(.text)
    _ll_udiv                                 0x0000019d   Thumb Code     0  lludiv.o(.text)
    _memset_w                                0x0000029f   Thumb Code    26  rt_memclr.o(.text)
    _memset                                  0x000002b9   Thumb Code    30  rt_memclr.o(.text)
    __aeabi_memclr                           0x000002d7   Thumb Code     4  rt_memclr.o(.text)
    __rt_memclr                              0x000002d7   Thumb Code     0  rt_memclr.o(.text)
    __aeabi_memclr4                          0x000002db   Thumb Code     0  rt_memclr.o(.text)
    __aeabi_memclr8                          0x000002db   Thumb Code     0  rt_memclr.o(.text)
    __rt_memclr_w                            0x000002db   Thumb Code     4  rt_memclr.o(.text)
    __aeabi_uidiv                            0x000002df   Thumb Code     0  aeabi_sdiv.o(.text)
    __aeabi_uidivmod                         0x000002df   Thumb Code    20  aeabi_sdiv.o(.text)
    __aeabi_idiv                             0x000002f3   Thumb Code     0  aeabi_sdiv.o(.text)
    __aeabi_idivmod                          0x000002f3   Thumb Code   326  aeabi_sdiv.o(.text)
    __use_two_region_memory                  0x00000439   Thumb Code     2  heapauxi.o(.text)
    __rt_heap_escrow$2region                 0x0000043b   Thumb Code     2  heapauxi.o(.text)
    __rt_heap_expand$2region                 0x0000043d   Thumb Code     2  heapauxi.o(.text)
    __aeabi_d2f                              0x00000441   Thumb Code     0  d2f.o(.text)
    _d2f                                     0x00000441   Thumb Code   120  d2f.o(.text)
    __aeabi_dadd                             0x000007b5   Thumb Code     0  daddsub.o(.text)
    _dadd                                    0x000007b5   Thumb Code    26  daddsub.o(.text)
    __aeabi_dsub                             0x000007cf   Thumb Code     0  daddsub.o(.text)
    _dsub                                    0x000007cf   Thumb Code    22  daddsub.o(.text)
    __aeabi_drsub                            0x000007e5   Thumb Code     0  daddsub.o(.text)
    _drsb                                    0x000007e5   Thumb Code    28  daddsub.o(.text)
    __aeabi_ddiv                             0x00000815   Thumb Code     0  ddiv.o(.text)
    _ddiv                                    0x00000815   Thumb Code  1072  ddiv.o(.text)
    _drdiv                                   0x00000c45   Thumb Code    20  ddiv.o(.text)
    __aeabi_d2uiz                            0x00000c5d   Thumb Code     0  dfixui.o(.text)
    _dfixu                                   0x00000c5d   Thumb Code    68  dfixui.o(.text)
    __aeabi_f2d                              0x00000ca5   Thumb Code     0  f2d.o(.text)
    _f2d                                     0x00000ca5   Thumb Code    80  f2d.o(.text)
    __aeabi_fdiv                             0x00000cf9   Thumb Code     0  fdiv.o(.text)
    _fdiv                                    0x00000cf9   Thumb Code   334  fdiv.o(.text)
    _frdiv                                   0x00000e47   Thumb Code     8  fdiv.o(.text)
    __aeabi_i2f_normalise                    0x00000e59   Thumb Code    72  fflti.o(.text)
    __aeabi_i2f                              0x00000ea1   Thumb Code    16  fflti.o(.text)
    _fflt                                    0x00000ea1   Thumb Code     0  fflti.o(.text)
    __aeabi_ui2f                             0x00000eb1   Thumb Code     6  fflti.o(.text)
    _ffltu                                   0x00000eb1   Thumb Code     0  fflti.o(.text)
    __user_setup_stackheap                   0x00000eb7   Thumb Code    62  sys_stackheap_outer.o(.text)
    exit                                     0x00000ef5   Thumb Code    16  exit.o(.text)
    __user_libspace                          0x00000f05   Thumb Code     8  libspace.o(.text)
    __user_perproc_libspace                  0x00000f05   Thumb Code     0  libspace.o(.text)
    __user_perthread_libspace                0x00000f05   Thumb Code     0  libspace.o(.text)
    _sys_exit                                0x00000f0d   Thumb Code     8  sys_exit.o(.text)
    __I$use$semihosting                      0x00000f19   Thumb Code     0  use_no_semi.o(.text)
    __use_no_semihosting_swi                 0x00000f19   Thumb Code     2  use_no_semi.o(.text)
    __semihosting_library_function           0x00000f1b   Thumb Code     0  indicate_semi.o(.text)
    DelayMs                                  0x00001071   Thumb Code    24  user_init.o(i.DelayMs)
    DelayUs                                  0x00001089   Thumb Code    66  user_init.o(i.DelayUs)
    LL_GPIO_Init                             0x0000111d   Thumb Code   412  fm33lc0xx_ll_gpio.o(i.LL_GPIO_Init)
    LL_LCD_Init                              0x000014f1   Thumb Code   602  fm33lc0xx_ll_lcd.o(i.LL_LCD_Init)
    LcdDisplayAll                            0x00001791   Thumb Code   132  lcd.o(i.LcdDisplayAll)
    LcdDisplayBIT                            0x0000181d   Thumb Code    66  lcd.o(i.LcdDisplayBIT)
    LcdDisplayNumber                         0x00001865   Thumb Code  2198  lcd.o(i.LcdDisplayNumber)
    LcdDisplayRefresh                        0x00002101   Thumb Code   100  lcd.o(i.LcdDisplayRefresh)
    LcdInit                                  0x0000216d   Thumb Code   404  lcd.o(i.LcdInit)
    MF_Clock_Init                            0x00002375   Thumb Code    84  mf_config.o(i.MF_Clock_Init)
    MF_Config_Init                           0x000023d5   Thumb Code     2  mf_config.o(i.MF_Config_Init)
    MF_SystemClock_Config                    0x000023d7   Thumb Code     2  mf_config.o(i.MF_SystemClock_Config)
    SystemInit                               0x000023d9   Thumb Code   186  system_fm33lc0xx.o(i.SystemInit)
    UserInit                                 0x000024cd   Thumb Code    20  user_init.o(i.UserInit)
    __ARM_common_ll_muluu                    0x000024e1   Thumb Code    48  user_init.o(i.__ARM_common_ll_muluu)
    __ARM_common_switch8                     0x00002511   Thumb Code    28  lcd.o(i.__ARM_common_switch8)
    main                                     0x0000252d   Thumb Code    94  main.o(i.main)
    FONT_CODE_TABLE                          0x00002598   Data          17  lcd.o(.constdata)
    __I$use$fp                               0x00002598   Number         0  usenofp.o(x$fpl$usenofp)
    Region$$Table$$Base                      0x0000266c   Number         0  anon$$obj.o(Region$$Table)
    Region$$Table$$Limit                     0x0000268c   Number         0  anon$$obj.o(Region$$Table)
    number                                   0x20000000   Data           1  main.o(.data)
    systemClock                              0x20000004   Data           4  user_init.o(.data)
    dispBuf                                  0x20000008   Data          32  lcd.o(.bss)
    __libspace_start                         0x20000028   Data          96  libspace.o(.bss)
    __temporary_stack_top$libspace           0x20000088   Data           0  libspace.o(.bss)



==============================================================================

Memory Map of the image

  Image Entry point : 0x000000c1

  Load Region LR_IROM1 (Base: 0x00000000, Size: 0x00002694, Max: 0x00040000, ABSOLUTE)

    Execution Region ER_IROM1 (Base: 0x00000000, Size: 0x0000268c, Max: 0x00040000, ABSOLUTE)

    Base Addr    Size         Type   Attr      Idx    E Section Name        Object

    0x00000000   0x000000c0   Data   RO            3    RESET               startup_fm33lc0xx.o
    0x000000c0   0x00000008   Code   RO         1970  * !!!main             c_p.l(__main.o)
    0x000000c8   0x0000003c   Code   RO         2164    !!!scatter          c_p.l(__scatter.o)
    0x00000104   0x0000001a   Code   RO         2166    !!handler_copy      c_p.l(__scatter_copy.o)
    0x0000011e   0x00000002   PAD
    0x00000120   0x0000001c   Code   RO         2168    !!handler_zi        c_p.l(__scatter_zi.o)
    0x0000013c   0x00000002   Code   RO         2033    .ARM.Collect$$libinit$$00000000  c_p.l(libinit.o)
    0x0000013e   0x00000000   Code   RO         2047    .ARM.Collect$$libinit$$00000002  c_p.l(libinit2.o)
    0x0000013e   0x00000000   Code   RO         2049    .ARM.Collect$$libinit$$00000004  c_p.l(libinit2.o)
    0x0000013e   0x00000000   Code   RO         2052    .ARM.Collect$$libinit$$0000000A  c_p.l(libinit2.o)
    0x0000013e   0x00000000   Code   RO         2054    .ARM.Collect$$libinit$$0000000C  c_p.l(libinit2.o)
    0x0000013e   0x00000000   Code   RO         2056    .ARM.Collect$$libinit$$0000000E  c_p.l(libinit2.o)
    0x0000013e   0x00000000   Code   RO         2059    .ARM.Collect$$libinit$$00000011  c_p.l(libinit2.o)
    0x0000013e   0x00000000   Code   RO         2061    .ARM.Collect$$libinit$$00000013  c_p.l(libinit2.o)
    0x0000013e   0x00000000   Code   RO         2063    .ARM.Collect$$libinit$$00000015  c_p.l(libinit2.o)
    0x0000013e   0x00000000   Code   RO         2065    .ARM.Collect$$libinit$$00000017  c_p.l(libinit2.o)
    0x0000013e   0x00000000   Code   RO         2067    .ARM.Collect$$libinit$$00000019  c_p.l(libinit2.o)
    0x0000013e   0x00000000   Code   RO         2069    .ARM.Collect$$libinit$$0000001B  c_p.l(libinit2.o)
    0x0000013e   0x00000000   Code   RO         2071    .ARM.Collect$$libinit$$0000001D  c_p.l(libinit2.o)
    0x0000013e   0x00000000   Code   RO         2073    .ARM.Collect$$libinit$$0000001F  c_p.l(libinit2.o)
    0x0000013e   0x00000000   Code   RO         2075    .ARM.Collect$$libinit$$00000021  c_p.l(libinit2.o)
    0x0000013e   0x00000000   Code   RO         2077    .ARM.Collect$$libinit$$00000023  c_p.l(libinit2.o)
    0x0000013e   0x00000000   Code   RO         2079    .ARM.Collect$$libinit$$00000025  c_p.l(libinit2.o)
    0x0000013e   0x00000000   Code   RO         2083    .ARM.Collect$$libinit$$0000002C  c_p.l(libinit2.o)
    0x0000013e   0x00000000   Code   RO         2085    .ARM.Collect$$libinit$$0000002E  c_p.l(libinit2.o)
    0x0000013e   0x00000000   Code   RO         2087    .ARM.Collect$$libinit$$00000030  c_p.l(libinit2.o)
    0x0000013e   0x00000000   Code   RO         2089    .ARM.Collect$$libinit$$00000032  c_p.l(libinit2.o)
    0x0000013e   0x00000002   Code   RO         2090    .ARM.Collect$$libinit$$00000033  c_p.l(libinit2.o)
    0x00000140   0x00000002   Code   RO         2121    .ARM.Collect$$libshutdown$$00000000  c_p.l(libshutdown.o)
    0x00000142   0x00000000   Code   RO         2147    .ARM.Collect$$libshutdown$$00000002  c_p.l(libshutdown2.o)
    0x00000142   0x00000000   Code   RO         2149    .ARM.Collect$$libshutdown$$00000004  c_p.l(libshutdown2.o)
    0x00000142   0x00000000   Code   RO         2152    .ARM.Collect$$libshutdown$$00000007  c_p.l(libshutdown2.o)
    0x00000142   0x00000000   Code   RO         2155    .ARM.Collect$$libshutdown$$0000000A  c_p.l(libshutdown2.o)
    0x00000142   0x00000000   Code   RO         2157    .ARM.Collect$$libshutdown$$0000000C  c_p.l(libshutdown2.o)
    0x00000142   0x00000000   Code   RO         2160    .ARM.Collect$$libshutdown$$0000000F  c_p.l(libshutdown2.o)
    0x00000142   0x00000002   Code   RO         2161    .ARM.Collect$$libshutdown$$00000010  c_p.l(libshutdown2.o)
    0x00000144   0x00000000   Code   RO         1992    .ARM.Collect$$rtentry$$00000000  c_p.l(__rtentry.o)
    0x00000144   0x00000000   Code   RO         2003    .ARM.Collect$$rtentry$$00000002  c_p.l(__rtentry2.o)
    0x00000144   0x00000006   Code   RO         2015    .ARM.Collect$$rtentry$$00000004  c_p.l(__rtentry4.o)
    0x0000014a   0x00000000   Code   RO         2005    .ARM.Collect$$rtentry$$00000009  c_p.l(__rtentry2.o)
    0x0000014a   0x00000004   Code   RO         2006    .ARM.Collect$$rtentry$$0000000A  c_p.l(__rtentry2.o)
    0x0000014e   0x00000000   Code   RO         2008    .ARM.Collect$$rtentry$$0000000C  c_p.l(__rtentry2.o)
    0x0000014e   0x00000008   Code   RO         2009    .ARM.Collect$$rtentry$$0000000D  c_p.l(__rtentry2.o)
    0x00000156   0x00000002   Code   RO         2038    .ARM.Collect$$rtexit$$00000000  c_p.l(rtexit.o)
    0x00000158   0x00000000   Code   RO         2094    .ARM.Collect$$rtexit$$00000002  c_p.l(rtexit2.o)
    0x00000158   0x00000004   Code   RO         2095    .ARM.Collect$$rtexit$$00000003  c_p.l(rtexit2.o)
    0x0000015c   0x00000006   Code   RO         2096    .ARM.Collect$$rtexit$$00000004  c_p.l(rtexit2.o)
    0x00000162   0x00000002   PAD
    0x00000164   0x00000038   Code   RO            4    .text               startup_fm33lc0xx.o
    0x0000019c   0x00000102   Code   RO         1960    .text               c_p.l(lludiv.o)
    0x0000029e   0x00000040   Code   RO         1962    .text               c_p.l(rt_memclr.o)
    0x000002de   0x0000015a   Code   RO         1964    .text               c_p.l(aeabi_sdiv.o)
    0x00000438   0x00000006   Code   RO         1968    .text               c_p.l(heapauxi.o)
    0x0000043e   0x00000002   PAD
    0x00000440   0x0000007c   Code   RO         1972    .text               fz_ps.l(d2f.o)
    0x000004bc   0x00000358   Code   RO         1974    .text               fz_ps.l(daddsub.o)
    0x00000814   0x00000448   Code   RO         1976    .text               fz_ps.l(ddiv.o)
    0x00000c5c   0x00000048   Code   RO         1979    .text               fz_ps.l(dfixui.o)
    0x00000ca4   0x00000054   Code   RO         1985    .text               fz_ps.l(f2d.o)
    0x00000cf8   0x00000160   Code   RO         1987    .text               fz_ps.l(fdiv.o)
    0x00000e58   0x0000005e   Code   RO         1990    .text               fz_ps.l(fflti.o)
    0x00000eb6   0x0000003e   Code   RO         2019    .text               c_p.l(sys_stackheap_outer.o)
    0x00000ef4   0x00000010   Code   RO         2022    .text               c_p.l(exit.o)
    0x00000f04   0x00000008   Code   RO         2034    .text               c_p.l(libspace.o)
    0x00000f0c   0x0000000c   Code   RO         2091    .text               c_p.l(sys_exit.o)
    0x00000f18   0x00000002   Code   RO         2110    .text               c_p.l(use_no_semi.o)
    0x00000f1a   0x00000000   Code   RO         2112    .text               c_p.l(indicate_semi.o)
    0x00000f1a   0x00000002   PAD
    0x00000f1c   0x00000154   Code   RO          223    i.ClockInit         user_init.o
    0x00001070   0x00000018   Code   RO          224    i.DelayMs           user_init.o
    0x00001088   0x00000050   Code   RO          225    i.DelayUs           user_init.o
    0x000010d8   0x00000044   Code   RO          226    i.FoutInit          user_init.o
    0x0000111c   0x000001a8   Code   RO          943    i.LL_GPIO_Init      fm33lc0xx_ll_gpio.o
    0x000012c4   0x0000000a   Code   RO          227    i.LL_GPIO_ResetOutputPin  user_init.o
    0x000012ce   0x00000002   PAD
    0x000012d0   0x00000108   Code   RO         1265    i.LL_LCD_DisplayFreq  fm33lc0xx_ll_lcd.o
    0x000013d8   0x00000014   Code   RO          304    i.LL_LCD_EnableComPin  lcd.o
    0x000013ec   0x00000008   Code   RO          305    i.LL_LCD_EnableSegPin  lcd.o
    0x000013f4   0x000000f0   Code   RO         1266    i.LL_LCD_FlickTime  fm33lc0xx_ll_lcd.o
    0x000014e4   0x0000000a   Code   RO         1267    i.LL_LCD_GetCOMxNum  fm33lc0xx_ll_lcd.o
    0x000014ee   0x00000002   PAD
    0x000014f0   0x00000264   Code   RO         1268    i.LL_LCD_Init       fm33lc0xx_ll_lcd.o
    0x00001754   0x00000010   Code   RO          306    i.LL_LCD_SetDisplayData  lcd.o
    0x00001764   0x00000018   Code   RO          228    i.LL_RCC_SetRCHFFrequency  user_init.o
    0x0000177c   0x00000014   Code   RO          229    i.LL_RCC_SetRCHFTrimValue  user_init.o
    0x00001790   0x0000008c   Code   RO          307    i.LcdDisplayAll     lcd.o
    0x0000181c   0x00000048   Code   RO          308    i.LcdDisplayBIT     lcd.o
    0x00001864   0x0000089c   Code   RO          309    i.LcdDisplayNumber  lcd.o
    0x00002100   0x0000006c   Code   RO          310    i.LcdDisplayRefresh  lcd.o
    0x0000216c   0x000001a8   Code   RO          311    i.LcdInit           lcd.o
    0x00002314   0x00000060   Code   RO          230    i.LedInit           user_init.o
    0x00002374   0x00000060   Code   RO           13    i.MF_Clock_Init     mf_config.o
    0x000023d4   0x00000002   Code   RO           14    i.MF_Config_Init    mf_config.o
    0x000023d6   0x00000002   Code   RO           15    i.MF_SystemClock_Config  mf_config.o
    0x000023d8   0x000000cc   Code   RO          373    i.SystemInit        system_fm33lc0xx.o
    0x000024a4   0x00000028   Code   RO          231    i.SystickInit       user_init.o
    0x000024cc   0x00000014   Code   RO          232    i.UserInit          user_init.o
    0x000024e0   0x00000030   Code   RO          288    i.__ARM_common_ll_muluu  user_init.o
    0x00002510   0x0000001c   Code   RO          362    i.__ARM_common_switch8  lcd.o
    0x0000252c   0x0000006c   Code   RO          106    i.main              main.o
    0x00002598   0x00000000   Code   RO         2001    x$fpl$usenofp       fz_ps.l(usenofp.o)
    0x00002598   0x00000011   Data   RO          313    .constdata          lcd.o
    0x000025a9   0x00000080   Data   RO         1977    .constdata          fz_ps.l(ddiv.o)
    0x00002629   0x00000040   Data   RO         1988    .constdata          fz_ps.l(fdiv.o)
    0x00002669   0x00000003   PAD
    0x0000266c   0x00000020   Data   RO         2162    Region$$Table       anon$$obj.o


    Execution Region RW_IRAM1 (Base: 0x20000000, Size: 0x00001088, Max: 0x00006000, ABSOLUTE)

    Base Addr    Size         Type   Attr      Idx    E Section Name        Object

    0x20000000   0x00000001   Data   RW          107    .data               main.o
    0x20000001   0x00000003   PAD
    0x20000004   0x00000004   Data   RW          233    .data               user_init.o
    0x20000008   0x00000020   Zero   RW          312    .bss                lcd.o
    0x20000028   0x00000060   Zero   RW         2035    .bss                c_p.l(libspace.o)
    0x20000088   0x00000800   Zero   RW            2    HEAP                startup_fm33lc0xx.o
    0x20000888   0x00000800   Zero   RW            1    STACK               startup_fm33lc0xx.o


==============================================================================

Image component sizes


      Code (inc. data)   RO Data    RW Data    ZI Data      Debug   Object Name

         0          0          0          0          0      18740   fm33lc0xx_ll_aes.o
       424         12          0          0          0      33407   fm33lc0xx_ll_gpio.o
      1126         38          0          0          0      15298   fm33lc0xx_ll_lcd.o
      3020         72         17          0         32      15139   lcd.o
       108         14          0          1          0      12432   main.o
       100         12          0          0          0     138169   mf_config.o
        56         26        192          0       4096        740   startup_fm33lc0xx.o
       204         18          0          0          0        617   system_fm33lc0xx.o
       770         70          0          4          0      36097   user_init.o

    ----------------------------------------------------------------------
      5812        262        241          8       4128     270639   Object Totals
         0          0         32          0          0          0   (incl. Generated)
         4          0          0          3          0          0   (incl. Padding)

    ----------------------------------------------------------------------

      Code (inc. data)   RO Data    RW Data    ZI Data      Debug   Library Member Name

         8          0          0          0          0         68   __main.o
         0          0          0          0          0          0   __rtentry.o
        12          0          0          0          0          0   __rtentry2.o
         6          0          0          0          0          0   __rtentry4.o
        60          8          0          0          0          0   __scatter.o
        26          0          0          0          0          0   __scatter_copy.o
        28          0          0          0          0          0   __scatter_zi.o
       346          0          0          0          0         92   aeabi_sdiv.o
        16          0          0          0          0         68   exit.o
         6          0          0          0          0        136   heapauxi.o
         0          0          0          0          0          0   indicate_semi.o
         2          0          0          0          0          0   libinit.o
         2          0          0          0          0          0   libinit2.o
         2          0          0          0          0          0   libshutdown.o
         2          0          0          0          0          0   libshutdown2.o
         8          4          0          0         96         68   libspace.o
       258          0          0          0          0         88   lludiv.o
        64          0          0          0          0        108   rt_memclr.o
         2          0          0          0          0          0   rtexit.o
        10          0          0          0          0          0   rtexit2.o
        12          4          0          0          0         60   sys_exit.o
        62          0          0          0          0         80   sys_stackheap_outer.o
         2          0          0          0          0         68   use_no_semi.o
       124          4          0          0          0         72   d2f.o
       856         20          0          0          0        208   daddsub.o
      1096         26        128          0          0        112   ddiv.o
        72          4          0          0          0         68   dfixui.o
        84          4          0          0          0         60   f2d.o
       352         10         64          0          0         92   fdiv.o
        94          0          0          0          0         92   fflti.o
         0          0          0          0          0          0   usenofp.o

    ----------------------------------------------------------------------
      3620         84        195          0         96       1540   Library Totals
         8          0          3          0          0          0   (incl. Padding)

    ----------------------------------------------------------------------

      Code (inc. data)   RO Data    RW Data    ZI Data      Debug   Library Name

       934         16          0          0         96        836   c_p.l
      2678         68        192          0          0        704   fz_ps.l

    ----------------------------------------------------------------------
      3620         84        195          0         96       1540   Library Totals

    ----------------------------------------------------------------------

==============================================================================


      Code (inc. data)   RO Data    RW Data    ZI Data      Debug   

      9432        346        436          8       4224     270407   Grand Totals
      9432        346        436          8       4224     270407   ELF Image Totals
      9432        346        436          8          0          0   ROM Totals

==============================================================================

    Total RO  Size (Code + RO Data)                 9868 (   9.64kB)
    Total RW  Size (RW Data + ZI Data)              4232 (   4.13kB)
    Total ROM Size (Code + RO Data + RW Data)       9876 (   9.64kB)

==============================================================================

