Component: ARM Compiler 5.06 update 1 (build 61) Tool: armlink [4d35a8]

==============================================================================

Section Cross References

    startup_fm33lc0xx.o(STACK) refers (Special) to heapauxi.o(.text) for __use_two_region_memory
    startup_fm33lc0xx.o(HEAP) refers (Special) to heapauxi.o(.text) for __use_two_region_memory
    startup_fm33lc0xx.o(RESET) refers (Special) to heapauxi.o(.text) for __use_two_region_memory
    startup_fm33lc0xx.o(RESET) refers to startup_fm33lc0xx.o(STACK) for __initial_sp
    startup_fm33lc0xx.o(RESET) refers to startup_fm33lc0xx.o(.text) for Reset_Handler
    startup_fm33lc0xx.o(.text) refers (Special) to heapauxi.o(.text) for __use_two_region_memory
    startup_fm33lc0xx.o(.text) refers to system_fm33lc0xx.o(i.SystemInit) for SystemInit
    startup_fm33lc0xx.o(.text) refers to __main.o(!!!main) for __main
    startup_fm33lc0xx.o(.text) refers to startup_fm33lc0xx.o(HEAP) for Heap_Mem
    startup_fm33lc0xx.o(.text) refers to startup_fm33lc0xx.o(STACK) for Stack_Mem
    mf_config.o(i.MF_Clock_Init) refers to rt_memclr.o(.text) for __aeabi_memclr4
    mf_config.o(i.MF_Clock_Init) refers to fm33lc0xx_ll_gpio.o(i.LL_GPIO_Init) for LL_GPIO_Init
    main.o(i.main) refers to mf_config.o(i.MF_Clock_Init) for MF_Clock_Init
    main.o(i.main) refers to mf_config.o(i.MF_SystemClock_Config) for MF_SystemClock_Config
    main.o(i.main) refers to mf_config.o(i.MF_Config_Init) for MF_Config_Init
    main.o(i.main) refers to user_init.o(i.UserInit) for UserInit
    main.o(i.main) refers to testrtc.o(i.Test_RTC) for Test_RTC
    main.o(i.main) refers to user_init.o(i.DelayMs) for DelayMs
    user_init.o(i.ClockInit) refers to user_init.o(i.LL_RCC_SetRCHFFrequency) for LL_RCC_SetRCHFFrequency
    user_init.o(i.ClockInit) refers to user_init.o(i.LL_RCC_SetRCHFTrimValue) for LL_RCC_SetRCHFTrimValue
    user_init.o(i.ClockInit) refers to user_init.o(.data) for systemClock
    user_init.o(i.DelayMs) refers to user_init.o(i.DelayUs) for DelayUs
    user_init.o(i.DelayUs) refers to user_init.o(i.__ARM_common_ll_muluu) for __ARM_common_ll_muluu
    user_init.o(i.DelayUs) refers to lludiv.o(.text) for __aeabi_uldivmod
    user_init.o(i.DelayUs) refers to user_init.o(.data) for systemClock
    user_init.o(i.FoutInit) refers to rt_memclr.o(.text) for __aeabi_memclr4
    user_init.o(i.FoutInit) refers to fm33lc0xx_ll_gpio.o(i.LL_GPIO_Init) for LL_GPIO_Init
    user_init.o(i.LedInit) refers to rt_memclr.o(.text) for __aeabi_memclr4
    user_init.o(i.LedInit) refers to user_init.o(i.LL_GPIO_ResetOutputPin) for LL_GPIO_ResetOutputPin
    user_init.o(i.LedInit) refers to fm33lc0xx_ll_gpio.o(i.LL_GPIO_Init) for LL_GPIO_Init
    user_init.o(i.LedInit) refers to user_init.o(i.DelayMs) for DelayMs
    user_init.o(i.UserInit) refers to user_init.o(i.ClockInit) for ClockInit
    user_init.o(i.UserInit) refers to user_init.o(i.SystickInit) for SystickInit
    user_init.o(i.UserInit) refers to user_init.o(i.LedInit) for LedInit
    user_init.o(i.UserInit) refers to user_init.o(i.FoutInit) for FoutInit
    testrtc.o(i.RTC_GetRTC) refers to fm33lc0xx_ll_rtc.o(i.LL_RTC_GetTime) for LL_RTC_GetTime
    testrtc.o(i.RTC_GetRTC) refers to rt_memcpy.o(.emb_text) for __aeabi_memcpy4
    testrtc.o(i.RTC_Init) refers to fm33lc0xx_ll_rtc.o(i.LL_RTC_Init) for LL_RTC_Init
    testrtc.o(i.RTC_SetRTC) refers to fm33lc0xx_ll_rtc.o(i.LL_RTC_ConfigTime) for LL_RTC_ConfigTime
    testrtc.o(i.RTC_SetRTC) refers to testrtc.o(i.RTC_GetRTC) for RTC_GetRTC
    testrtc.o(i.Test_RTC) refers to testrtc.o(i.RTC_Init) for RTC_Init
    testrtc.o(i.Test_RTC) refers to testrtc.o(i.RTC_SetRTC) for RTC_SetRTC
    testrtc.o(i.Test_RTC) refers to user_init.o(i.DelayMs) for DelayMs
    testrtc.o(i.Test_RTC) refers to testrtc.o(i.RTC_GetRTC) for RTC_GetRTC
    fm33lc0xx_ll_adc.o(i.LL_ADC_DeInit) refers to fm33lc0xx_ll_adc.o(i.LL_RCC_EnableResetAPB2Peripheral) for LL_RCC_EnableResetAPB2Peripheral
    fm33lc0xx_ll_adc.o(i.LL_ADC_DeInit) refers to fm33lc0xx_ll_adc.o(i.LL_RCC_DisableResetAPB2Peripheral) for LL_RCC_DisableResetAPB2Peripheral
    fm33lc0xx_ll_adc.o(i.LL_ADC_Init) refers to user_init.o(i.DelayMs) for DelayMs
    fm33lc0xx_ll_adc.o(i.LL_ADC_Init) refers to fm33lc0xx_ll_adc.o(i.LL_RCC_EnableResetAPB2Peripheral) for LL_RCC_EnableResetAPB2Peripheral
    fm33lc0xx_ll_adc.o(i.LL_ADC_Init) refers to fm33lc0xx_ll_adc.o(i.LL_RCC_DisableResetAPB2Peripheral) for LL_RCC_DisableResetAPB2Peripheral
    fm33lc0xx_ll_atim.o(i.LL_ATIM_BDTR_Init) refers to fm33lc0xx_ll_atim.o(i.LL_ATIM_GenerateEvent_UPDATE) for LL_ATIM_GenerateEvent_UPDATE
    fm33lc0xx_ll_atim.o(i.LL_ATIM_ETR_Init) refers to fm33lc0xx_ll_atim.o(i.LL_RCC_Group4_EnableBusClock) for LL_RCC_Group4_EnableBusClock
    fm33lc0xx_ll_atim.o(i.LL_ATIM_ETR_Init) refers to fm33lc0xx_ll_atim.o(i.LL_RCC_Group1_EnableOperationClock) for LL_RCC_Group1_EnableOperationClock
[...]
    fm33lc0xx_ll_lcd.o(i.LL_LCD_FlickTime) refers to dfixui.o(.text) for __aeabi_d2uiz
    fm33lc0xx_ll_lcd.o(i.LL_LCD_Init) refers to fm33lc0xx_ll_lcd.o(i.LL_LCD_DisplayFreq) for LL_LCD_DisplayFreq
    fm33lc0xx_ll_lcd.o(i.LL_LCD_Init) refers to fm33lc0xx_ll_lcd.o(i.LL_LCD_FlickTime) for LL_LCD_FlickTime
    fm33lc0xx_ll_lptim.o(i.LL_LPTIM_IC_ModeInit) refers to fm33lc0xx_ll_lptim.o(i.LL_RCC_Group1_EnableBusClock) for LL_RCC_Group1_EnableBusClock
    fm33lc0xx_ll_lptim.o(i.LL_LPTIM_IC_ModeInit) refers to fm33lc0xx_ll_lptim.o(i.LL_RCC_Group2_EnableOperationClock) for LL_RCC_Group2_EnableOperationClock
    fm33lc0xx_ll_lptim.o(i.LL_LPTIM_IC_ModeInit) refers to fm33lc0xx_ll_lptim.o(i.LL_LPTIM_CC_Set_ModeChannel1) for LL_LPTIM_CC_Set_ModeChannel1
    fm33lc0xx_ll_lptim.o(i.LL_LPTIM_IC_ModeInit) refers to fm33lc0xx_ll_lptim.o(i.LL_LPTIM_CC_Set_ModeChannel2) for LL_LPTIM_CC_Set_ModeChannel2
    fm33lc0xx_ll_lptim.o(i.LL_LPTIM_OC_ModeInit) refers to fm33lc0xx_ll_lptim.o(i.LL_RCC_Group1_EnableBusClock) for LL_RCC_Group1_EnableBusClock
    fm33lc0xx_ll_lptim.o(i.LL_LPTIM_OC_ModeInit) refers to fm33lc0xx_ll_lptim.o(i.LL_RCC_Group2_EnableOperationClock) for LL_RCC_Group2_EnableOperationClock
    fm33lc0xx_ll_lptim.o(i.LL_LPTIM_OC_ModeInit) refers to fm33lc0xx_ll_lptim.o(i.LL_LPTIM_CC_Set_ModeChannel1) for LL_LPTIM_CC_Set_ModeChannel1
    fm33lc0xx_ll_lptim.o(i.LL_LPTIM_OC_ModeInit) refers to fm33lc0xx_ll_lptim.o(i.LL_LPTIM_CC_Set_ModeChannel2) for LL_LPTIM_CC_Set_ModeChannel2
    fm33lc0xx_ll_lptim.o(i.LL_LPTIM_TimeModeInit) refers to fm33lc0xx_ll_lptim.o(i.LL_RCC_Group1_EnableBusClock) for LL_RCC_Group1_EnableBusClock
    fm33lc0xx_ll_lptim.o(i.LL_LPTIM_TimeModeInit) refers to fm33lc0xx_ll_lptim.o(i.LL_RCC_Group2_EnableOperationClock) for LL_RCC_Group2_EnableOperationClock
    fm33lc0xx_ll_lptim.o(i.LL_LPTIM_TimeModeInit) refers to fm33lc0xx_ll_lptim.o(i.LL_RCC_SetLPTIMClockSource) for LL_RCC_SetLPTIMClockSource
    fm33lc0xx_ll_lptim.o(i.LL_LPTIM_TimeModeInit) refers to fm33lc0xx_ll_lptim.o(i.LL_LPTIM_SetTriggerExternalInput) for LL_LPTIM_SetTriggerExternalInput
    fm33lc0xx_ll_lpuart.o(i.LL_LPUART_DeInit) refers to fm33lc0xx_ll_lpuart.o(i.LL_RCC_Group3_DisableBusClock) for LL_RCC_Group3_DisableBusClock
    fm33lc0xx_ll_lpuart.o(i.LL_LPUART_DeInit) refers to fm33lc0xx_ll_lpuart.o(i.LL_RCC_Group1_DisableOperationClock) for LL_RCC_Group1_DisableOperationClock
    fm33lc0xx_ll_lpuart.o(i.LL_LPUART_Init) refers to fm33lc0xx_ll_lpuart.o(i.LL_RCC_Group3_EnableBusClock) for LL_RCC_Group3_EnableBusClock
    fm33lc0xx_ll_lpuart.o(i.LL_LPUART_Init) refers to fm33lc0xx_ll_lpuart.o(i.LL_RCC_Group1_EnableOperationClock) for LL_RCC_Group1_EnableOperationClock
    fm33lc0xx_ll_lpuart.o(i.LL_LPUART_Init) refers to fm33lc0xx_ll_lpuart.o(i.__ARM_common_switch8) for __ARM_common_switch8
    fm33lc0xx_ll_rcc.o(i.LL_RCC_GetPLLClockFreq) refers to fm33lc0xx_ll_rcc.o(i.LL_RCC_GetRCHFClockFreq) for LL_RCC_GetRCHFClockFreq
    fm33lc0xx_ll_rcc.o(i.LL_RCC_GetPLLClockFreq) refers to fm33lc0xx_ll_lpuart.o(i.__ARM_common_switch8) for __ARM_common_switch8
    fm33lc0xx_ll_rcc.o(i.LL_RCC_GetPLLClockFreq) refers to aeabi_sdiv.o(.text) for __aeabi_uidivmod
    fm33lc0xx_ll_rcc.o(i.LL_RCC_GetSystemClockFreq) refers to fm33lc0xx_ll_lpuart.o(i.__ARM_common_switch8) for __ARM_common_switch8
    fm33lc0xx_ll_rcc.o(i.LL_RCC_GetSystemClockFreq) refers to fm33lc0xx_ll_rcc.o(i.LL_RCC_GetRCHFClockFreq) for LL_RCC_GetRCHFClockFreq
    fm33lc0xx_ll_rcc.o(i.LL_RCC_GetSystemClockFreq) refers to fm33lc0xx_ll_rcc.o(i.LL_RCC_GetPLLClockFreq) for LL_RCC_GetPLLClockFreq
    fm33lc0xx_ll_rcc.o(i.LL_RCC_GetSystemClockFreq) refers to fm33lc0xx_ll_rcc.o(i.LL_RCC_GetRC4MClockFreq) for LL_RCC_GetRC4MClockFreq
    fm33lc0xx_ll_rcc.o(i.LL_RCC_GetSystemClockFreq) refers to fm33lc0xx_ll_rcc.o(i.LL_RCC_GetUSBClockFreqToSysclk) for LL_RCC_GetUSBClockFreqToSysclk
    fm33lc0xx_ll_rng.o(i.GetCrc32) refers to fm33lc0xx_ll_rng.o(i.LL_RNG_ClearFlag_CRCCalculationFinish) for LL_RNG_ClearFlag_CRCCalculationFinish
    fm33lc0xx_ll_rng.o(i.GetCrc32) refers to fm33lc0xx_ll_rng.o(i.LL_RNG_Disable) for LL_RNG_Disable
    fm33lc0xx_ll_rng.o(i.GetRandomNumber) refers to fm33lc0xx_ll_rng.o(i.LL_RNG_Disable) for LL_RNG_Disable
    fm33lc0xx_ll_rtc.o(i.LL_RTC_Init) refers to fm33lc0xx_ll_rtc.o(i.LL_RTC_ConfigTime) for LL_RTC_ConfigTime
    fm33lc0xx_ll_spi.o(i.LL_SPI_DeInit) refers to fm33lc0xx_ll_spi.o(i.LL_RCC_EnableResetAPB2Peripheral) for LL_RCC_EnableResetAPB2Peripheral
    fm33lc0xx_ll_spi.o(i.LL_SPI_DeInit) refers to fm33lc0xx_ll_spi.o(i.LL_RCC_DisableResetAPB2Peripheral) for LL_RCC_DisableResetAPB2Peripheral
    fm33lc0xx_ll_spi.o(i.LL_SPI_DeInit) refers to fm33lc0xx_ll_spi.o(i.LL_RCC_Group3_DisableBusClock) for LL_RCC_Group3_DisableBusClock
    fm33lc0xx_ll_spi.o(i.LL_SPI_Init) refers to fm33lc0xx_ll_spi.o(i.LL_RCC_Group3_EnableBusClock) for LL_RCC_Group3_EnableBusClock
    fm33lc0xx_ll_svd.o(i.LL_SVD_Init) refers to fm33lc0xx_ll_svd.o(i.LL_SVD_EnableSVDDigitalFiltering) for LL_SVD_EnableSVDDigitalFiltering
    fm33lc0xx_ll_u7816.o(i.LL_U7816_Init) refers to fm33lc0xx_ll_rcc.o(i.LL_RCC_GetSystemClockFreq) for LL_RCC_GetSystemClockFreq
    fm33lc0xx_ll_u7816.o(i.LL_U7816_Init) refers to fm33lc0xx_ll_rcc.o(i.LL_RCC_GetAHBClockFreq) for LL_RCC_GetAHBClockFreq
    fm33lc0xx_ll_u7816.o(i.LL_U7816_Init) refers to fm33lc0xx_ll_rcc.o(i.LL_RCC_GetAPB1ClockFreq) for LL_RCC_GetAPB1ClockFreq
    fm33lc0xx_ll_u7816.o(i.LL_U7816_Init) refers to aeabi_sdiv.o(.text) for __aeabi_uidivmod
    fm33lc0xx_ll_uart.o(i.LL_UART_DeInit) refers to fm33lc0xx_ll_uart.o(i.LL_RCC_Group3_DisableBusClock) for LL_RCC_Group3_DisableBusClock
    fm33lc0xx_ll_uart.o(i.LL_UART_DeInit) refers to fm33lc0xx_ll_uart.o(i.LL_RCC_Group1_DisableOperationClock) for LL_RCC_Group1_DisableOperationClock
    fm33lc0xx_ll_uart.o(i.LL_UART_DeInit) refers to fm33lc0xx_ll_uart.o(i.LL_RCC_EnableResetAPB2Peripheral) for LL_RCC_EnableResetAPB2Peripheral
    fm33lc0xx_ll_uart.o(i.LL_UART_DeInit) refers to fm33lc0xx_ll_uart.o(i.LL_RCC_DisableResetAPB2Peripheral) for LL_RCC_DisableResetAPB2Peripheral
    fm33lc0xx_ll_uart.o(i.LL_UART_InfraRed_Init) refers to fm33lc0xx_ll_uart.o(i.LL_RCC_Group3_EnableBusClock) for LL_RCC_Group3_EnableBusClock
    fm33lc0xx_ll_uart.o(i.LL_UART_InfraRed_Init) refers to dflti.o(.text) for __aeabi_ui2d
    fm33lc0xx_ll_uart.o(i.LL_UART_InfraRed_Init) refers to fm33lc0xx_ll_rcc.o(i.LL_RCC_GetSystemClockFreq) for LL_RCC_GetSystemClockFreq
    fm33lc0xx_ll_uart.o(i.LL_UART_InfraRed_Init) refers to fm33lc0xx_ll_rcc.o(i.LL_RCC_GetAHBClockFreq) for LL_RCC_GetAHBClockFreq
    fm33lc0xx_ll_uart.o(i.LL_UART_InfraRed_Init) refers to fm33lc0xx_ll_rcc.o(i.LL_RCC_GetAPB1ClockFreq) for LL_RCC_GetAPB1ClockFreq
    fm33lc0xx_ll_uart.o(i.LL_UART_InfraRed_Init) refers to dmul.o(.text) for __aeabi_dmul
    fm33lc0xx_ll_uart.o(i.LL_UART_InfraRed_Init) refers to ddiv.o(.text) for __aeabi_ddiv
    fm33lc0xx_ll_uart.o(i.LL_UART_InfraRed_Init) refers to daddsub.o(.text) for __aeabi_dsub
    fm33lc0xx_ll_uart.o(i.LL_UART_InfraRed_Init) refers to dfixui.o(.text) for __aeabi_d2uiz
    fm33lc0xx_ll_uart.o(i.LL_UART_InfraRed_Init) refers to fflti.o(.text) for __aeabi_ui2f
    fm33lc0xx_ll_uart.o(i.LL_UART_InfraRed_Init) refers to fdiv.o(.text) for __aeabi_fdiv
    fm33lc0xx_ll_uart.o(i.LL_UART_InfraRed_Init) refers to f2d.o(.text) for __aeabi_f2d
    fm33lc0xx_ll_uart.o(i.LL_UART_Init) refers to fm33lc0xx_ll_rcc.o(i.LL_RCC_GetSystemClockFreq) for LL_RCC_GetSystemClockFreq
    fm33lc0xx_ll_uart.o(i.LL_UART_Init) refers to fm33lc0xx_ll_rcc.o(i.LL_RCC_GetAHBClockFreq) for LL_RCC_GetAHBClockFreq
    fm33lc0xx_ll_uart.o(i.LL_UART_Init) refers to fm33lc0xx_ll_rcc.o(i.LL_RCC_GetAPB1ClockFreq) for LL_RCC_GetAPB1ClockFreq
    fm33lc0xx_ll_uart.o(i.LL_UART_Init) refers to fm33lc0xx_ll_rcc.o(i.LL_RCC_GetRCHFClockFreq) for LL_RCC_GetRCHFClockFreq
    fm33lc0xx_ll_uart.o(i.LL_UART_Init) refers to fm33lc0xx_ll_rcc.o(i.LL_RCC_GetRC4MClockFreq) for LL_RCC_GetRC4MClockFreq
    fm33lc0xx_ll_uart.o(i.LL_UART_Init) refers to aeabi_sdiv.o(.text) for __aeabi_uidivmod
    fm33lc0xx_ll_uart.o(i.LL_UART_Init) refers to fm33lc0xx_ll_uart.o(i.LL_RCC_Group3_EnableBusClock) for LL_RCC_Group3_EnableBusClock
    fm33lc0xx_ll_uart.o(i.LL_UART_Init) refers to fm33lc0xx_ll_uart.o(i.LL_RCC_Group1_EnableOperationClock) for LL_RCC_Group1_EnableOperationClock
    fm33lc0xx_ll_uart.o(i.LL_UART_Init) refers to fm33lc0xx_ll_rcc.o(i.LL_RCC_GetAPB2ClockFreq) for LL_RCC_GetAPB2ClockFreq
    rt_memcpy.o(.text) refers to rt_memcpy.o(.emb_text) for __aeabi_memcpy4
    __main.o(!!!main) refers to __rtentry.o(.ARM.Collect$$rtentry$$00000000) for __rt_entry
    d2f.o(.text) refers (Special) to usenofp.o(x$fpl$usenofp) for __I$use$fp
    daddsub.o(.text) refers (Special) to usenofp.o(x$fpl$usenofp) for __I$use$fp
    ddiv.o(.text) refers (Special) to usenofp.o(x$fpl$usenofp) for __I$use$fp
    ddiv.o(.text) refers to ddiv.o(.constdata) for .constdata
    ddiv.o(.constdata) refers (Special) to usenofp.o(x$fpl$usenofp) for __I$use$fp
    dfixui.o(.text) refers (Special) to usenofp.o(x$fpl$usenofp) for __I$use$fp
    dflti.o(.text) refers (Special) to usenofp.o(x$fpl$usenofp) for __I$use$fp
    dmul.o(.text) refers (Special) to usenofp.o(x$fpl$usenofp) for __I$use$fp
    f2d.o(.text) refers (Special) to usenofp.o(x$fpl$usenofp) for __I$use$fp
    fdiv.o(.text) refers (Special) to usenofp.o(x$fpl$usenofp) for __I$use$fp
    fdiv.o(.text) refers to fdiv.o(.constdata) for .constdata
    fdiv.o(.constdata) refers (Special) to usenofp.o(x$fpl$usenofp) for __I$use$fp
    fflti.o(.text) refers (Special) to usenofp.o(x$fpl$usenofp) for __I$use$fp
    __rtentry.o(.ARM.Collect$$rtentry$$00000000) refers (Special) to __rtentry2.o(.ARM.Collect$$rtentry$$0000000A) for __rt_entry_li
    __rtentry.o(.ARM.Collect$$rtentry$$00000000) refers (Special) to __rtentry2.o(.ARM.Collect$$rtentry$$0000000D) for __rt_entry_main
    __rtentry.o(.ARM.Collect$$rtentry$$00000000) refers (Special) to __rtentry2.o(.ARM.Collect$$rtentry$$0000000C) for __rt_entry_postli_1
    __rtentry.o(.ARM.Collect$$rtentry$$00000000) refers (Special) to __rtentry2.o(.ARM.Collect$$rtentry$$00000009) for __rt_entry_postsh_1
    __rtentry.o(.ARM.Collect$$rtentry$$00000000) refers (Special) to __rtentry2.o(.ARM.Collect$$rtentry$$00000002) for __rt_entry_presh_1
    __rtentry.o(.ARM.Collect$$rtentry$$00000000) refers (Special) to __rtentry4.o(.ARM.Collect$$rtentry$$00000004) for __rt_entry_sh
    aeabi_idiv0_sigfpe.o(.text) refers to rt_div0.o(.text) for __rt_div0
    aeabi_ldiv0_sigfpe.o(.text) refers to rt_div0.o(.text) for __rt_div0
    __rtentry2.o(.ARM.Collect$$rtentry$$00000008) refers to boardinit2.o(.text) for _platform_post_stackheap_init
    __rtentry2.o(.ARM.Collect$$rtentry$$0000000A) refers to libinit.o(.ARM.Collect$$libinit$$00000000) for __rt_lib_init
    __rtentry2.o(.ARM.Collect$$rtentry$$0000000B) refers to boardinit3.o(.text) for _platform_post_lib_init
    __rtentry2.o(.ARM.Collect$$rtentry$$0000000D) refers to main.o(i.main) for main
    __rtentry2.o(.ARM.Collect$$rtentry$$0000000D) refers to exit.o(.text) for exit
    __rtentry2.o(.ARM.exidx) refers to __rtentry2.o(.ARM.Collect$$rtentry$$00000001) for .ARM.Collect$$rtentry$$00000001
    __rtentry2.o(.ARM.exidx) refers to __rtentry2.o(.ARM.Collect$$rtentry$$00000008) for .ARM.Collect$$rtentry$$00000008
    __rtentry2.o(.ARM.exidx) refers to __rtentry2.o(.ARM.Collect$$rtentry$$0000000A) for .ARM.Collect$$rtentry$$0000000A
    __rtentry2.o(.ARM.exidx) refers to __rtentry2.o(.ARM.Collect$$rtentry$$0000000B) for .ARM.Collect$$rtentry$$0000000B
    __rtentry2.o(.ARM.exidx) refers to __rtentry2.o(.ARM.Collect$$rtentry$$0000000D) for .ARM.Collect$$rtentry$$0000000D
    __rtentry4.o(.ARM.Collect$$rtentry$$00000004) refers to sys_stackheap_outer.o(.text) for __user_setup_stackheap
    __rtentry4.o(.ARM.exidx) refers to __rtentry4.o(.ARM.Collect$$rtentry$$00000004) for .ARM.Collect$$rtentry$$00000004
    rt_div0.o(.text) refers to defsig_fpe_outer.o(.text) for __rt_SIGFPE
    sys_stackheap_outer.o(.text) refers to libspace.o(.text) for __user_perproc_libspace
    sys_stackheap_outer.o(.text) refers to startup_fm33lc0xx.o(.text) for __user_initial_stackheap
    sys_stackheap_outer.o(__vectab_stack_and_reset_area) refers to tempstk.o(.text) for __temporary_stack_top
    sys_stackheap_outer.o(__vectab_stack_and_reset_area) refers to __main.o(!!!main) for __main
    exit.o(.text) refers to rtexit.o(.ARM.Collect$$rtexit$$00000000) for __rt_exit
    defsig_fpe_outer.o(.text) refers to defsig_fpe_inner.o(.text) for __rt_SIGFPE_inner
    defsig_fpe_outer.o(.text) refers to defsig_exit.o(.text) for __sig_exit
    defsig_fpe_formal.o(.text) refers to rt_raise.o(.text) for __rt_raise
    libinit.o(.ARM.Collect$$libinit$$00000000) refers (Special) to libinit2.o(.ARM.Collect$$libinit$$0000002E) for __rt_lib_init_alloca_1
    libinit.o(.ARM.Collect$$libinit$$00000000) refers (Special) to libinit2.o(.ARM.Collect$$libinit$$0000002C) for __rt_lib_init_argv_1
    libinit.o(.ARM.Collect$$libinit$$00000000) refers (Special) to libinit2.o(.ARM.Collect$$libinit$$0000001B) for __rt_lib_init_atexit_1
    libinit.o(.ARM.Collect$$libinit$$00000000) refers (Special) to libinit2.o(.ARM.Collect$$libinit$$00000021) for __rt_lib_init_clock_1
    libinit.o(.ARM.Collect$$libinit$$00000000) refers (Special) to libinit2.o(.ARM.Collect$$libinit$$00000032) for __rt_lib_init_cpp_1
    libinit.o(.ARM.Collect$$libinit$$00000000) refers (Special) to libinit2.o(.ARM.Collect$$libinit$$00000030) for __rt_lib_init_exceptions_1
    libinit.o(.ARM.Collect$$libinit$$00000000) refers (Special) to libinit2.o(.ARM.Collect$$libinit$$00000002) for __rt_lib_init_fp_1
    libinit.o(.ARM.Collect$$libinit$$00000000) refers (Special) to libinit2.o(.ARM.Collect$$libinit$$0000001F) for __rt_lib_init_fp_trap_1
    libinit.o(.ARM.Collect$$libinit$$00000000) refers (Special) to libinit2.o(.ARM.Collect$$libinit$$00000023) for __rt_lib_init_getenv_1
    libinit.o(.ARM.Collect$$libinit$$00000000) refers (Special) to libinit2.o(.ARM.Collect$$libinit$$0000000A) for __rt_lib_init_heap_1
    libinit.o(.ARM.Collect$$libinit$$00000000) refers (Special) to libinit2.o(.ARM.Collect$$libinit$$00000011) for __rt_lib_init_lc_collate_1
    libinit.o(.ARM.Collect$$libinit$$00000000) refers (Special) to libinit2.o(.ARM.Collect$$libinit$$00000013) for __rt_lib_init_lc_ctype_1
    libinit.o(.ARM.Collect$$libinit$$00000000) refers (Special) to libinit2.o(.ARM.Collect$$libinit$$00000015) for __rt_lib_init_lc_monetary_1
    libinit.o(.ARM.Collect$$libinit$$00000000) refers (Special) to libinit2.o(.ARM.Collect$$libinit$$00000017) for __rt_lib_init_lc_numeric_1
    libinit.o(.ARM.Collect$$libinit$$00000000) refers (Special) to libinit2.o(.ARM.Collect$$libinit$$00000019) for __rt_lib_init_lc_time_1
    libinit.o(.ARM.Collect$$libinit$$00000000) refers (Special) to libinit2.o(.ARM.Collect$$libinit$$00000004) for __rt_lib_init_preinit_1
    libinit.o(.ARM.Collect$$libinit$$00000000) refers (Special) to libinit2.o(.ARM.Collect$$libinit$$0000000E) for __rt_lib_init_rand_1
    libinit.o(.ARM.Collect$$libinit$$00000000) refers (Special) to libinit2.o(.ARM.Collect$$libinit$$00000033) for __rt_lib_init_return
    libinit.o(.ARM.Collect$$libinit$$00000000) refers (Special) to libinit2.o(.ARM.Collect$$libinit$$0000001D) for __rt_lib_init_signal_1
    libinit.o(.ARM.Collect$$libinit$$00000000) refers (Special) to libinit2.o(.ARM.Collect$$libinit$$00000025) for __rt_lib_init_stdio_1
    libinit.o(.ARM.Collect$$libinit$$00000000) refers (Special) to libinit2.o(.ARM.Collect$$libinit$$0000000C) for __rt_lib_init_user_alloc_1
    libspace.o(.text) refers to libspace.o(.bss) for __libspace_start
    rtexit.o(.ARM.Collect$$rtexit$$00000000) refers (Special) to rtexit2.o(.ARM.Collect$$rtexit$$00000004) for __rt_exit_exit
    rtexit.o(.ARM.Collect$$rtexit$$00000000) refers (Special) to rtexit2.o(.ARM.Collect$$rtexit$$00000003) for __rt_exit_ls
    rtexit.o(.ARM.Collect$$rtexit$$00000000) refers (Special) to rtexit2.o(.ARM.Collect$$rtexit$$00000002) for __rt_exit_prels_1
    rtexit.o(.ARM.exidx) refers (Special) to rtexit2.o(.ARM.Collect$$rtexit$$00000004) for __rt_exit_exit
    rtexit.o(.ARM.exidx) refers (Special) to rtexit2.o(.ARM.Collect$$rtexit$$00000003) for __rt_exit_ls
    rtexit.o(.ARM.exidx) refers (Special) to rtexit2.o(.ARM.Collect$$rtexit$$00000002) for __rt_exit_prels_1
    rtexit.o(.ARM.exidx) refers to rtexit.o(.ARM.Collect$$rtexit$$00000000) for .ARM.Collect$$rtexit$$00000000
    rt_raise.o(.text) refers to __raise.o(.text) for __raise
    rt_raise.o(.text) refers to sys_exit.o(.text) for _sys_exit
    defsig_exit.o(.text) refers to sys_exit.o(.text) for _sys_exit
    defsig_fpe_inner.o(.text) refers to defsig_general.o(.text) for __default_signal_display
    libinit2.o(.ARM.Collect$$libinit$$00000010) refers to libinit2.o(.ARM.Collect$$libinit$$0000000F) for .ARM.Collect$$libinit$$0000000F
    libinit2.o(.ARM.Collect$$libinit$$00000012) refers to libinit2.o(.ARM.Collect$$libinit$$0000000F) for .ARM.Collect$$libinit$$0000000F
    libinit2.o(.ARM.Collect$$libinit$$00000014) refers to libinit2.o(.ARM.Collect$$libinit$$0000000F) for .ARM.Collect$$libinit$$0000000F
    libinit2.o(.ARM.Collect$$libinit$$00000016) refers to libinit2.o(.ARM.Collect$$libinit$$0000000F) for .ARM.Collect$$libinit$$0000000F
    libinit2.o(.ARM.Collect$$libinit$$00000018) refers to libinit2.o(.ARM.Collect$$libinit$$0000000F) for .ARM.Collect$$libinit$$0000000F
    libinit2.o(.ARM.Collect$$libinit$$00000026) refers to argv_veneer.o(.text) for __ARM_argv_veneer
    libinit2.o(.ARM.Collect$$libinit$$00000027) refers to argv_veneer.o(.text) for __ARM_argv_veneer
    sys_exit.o(.text) refers (Special) to use_no_semi.o(.text) for __I$use$semihosting
    sys_exit.o(.text) refers (Special) to indicate_semi.o(.text) for __semihosting_library_function
    rtexit2.o(.ARM.Collect$$rtexit$$00000003) refers to libshutdown.o(.ARM.Collect$$libshutdown$$00000000) for __rt_lib_shutdown
    rtexit2.o(.ARM.Collect$$rtexit$$00000004) refers to sys_exit.o(.text) for _sys_exit
    rtexit2.o(.ARM.exidx) refers to rtexit2.o(.ARM.Collect$$rtexit$$00000001) for .ARM.Collect$$rtexit$$00000001
    rtexit2.o(.ARM.exidx) refers to rtexit2.o(.ARM.Collect$$rtexit$$00000003) for .ARM.Collect$$rtexit$$00000003
    rtexit2.o(.ARM.exidx) refers to rtexit2.o(.ARM.Collect$$rtexit$$00000004) for .ARM.Collect$$rtexit$$00000004
    __raise.o(.text) refers to defsig.o(CL$$defsig) for __default_signal_handler
    defsig_general.o(.text) refers to sys_wrch.o(.text) for _ttywrch
    sys_wrch.o(.text) refers (Special) to use_no_semi.o(.text) for __I$use$semihosting
    sys_wrch.o(.text) refers (Special) to indicate_semi.o(.text) for __semihosting_library_function
    defsig.o(CL$$defsig) refers to defsig_fpe_inner.o(.text) for __rt_SIGFPE_inner
    defsig.o(CL$$defsig) refers to defsig_rtmem_inner.o(.text) for __rt_SIGRTMEM_inner
    _get_argv_nomalloc.o(.text) refers (Special) to hrguard.o(.text) for __heap_region$guard
    _get_argv_nomalloc.o(.text) refers to defsig_rtmem_outer.o(.text) for __rt_SIGRTMEM
    _get_argv_nomalloc.o(.text) refers to sys_command.o(.text) for _sys_command_string
    libshutdown.o(.ARM.Collect$$libshutdown$$00000000) refers (Special) to libshutdown2.o(.ARM.Collect$$libshutdown$$00000002) for __rt_lib_shutdown_cpp_1
    libshutdown.o(.ARM.Collect$$libshutdown$$00000000) refers (Special) to libshutdown2.o(.ARM.Collect$$libshutdown$$00000007) for __rt_lib_shutdown_fp_trap_1
    libshutdown.o(.ARM.Collect$$libshutdown$$00000000) refers (Special) to libshutdown2.o(.ARM.Collect$$libshutdown$$0000000F) for __rt_lib_shutdown_heap_1
    libshutdown.o(.ARM.Collect$$libshutdown$$00000000) refers (Special) to libshutdown2.o(.ARM.Collect$$libshutdown$$00000010) for __rt_lib_shutdown_return
    libshutdown.o(.ARM.Collect$$libshutdown$$00000000) refers (Special) to libshutdown2.o(.ARM.Collect$$libshutdown$$0000000A) for __rt_lib_shutdown_signal_1
    libshutdown.o(.ARM.Collect$$libshutdown$$00000000) refers (Special) to libshutdown2.o(.ARM.Collect$$libshutdown$$00000004) for __rt_lib_shutdown_stdio_1
    libshutdown.o(.ARM.Collect$$libshutdown$$00000000) refers (Special) to libshutdown2.o(.ARM.Collect$$libshutdown$$0000000C) for __rt_lib_shutdown_user_alloc_1
    sys_command.o(.text) refers (Special) to use_no_semi.o(.text) for __I$use$semihosting
    sys_command.o(.text) refers (Special) to indicate_semi.o(.text) for __semihosting_library_function
    defsig_abrt_inner.o(.text) refers to defsig_general.o(.text) for __default_signal_display
    defsig_rtred_inner.o(.text) refers to defsig_general.o(.text) for __default_signal_display
    defsig_rtmem_inner.o(.text) refers to defsig_general.o(.text) for __default_signal_display
    defsig_rtmem_outer.o(.text) refers to defsig_rtmem_inner.o(.text) for __rt_SIGRTMEM_inner
    defsig_rtmem_outer.o(.text) refers to defsig_exit.o(.text) for __sig_exit
    defsig_rtmem_formal.o(.text) refers to rt_raise.o(.text) for __rt_raise
    defsig_stak_inner.o(.text) refers to defsig_general.o(.text) for __default_signal_display
    defsig_pvfn_inner.o(.text) refers to defsig_general.o(.text) for __default_signal_display
    defsig_cppl_inner.o(.text) refers to defsig_general.o(.text) for __default_signal_display
    defsig_segv_inner.o(.text) refers to defsig_general.o(.text) for __default_signal_display
    defsig_other.o(.text) refers to defsig_general.o(.text) for __default_signal_display


==============================================================================

Removing Unused input sections from the image.

    Removing mf_config.o(.rev16_text), (4 bytes).
    Removing mf_config.o(.revsh_text), (4 bytes).
    Removing mf_config.o(i.Error_Handler), (2 bytes).
    Removing mf_config.o(i.assert_failed), (2 bytes).
    Removing main.o(.rev16_text), (4 bytes).
    Removing main.o(.revsh_text), (4 bytes).
    Removing user_init.o(.rev16_text), (4 bytes).
    Removing user_init.o(.revsh_text), (4 bytes).
    Removing testrtc.o(.rev16_text), (4 bytes).
    Removing testrtc.o(.revsh_text), (4 bytes).
    Removing system_fm33lc0xx.o(.rev16_text), (4 bytes).
    Removing system_fm33lc0xx.o(.revsh_text), (4 bytes).
    Removing system_fm33lc0xx.o(i.SystemCoreClockUpdate), (2 bytes).
    Removing system_fm33lc0xx.o(.data), (4 bytes).
    Removing fm33lc0xx_ll_adc.o(.rev16_text), (4 bytes).
    Removing fm33lc0xx_ll_adc.o(.revsh_text), (4 bytes).
    Removing fm33lc0xx_ll_adc.o(i.LL_ADC_CommonDeInit), (44 bytes).
    Removing fm33lc0xx_ll_adc.o(i.LL_ADC_CommonInit), (216 bytes).
    Removing fm33lc0xx_ll_adc.o(i.LL_ADC_CommonStructInit), (12 bytes).
    Removing fm33lc0xx_ll_adc.o(i.LL_ADC_DeInit), (100 bytes).
    Removing fm33lc0xx_ll_adc.o(i.LL_ADC_Init), (884 bytes).
    Removing fm33lc0xx_ll_adc.o(i.LL_ADC_StructInit), (62 bytes).
    Removing fm33lc0xx_ll_adc.o(i.LL_RCC_DisableResetAPB2Peripheral), (16 bytes).
    Removing fm33lc0xx_ll_adc.o(i.LL_RCC_EnableResetAPB2Peripheral), (16 bytes).
    Removing fm33lc0xx_ll_aes.o(.rev16_text), (4 bytes).
    Removing fm33lc0xx_ll_aes.o(.revsh_text), (4 bytes).
    Removing fm33lc0xx_ll_aes.o(i.LL_AES_DeInit), (76 bytes).
    Removing fm33lc0xx_ll_aes.o(i.LL_AES_Init), (304 bytes).
    Removing fm33lc0xx_ll_aes.o(i.LL_AES_StructInit), (12 bytes).
    Removing fm33lc0xx_ll_atim.o(.rev16_text), (4 bytes).
    Removing fm33lc0xx_ll_atim.o(.revsh_text), (4 bytes).
    Removing fm33lc0xx_ll_atim.o(i.LL_ATIM_BDTR_Init), (576 bytes).
    Removing fm33lc0xx_ll_atim.o(i.LL_ATIM_BDTR_StructInit), (34 bytes).
    Removing fm33lc0xx_ll_atim.o(i.LL_ATIM_DeInit), (124 bytes).
    Removing fm33lc0xx_ll_atim.o(i.LL_ATIM_DisableNormalChannelOutput), (16 bytes).
    Removing fm33lc0xx_ll_atim.o(i.LL_ATIM_ETRStructInit), (12 bytes).
    Removing fm33lc0xx_ll_atim.o(i.LL_ATIM_ETR_Init), (374 bytes).
    Removing fm33lc0xx_ll_atim.o(i.LL_ATIM_GenerateEvent_UPDATE), (10 bytes).
    Removing fm33lc0xx_ll_atim.o(i.LL_ATIM_IC_Init), (532 bytes).
    Removing fm33lc0xx_ll_atim.o(i.LL_ATIM_IC_StructInit), (18 bytes).
    Removing fm33lc0xx_ll_atim.o(i.LL_ATIM_Init), (384 bytes).
    Removing fm33lc0xx_ll_atim.o(i.LL_ATIM_OC_Init), (508 bytes).
    Removing fm33lc0xx_ll_atim.o(i.LL_ATIM_OC_StructInit), (24 bytes).
    Removing fm33lc0xx_ll_atim.o(i.LL_ATIM_SetChannelMode), (54 bytes).
    Removing fm33lc0xx_ll_atim.o(i.LL_ATIM_SetCounterAlignedMode), (12 bytes).
    Removing fm33lc0xx_ll_atim.o(i.LL_ATIM_SetSlaveMode), (12 bytes).
    Removing fm33lc0xx_ll_atim.o(i.LL_ATIM_SlaveModeStructInit), (14 bytes).
    Removing fm33lc0xx_ll_atim.o(i.LL_ATIM_SlaveMode_Init), (216 bytes).
    Removing fm33lc0xx_ll_atim.o(i.LL_ATIM_StructInit), (28 bytes).
    Removing fm33lc0xx_ll_atim.o(i.LL_RCC_Group1_EnableOperationClock), (16 bytes).
    Removing fm33lc0xx_ll_atim.o(i.LL_RCC_Group4_EnableBusClock), (16 bytes).
    Removing fm33lc0xx_ll_atim.o(i.OCConfig), (428 bytes).
    Removing fm33lc0xx_ll_bstim.o(.rev16_text), (4 bytes).
    Removing fm33lc0xx_ll_bstim.o(.revsh_text), (4 bytes).
    Removing fm33lc0xx_ll_bstim.o(i.LL_BSTIM_DeInit), (124 bytes).
    Removing fm33lc0xx_ll_bstim.o(i.LL_BSTIM_Init), (292 bytes).
    Removing fm33lc0xx_ll_bstim.o(i.LL_BSTIM_StructInit), (18 bytes).
    Removing fm33lc0xx_ll_comp.o(.rev16_text), (4 bytes).
    Removing fm33lc0xx_ll_comp.o(.revsh_text), (4 bytes).
    Removing fm33lc0xx_ll_comp.o(i.LL_COMP_DeInit), (44 bytes).
    Removing fm33lc0xx_ll_comp.o(i.LL_COMP_Init), (412 bytes).
    Removing fm33lc0xx_ll_comp.o(i.LL_COMP_StructInit), (16 bytes).
    Removing fm33lc0xx_ll_crc.o(.rev16_text), (4 bytes).
    Removing fm33lc0xx_ll_crc.o(.revsh_text), (4 bytes).
    Removing fm33lc0xx_ll_crc.o(i.LL_CRC_DeInit), (108 bytes).
    Removing fm33lc0xx_ll_crc.o(i.LL_CRC_Init), (364 bytes).
    Removing fm33lc0xx_ll_crc.o(i.LL_CRC_StructInit), (24 bytes).
    Removing fm33lc0xx_ll_dma.o(.rev16_text), (4 bytes).
    Removing fm33lc0xx_ll_dma.o(.revsh_text), (4 bytes).
    Removing fm33lc0xx_ll_dma.o(i.LL_DMA_DeInit), (108 bytes).
    Removing fm33lc0xx_ll_dma.o(i.LL_DMA_Init), (832 bytes).
    Removing fm33lc0xx_ll_dma.o(i.LL_DMA_IsActiveFlag_ADDRERR), (14 bytes).
    Removing fm33lc0xx_ll_dma.o(i.LL_DMA_StructInit), (20 bytes).
    Removing fm33lc0xx_ll_dma.o(i.LL_StartOnceDMATransmion), (224 bytes).
    Removing fm33lc0xx_ll_flash.o(.rev16_text), (4 bytes).
    Removing fm33lc0xx_ll_flash.o(.revsh_text), (4 bytes).
    Removing fm33lc0xx_ll_flash.o(i.LL_FLASH_ClearFlag_EraseFinish), (6 bytes).
    Removing fm33lc0xx_ll_flash.o(i.LL_FLASH_GetFlashLockStatus), (12 bytes).
    Removing fm33lc0xx_ll_flash.o(i.LL_FLASH_IsActiveFlag_AuthenticationError), (14 bytes).
    Removing fm33lc0xx_ll_flash.o(i.LL_FLASH_IsActiveFlag_ClockError), (14 bytes).
    Removing fm33lc0xx_ll_flash.o(i.LL_FLASH_IsActiveFlag_EraseFinish), (16 bytes).
    Removing fm33lc0xx_ll_flash.o(i.LL_FLASH_IsActiveFlag_KEYError), (14 bytes).
    Removing fm33lc0xx_ll_flash.o(i.LL_FLASH_IsActiveFlag_ProgramFinish), (12 bytes).
    Removing fm33lc0xx_ll_flash.o(i.LL_FLASH_LockFlash), (8 bytes).
    Removing fm33lc0xx_ll_flash.o(i.LL_FLASH_PageErase), (284 bytes).
    Removing fm33lc0xx_ll_flash.o(i.LL_FLASH_Program_Page), (296 bytes).
    Removing fm33lc0xx_ll_flash.o(i.LL_FLASH_Program_Sector), (292 bytes).
    Removing fm33lc0xx_ll_flash.o(i.LL_FLASH_Program_Word), (276 bytes).
    Removing fm33lc0xx_ll_flash.o(i.LL_FLASH_SectorErase), (288 bytes).
    Removing fm33lc0xx_ll_flash.o(i.LL_FLASH_SetFlashEraseType), (14 bytes).
    Removing fm33lc0xx_ll_flash.o(i.LL_FLASH_StartErase), (18 bytes).
    Removing fm33lc0xx_ll_flash.o(i.LL_FLASH_StartProgram), (18 bytes).
    Removing fm33lc0xx_ll_flash.o(i.LL_FLASH_UnlockFlash), (4 bytes).
    Removing fm33lc0xx_ll_flash.o(i.LL_RCC_Group2_DisableOperationClock), (16 bytes).
    Removing fm33lc0xx_ll_flash.o(i.LL_RCC_Group2_EnableBusClock), (16 bytes).
    Removing fm33lc0xx_ll_flash.o(i.LL_RCC_Group2_EnableOperationClock), (16 bytes).
    Removing fm33lc0xx_ll_flash.o(i.__get_PRIMASK), (6 bytes).
    Removing fm33lc0xx_ll_flash.o(i.__set_PRIMASK), (6 bytes).
    Removing fm33lc0xx_ll_gpio.o(.rev16_text), (4 bytes).
    Removing fm33lc0xx_ll_gpio.o(.revsh_text), (4 bytes).
    Removing fm33lc0xx_ll_gpio.o(i.LL_GPIO_ALLPIN_LPM_MODE), (140 bytes).
    Removing fm33lc0xx_ll_gpio.o(i.LL_GPIO_DeInit), (76 bytes).
    Removing fm33lc0xx_ll_gpio.o(i.LL_GPIO_SetOutputPin), (10 bytes).
    Removing fm33lc0xx_ll_gpio.o(i.LL_GPIO_StructInit), (24 bytes).
    Removing fm33lc0xx_ll_gptim.o(.rev16_text), (4 bytes).
    Removing fm33lc0xx_ll_gptim.o(.revsh_text), (4 bytes).
    Removing fm33lc0xx_ll_gptim.o(i.LL_GPTIM_DeInit), (140 bytes).
    Removing fm33lc0xx_ll_gptim.o(i.LL_GPTIM_DisableNormalChannelOutput), (16 bytes).
    Removing fm33lc0xx_ll_gptim.o(i.LL_GPTIM_ETRStructInit), (12 bytes).
    Removing fm33lc0xx_ll_gptim.o(i.LL_GPTIM_ETR_Init), (384 bytes).
    Removing fm33lc0xx_ll_gptim.o(i.LL_GPTIM_GenerateEvent_UPDATE), (10 bytes).
    Removing fm33lc0xx_ll_gptim.o(i.LL_GPTIM_IC_Init), (548 bytes).
    Removing fm33lc0xx_ll_gptim.o(i.LL_GPTIM_IC_StructInit), (18 bytes).
    Removing fm33lc0xx_ll_gptim.o(i.LL_GPTIM_Init), (300 bytes).
    Removing fm33lc0xx_ll_gptim.o(i.LL_GPTIM_OC_Init), (312 bytes).
    Removing fm33lc0xx_ll_gptim.o(i.LL_GPTIM_OC_StructInit), (16 bytes).
    Removing fm33lc0xx_ll_gptim.o(i.LL_GPTIM_SetChannelMode), (54 bytes).
    Removing fm33lc0xx_ll_gptim.o(i.LL_GPTIM_SetCounterAlignedMode), (12 bytes).
    Removing fm33lc0xx_ll_gptim.o(i.LL_GPTIM_SetSlaveMode), (12 bytes).
    Removing fm33lc0xx_ll_gptim.o(i.LL_GPTIM_SlaveModeStructInit), (16 bytes).
    Removing fm33lc0xx_ll_gptim.o(i.LL_GPTIM_SlaveMode_Init), (316 bytes).
    Removing fm33lc0xx_ll_gptim.o(i.LL_GPTIM_StructInit), (24 bytes).
    Removing fm33lc0xx_ll_gptim.o(i.LL_RCC_DisableResetAPB2Peripheral), (16 bytes).
    Removing fm33lc0xx_ll_gptim.o(i.LL_RCC_EnableResetAPB2Peripheral), (16 bytes).
    Removing fm33lc0xx_ll_gptim.o(i.LL_RCC_Group4_DisableBusClock), (16 bytes).
    Removing fm33lc0xx_ll_gptim.o(i.LL_RCC_Group4_EnableBusClock), (16 bytes).
    Removing fm33lc0xx_ll_gptim.o(i.OCConfig), (290 bytes).
    Removing fm33lc0xx_ll_gptim.o(i.SetITRxInputSrc), (196 bytes).
    Removing fm33lc0xx_ll_hdiv.o(.rev16_text), (4 bytes).
    Removing fm33lc0xx_ll_hdiv.o(.revsh_text), (4 bytes).
    Removing fm33lc0xx_ll_hdiv.o(i.LL_HDIV_Calculation), (112 bytes).
    Removing fm33lc0xx_ll_hdiv.o(i.LL_HDIV_DeInit), (88 bytes).
    Removing fm33lc0xx_ll_hdiv.o(i.LL_HDIV_Init), (56 bytes).
    Removing fm33lc0xx_ll_i2c.o(.rev16_text), (4 bytes).
    Removing fm33lc0xx_ll_i2c.o(.revsh_text), (4 bytes).
    Removing fm33lc0xx_ll_i2c.o(i.LL_I2C_DeInit), (120 bytes).
    Removing fm33lc0xx_ll_i2c.o(i.LL_I2C_MasterMode_Init), (372 bytes).
    Removing fm33lc0xx_ll_i2c.o(i.LL_I2C_MasterMode_StructInit), (16 bytes).
    Removing fm33lc0xx_ll_i2c.o(i.LL_I2C_SlaveMode_Init), (268 bytes).
    Removing fm33lc0xx_ll_i2c.o(i.LL_I2C_SlaveMode_Set_SlaveAddr), (12 bytes).
    Removing fm33lc0xx_ll_i2c.o(i.LL_I2C_SlaveMode_StructInit), (14 bytes).
    Removing fm33lc0xx_ll_i2c.o(i.LL_RCC_Group3_EnableBusClock), (16 bytes).
    Removing fm33lc0xx_ll_iwdt.o(.rev16_text), (4 bytes).
    Removing fm33lc0xx_ll_iwdt.o(.revsh_text), (4 bytes).
    Removing fm33lc0xx_ll_iwdt.o(i.LL_IWDT_DeInit), (36 bytes).
    Removing fm33lc0xx_ll_iwdt.o(i.LL_IWDT_Init), (192 bytes).
    Removing fm33lc0xx_ll_iwdt.o(i.LL_IWDT_StructInit), (10 bytes).
    Removing fm33lc0xx_ll_lcd.o(.rev16_text), (4 bytes).
    Removing fm33lc0xx_ll_lcd.o(.revsh_text), (4 bytes).
    Removing fm33lc0xx_ll_lcd.o(i.LL_LCD_DeInit), (108 bytes).
    Removing fm33lc0xx_ll_lcd.o(i.LL_LCD_DisplayFreq), (260 bytes).
    Removing fm33lc0xx_ll_lcd.o(i.LL_LCD_FlickTime), (236 bytes).
    Removing fm33lc0xx_ll_lcd.o(i.LL_LCD_GetCOMxNum), (10 bytes).
    Removing fm33lc0xx_ll_lcd.o(i.LL_LCD_Init), (612 bytes).
    Removing fm33lc0xx_ll_lcd.o(i.LL_LCD_StructInit), (38 bytes).
    Removing fm33lc0xx_ll_lptim.o(.rev16_text), (4 bytes).
    Removing fm33lc0xx_ll_lptim.o(.revsh_text), (4 bytes).
    Removing fm33lc0xx_ll_lptim.o(i.LL_LPTIM_CC_Set_ModeChannel1), (12 bytes).
    Removing fm33lc0xx_ll_lptim.o(i.LL_LPTIM_CC_Set_ModeChannel2), (14 bytes).
    Removing fm33lc0xx_ll_lptim.o(i.LL_LPTIM_DeInit), (128 bytes).
    Removing fm33lc0xx_ll_lptim.o(i.LL_LPTIM_ICModeStructInit), (8 bytes).
    Removing fm33lc0xx_ll_lptim.o(i.LL_LPTIM_IC_ModeInit), (220 bytes).
    Removing fm33lc0xx_ll_lptim.o(i.LL_LPTIM_OCModeStructInit), (10 bytes).
    Removing fm33lc0xx_ll_lptim.o(i.LL_LPTIM_OC_ModeInit), (172 bytes).
    Removing fm33lc0xx_ll_lptim.o(i.LL_LPTIM_SetTriggerExternalInput), (12 bytes).
    Removing fm33lc0xx_ll_lptim.o(i.LL_LPTIM_TimeModeInit), (520 bytes).
    Removing fm33lc0xx_ll_lptim.o(i.LL_LPTIM_TimeModeStructInit), (18 bytes).
    Removing fm33lc0xx_ll_lptim.o(i.LL_RCC_Group1_EnableBusClock), (16 bytes).
    Removing fm33lc0xx_ll_lptim.o(i.LL_RCC_Group2_EnableOperationClock), (16 bytes).
    Removing fm33lc0xx_ll_lptim.o(i.LL_RCC_SetLPTIMClockSource), (24 bytes).
    Removing fm33lc0xx_ll_lpuart.o(.rev16_text), (4 bytes).
    Removing fm33lc0xx_ll_lpuart.o(.revsh_text), (4 bytes).
    Removing fm33lc0xx_ll_lpuart.o(i.LL_LPUART_DeInit), (172 bytes).
    Removing fm33lc0xx_ll_lpuart.o(i.LL_LPUART_Init), (608 bytes).
    Removing fm33lc0xx_ll_lpuart.o(i.LL_LPUART_StructInit), (24 bytes).
    Removing fm33lc0xx_ll_lpuart.o(i.LL_RCC_Group1_DisableOperationClock), (16 bytes).
    Removing fm33lc0xx_ll_lpuart.o(i.LL_RCC_Group1_EnableOperationClock), (16 bytes).
    Removing fm33lc0xx_ll_lpuart.o(i.LL_RCC_Group3_DisableBusClock), (16 bytes).
    Removing fm33lc0xx_ll_lpuart.o(i.LL_RCC_Group3_EnableBusClock), (16 bytes).
    Removing fm33lc0xx_ll_opa.o(.rev16_text), (4 bytes).
    Removing fm33lc0xx_ll_opa.o(.revsh_text), (4 bytes).
    Removing fm33lc0xx_ll_opa.o(i.LL_OPA_DeInit), (56 bytes).
    Removing fm33lc0xx_ll_opa.o(i.LL_OPA_Init), (484 bytes).
    Removing fm33lc0xx_ll_opa.o(i.LL_OPA_StructInit), (18 bytes).
    Removing fm33lc0xx_ll_pmu.o(.rev16_text), (4 bytes).
    Removing fm33lc0xx_ll_pmu.o(.revsh_text), (4 bytes).
    Removing fm33lc0xx_ll_pmu.o(i.LL_PMU_Sleep_DeInit), (56 bytes).
    Removing fm33lc0xx_ll_pmu.o(i.LL_PMU_Sleep_Init), (336 bytes).
    Removing fm33lc0xx_ll_pmu.o(i.LL_PMU_StructInit), (20 bytes).
    Removing fm33lc0xx_ll_rcc.o(.rev16_text), (4 bytes).
    Removing fm33lc0xx_ll_rcc.o(.revsh_text), (4 bytes).
    Removing fm33lc0xx_ll_rcc.o(i.LL_RCC_GetAHBClockFreq), (88 bytes).
    Removing fm33lc0xx_ll_rcc.o(i.LL_RCC_GetAPB1ClockFreq), (88 bytes).
    Removing fm33lc0xx_ll_rcc.o(i.LL_RCC_GetAPB2ClockFreq), (88 bytes).
    Removing fm33lc0xx_ll_rcc.o(i.LL_RCC_GetPLLClockFreq), (156 bytes).
    Removing fm33lc0xx_ll_rcc.o(i.LL_RCC_GetRC4MClockFreq), (80 bytes).
    Removing fm33lc0xx_ll_rcc.o(i.LL_RCC_GetRCHFClockFreq), (68 bytes).
    Removing fm33lc0xx_ll_rcc.o(i.LL_RCC_GetSystemClockFreq), (80 bytes).
    Removing fm33lc0xx_ll_rcc.o(i.LL_RCC_GetUSBClockFreqToSysclk), (36 bytes).
    Removing fm33lc0xx_ll_rng.o(.rev16_text), (4 bytes).
    Removing fm33lc0xx_ll_rng.o(.revsh_text), (4 bytes).
    Removing fm33lc0xx_ll_rng.o(i.GetCrc32), (136 bytes).
    Removing fm33lc0xx_ll_rng.o(i.GetRandomNumber), (96 bytes).
    Removing fm33lc0xx_ll_rng.o(i.LL_RNG_ClearFlag_CRCCalculationFinish), (10 bytes).
    Removing fm33lc0xx_ll_rng.o(i.LL_RNG_DeInit), (108 bytes).
    Removing fm33lc0xx_ll_rng.o(i.LL_RNG_Disable), (10 bytes).
    Removing fm33lc0xx_ll_rng.o(i.LL_RNG_Init), (212 bytes).
    Removing fm33lc0xx_ll_rng.o(i.LL_RNG_StructInit), (8 bytes).
    Removing fm33lc0xx_ll_rtc.o(.rev16_text), (4 bytes).
    Removing fm33lc0xx_ll_rtc.o(.revsh_text), (4 bytes).
    Removing fm33lc0xx_ll_rtc.o(i.LL_RTC_DeInit), (68 bytes).
    Removing fm33lc0xx_ll_rtc.o(i.LL_RTC_StructInit), (18 bytes).
    Removing fm33lc0xx_ll_spi.o(.rev16_text), (4 bytes).
    Removing fm33lc0xx_ll_spi.o(.revsh_text), (4 bytes).
    Removing fm33lc0xx_ll_spi.o(i.LL_RCC_DisableResetAPB2Peripheral), (16 bytes).
    Removing fm33lc0xx_ll_spi.o(i.LL_RCC_EnableResetAPB2Peripheral), (16 bytes).
    Removing fm33lc0xx_ll_spi.o(i.LL_RCC_Group3_DisableBusClock), (16 bytes).
    Removing fm33lc0xx_ll_spi.o(i.LL_RCC_Group3_EnableBusClock), (16 bytes).
    Removing fm33lc0xx_ll_spi.o(i.LL_SPI_DeInit), (124 bytes).
    Removing fm33lc0xx_ll_spi.o(i.LL_SPI_Init), (484 bytes).
    Removing fm33lc0xx_ll_spi.o(i.LL_SPI_StructInit), (28 bytes).
    Removing fm33lc0xx_ll_svd.o(.rev16_text), (4 bytes).
    Removing fm33lc0xx_ll_svd.o(.revsh_text), (4 bytes).
    Removing fm33lc0xx_ll_svd.o(i.LL_SVD_DeInit), (52 bytes).
    Removing fm33lc0xx_ll_svd.o(i.LL_SVD_EnableSVDDigitalFiltering), (10 bytes).
    Removing fm33lc0xx_ll_svd.o(i.LL_SVD_Init), (492 bytes).
    Removing fm33lc0xx_ll_svd.o(i.LL_SVD_StructInit), (22 bytes).
    Removing fm33lc0xx_ll_u7816.o(.rev16_text), (4 bytes).
    Removing fm33lc0xx_ll_u7816.o(.revsh_text), (4 bytes).
    Removing fm33lc0xx_ll_u7816.o(i.LL_U7816_DeInit), (108 bytes).
    Removing fm33lc0xx_ll_u7816.o(i.LL_U7816_Init), (732 bytes).
    Removing fm33lc0xx_ll_u7816.o(i.LL_U7816_StructInit), (60 bytes).
    Removing fm33lc0xx_ll_uart.o(.rev16_text), (4 bytes).
    Removing fm33lc0xx_ll_uart.o(.revsh_text), (4 bytes).
    Removing fm33lc0xx_ll_uart.o(i.LL_RCC_DisableResetAPB2Peripheral), (16 bytes).
    Removing fm33lc0xx_ll_uart.o(i.LL_RCC_EnableResetAPB2Peripheral), (16 bytes).
    Removing fm33lc0xx_ll_uart.o(i.LL_RCC_Group1_DisableOperationClock), (16 bytes).
    Removing fm33lc0xx_ll_uart.o(i.LL_RCC_Group1_EnableOperationClock), (16 bytes).
    Removing fm33lc0xx_ll_uart.o(i.LL_RCC_Group3_DisableBusClock), (16 bytes).
    Removing fm33lc0xx_ll_uart.o(i.LL_RCC_Group3_EnableBusClock), (16 bytes).
    Removing fm33lc0xx_ll_uart.o(i.LL_UART_DeInit), (228 bytes).
    Removing fm33lc0xx_ll_uart.o(i.LL_UART_InfraRed_Init), (448 bytes).
    Removing fm33lc0xx_ll_uart.o(i.LL_UART_InfraRed_StructInit), (20 bytes).
    Removing fm33lc0xx_ll_uart.o(i.LL_UART_Init), (720 bytes).
    Removing fm33lc0xx_ll_uart.o(i.LL_UART_StructInit), (28 bytes).
    Removing fm33lc0xx_ll_wwdt.o(.rev16_text), (4 bytes).
    Removing fm33lc0xx_ll_wwdt.o(.revsh_text), (4 bytes).
    Removing fm33lc0xx_ll_wwdt.o(i.LL_WWDT_DeInit), (36 bytes).
    Removing fm33lc0xx_ll_wwdt.o(i.LL_WWDT_Init), (144 bytes).
    Removing fm33lc0xx_ll_wwdt.o(i.LL_WWDT_StructInit), (6 bytes).
    Removing fm33lc0xx_ll_lpuart.o(i.__ARM_common_switch8), (28 bytes).

251 unused section(s) (total 23508 bytes) removed from the image.

==============================================================================

Image Symbol Table

    Local Symbols

    Symbol Name                              Value     Ov Type        Size  Object(Section)

    RESET                                    0x00000000   Section      192  startup_fm33lc0xx.o(RESET)
    ../clib/angel/boardlib.s                 0x00000000   Number         0  boardinit3.o ABSOLUTE
    ../clib/angel/boardlib.s                 0x00000000   Number         0  boardshut.o ABSOLUTE
    ../clib/angel/boardlib.s                 0x00000000   Number         0  boardinit1.o ABSOLUTE
    ../clib/angel/boardlib.s                 0x00000000   Number         0  boardinit2.o ABSOLUTE
    ../clib/angel/handlers.s                 0x00000000   Number         0  __scatter_zi.o ABSOLUTE
    ../clib/angel/handlers.s                 0x00000000   Number         0  __scatter_copy.o ABSOLUTE
    ../clib/angel/kernel.s                   0x00000000   Number         0  rtexit.o ABSOLUTE
    ../clib/angel/kernel.s                   0x00000000   Number         0  __rtentry.o ABSOLUTE
    ../clib/angel/kernel.s                   0x00000000   Number         0  __rtentry2.o ABSOLUTE
    ../clib/angel/kernel.s                   0x00000000   Number         0  __rtentry4.o ABSOLUTE
    ../clib/angel/kernel.s                   0x00000000   Number         0  rtexit2.o ABSOLUTE
    ../clib/angel/rt.s                       0x00000000   Number         0  aeabi_ldiv0.o ABSOLUTE
    ../clib/angel/rt.s                       0x00000000   Number         0  aeabi_idiv0_sigfpe.o ABSOLUTE
    ../clib/angel/rt.s                       0x00000000   Number         0  aeabi_idiv0.o ABSOLUTE
    ../clib/angel/rt.s                       0x00000000   Number         0  rt_raise.o ABSOLUTE
    ../clib/angel/rt.s                       0x00000000   Number         0  aeabi_ldiv0_sigfpe.o ABSOLUTE
    ../clib/angel/rt.s                       0x00000000   Number         0  rt_div0.o ABSOLUTE
    ../clib/angel/scatterp.s                 0x00000000   Number         0  __scatter.o ABSOLUTE
    ../clib/angel/startup.s                  0x00000000   Number         0  __main.o ABSOLUTE
    ../clib/angel/sys.s                      0x00000000   Number         0  indicate_semi.o ABSOLUTE
    ../clib/angel/sys.s                      0x00000000   Number         0  use_no_semi.o ABSOLUTE
    ../clib/angel/sys.s                      0x00000000   Number         0  libspace.o ABSOLUTE
    ../clib/angel/sys.s                      0x00000000   Number         0  tempstk.o ABSOLUTE
    ../clib/angel/sys.s                      0x00000000   Number         0  sys_stackheap_outer.o ABSOLUTE
    ../clib/angel/sysapp.c                   0x00000000   Number         0  sys_command.o ABSOLUTE
    ../clib/angel/sysapp.c                   0x00000000   Number         0  sys_wrch.o ABSOLUTE
    ../clib/angel/sysapp.c                   0x00000000   Number         0  sys_exit.o ABSOLUTE
    ../clib/armsys.c                         0x00000000   Number         0  no_argv.o ABSOLUTE
    ../clib/armsys.c                         0x00000000   Number         0  _get_argv_nomalloc.o ABSOLUTE
    ../clib/armsys.c                         0x00000000   Number         0  argv_veneer.o ABSOLUTE
    ../clib/division.c                       0x00000000   Number         0  lludiv.o ABSOLUTE
    ../clib/division.s                       0x00000000   Number         0  aeabi_sdiv_div0.o ABSOLUTE
    ../clib/division.s                       0x00000000   Number         0  aeabi_sdiv.o ABSOLUTE
    ../clib/heapalloc.c                      0x00000000   Number         0  hrguard.o ABSOLUTE
    ../clib/heapaux.c                        0x00000000   Number         0  heapauxi.o ABSOLUTE
    ../clib/libinit.s                        0x00000000   Number         0  libinit.o ABSOLUTE
    ../clib/libinit.s                        0x00000000   Number         0  libinit2.o ABSOLUTE
    ../clib/libinit.s                        0x00000000   Number         0  libshutdown2.o ABSOLUTE
    ../clib/libinit.s                        0x00000000   Number         0  libshutdown.o ABSOLUTE
    ../clib/memcpset.c                       0x00000000   Number         0  rt_memclr.o ABSOLUTE
    ../clib/memcpset.c                       0x00000000   Number         0  rt_memcpy.o ABSOLUTE
    ../clib/memcpset.c                       0x00000000   Number         0  rt_memcpy.o ABSOLUTE
    ../clib/signal.c                         0x00000000   Number         0  defsig_rtmem_outer.o ABSOLUTE
    ../clib/signal.c                         0x00000000   Number         0  defsig_cppl_inner.o ABSOLUTE
    ../clib/signal.c                         0x00000000   Number         0  defsig_segv_inner.o ABSOLUTE
    ../clib/signal.c                         0x00000000   Number         0  defsig_exit.o ABSOLUTE
    ../clib/signal.c                         0x00000000   Number         0  defsig_fpe_inner.o ABSOLUTE
    ../clib/signal.c                         0x00000000   Number         0  defsig_fpe_formal.o ABSOLUTE
    ../clib/signal.c                         0x00000000   Number         0  defsig_pvfn_inner.o ABSOLUTE
    ../clib/signal.c                         0x00000000   Number         0  defsig_fpe_outer.o ABSOLUTE
    ../clib/signal.c                         0x00000000   Number         0  __raise.o ABSOLUTE
    ../clib/signal.c                         0x00000000   Number         0  defsig_general.o ABSOLUTE
    ../clib/signal.c                         0x00000000   Number         0  defsig_stak_inner.o ABSOLUTE
    ../clib/signal.c                         0x00000000   Number         0  defsig_rtmem_formal.o ABSOLUTE
    ../clib/signal.c                         0x00000000   Number         0  defsig_other.o ABSOLUTE
    ../clib/signal.c                         0x00000000   Number         0  defsig_abrt_inner.o ABSOLUTE
    ../clib/signal.c                         0x00000000   Number         0  defsig_rtred_inner.o ABSOLUTE
    ../clib/signal.c                         0x00000000   Number         0  defsig_rtmem_inner.o ABSOLUTE
    ../clib/signal.s                         0x00000000   Number         0  defsig.o ABSOLUTE
    ../clib/stdlib.c                         0x00000000   Number         0  exit.o ABSOLUTE
    ../fplib/cfplib/d2f.c                    0x00000000   Number         0  d2f.o ABSOLUTE
    ../fplib/cfplib/daddsub.c                0x00000000   Number         0  daddsub.o ABSOLUTE
    ../fplib/cfplib/ddiv.c                   0x00000000   Number         0  ddiv.o ABSOLUTE
    ../fplib/cfplib/dmul.c                   0x00000000   Number         0  dmul.o ABSOLUTE
    ../fplib/cfplib/f2d.c                    0x00000000   Number         0  f2d.o ABSOLUTE
    ../fplib/cfplib/fdiv.c                   0x00000000   Number         0  fdiv.o ABSOLUTE
    ../fplib/cfplib/ffix.c                   0x00000000   Number         0  dfixui.o ABSOLUTE
    ../fplib/cfplib/fflt.c                   0x00000000   Number         0  fflti.o ABSOLUTE
    ../fplib/cfplib/fflt.c                   0x00000000   Number         0  dflti.o ABSOLUTE
    ../fplib/cfplib/fpinit.c                 0x00000000   Number         0  fpinit.o ABSOLUTE
    ../fplib/usenofp.s                       0x00000000   Number         0  usenofp.o ABSOLUTE
    ..\Drivers\CMSIS\Device\FM\FM33xx\Source\Templates\ARM\startup_fm33lc0xx.s 0x00000000   Number         0  startup_fm33lc0xx.o ABSOLUTE
    ..\Drivers\CMSIS\Device\FM\FM33xx\Source\system_fm33lc0xx.c 0x00000000   Number         0  system_fm33lc0xx.o ABSOLUTE
    ..\Drivers\FM33LC0xx_LL_Driver\Src\fm33lc0xx_ll_adc.c 0x00000000   Number         0  fm33lc0xx_ll_adc.o ABSOLUTE
    ..\Drivers\FM33LC0xx_LL_Driver\Src\fm33lc0xx_ll_aes.c 0x00000000   Number         0  fm33lc0xx_ll_aes.o ABSOLUTE
    ..\Drivers\FM33LC0xx_LL_Driver\Src\fm33lc0xx_ll_atim.c 0x00000000   Number         0  fm33lc0xx_ll_atim.o ABSOLUTE
    ..\Drivers\FM33LC0xx_LL_Driver\Src\fm33lc0xx_ll_bstim.c 0x00000000   Number         0  fm33lc0xx_ll_bstim.o ABSOLUTE
    ..\Drivers\FM33LC0xx_LL_Driver\Src\fm33lc0xx_ll_comp.c 0x00000000   Number         0  fm33lc0xx_ll_comp.o ABSOLUTE
    ..\Drivers\FM33LC0xx_LL_Driver\Src\fm33lc0xx_ll_crc.c 0x00000000   Number         0  fm33lc0xx_ll_crc.o ABSOLUTE
    ..\Drivers\FM33LC0xx_LL_Driver\Src\fm33lc0xx_ll_dma.c 0x00000000   Number         0  fm33lc0xx_ll_dma.o ABSOLUTE
    ..\Drivers\FM33LC0xx_LL_Driver\Src\fm33lc0xx_ll_flash.c 0x00000000   Number         0  fm33lc0xx_ll_flash.o ABSOLUTE
    ..\Drivers\FM33LC0xx_LL_Driver\Src\fm33lc0xx_ll_gpio.c 0x00000000   Number         0  fm33lc0xx_ll_gpio.o ABSOLUTE
    ..\Drivers\FM33LC0xx_LL_Driver\Src\fm33lc0xx_ll_gptim.c 0x00000000   Number         0  fm33lc0xx_ll_gptim.o ABSOLUTE
    ..\Drivers\FM33LC0xx_LL_Driver\Src\fm33lc0xx_ll_hdiv.c 0x00000000   Number         0  fm33lc0xx_ll_hdiv.o ABSOLUTE
    ..\Drivers\FM33LC0xx_LL_Driver\Src\fm33lc0xx_ll_i2c.c 0x00000000   Number         0  fm33lc0xx_ll_i2c.o ABSOLUTE
    ..\Drivers\FM33LC0xx_LL_Driver\Src\fm33lc0xx_ll_iwdt.c 0x00000000   Number         0  fm33lc0xx_ll_iwdt.o ABSOLUTE
    ..\Drivers\FM33LC0xx_LL_Driver\Src\fm33lc0xx_ll_lcd.c 0x00000000   Number         0  fm33lc0xx_ll_lcd.o ABSOLUTE
    ..\Drivers\FM33LC0xx_LL_Driver\Src\fm33lc0xx_ll_lptim.c 0x00000000   Number         0  fm33lc0xx_ll_lptim.o ABSOLUTE
    ..\Drivers\FM33LC0xx_LL_Driver\Src\fm33lc0xx_ll_lpuart.c 0x00000000   Number         0  fm33lc0xx_ll_lpuart.o ABSOLUTE
    ..\Drivers\FM33LC0xx_LL_Driver\Src\fm33lc0xx_ll_opa.c 0x00000000   Number         0  fm33lc0xx_ll_opa.o ABSOLUTE
    ..\Drivers\FM33LC0xx_LL_Driver\Src\fm33lc0xx_ll_pmu.c 0x00000000   Number         0  fm33lc0xx_ll_pmu.o ABSOLUTE
    ..\Drivers\FM33LC0xx_LL_Driver\Src\fm33lc0xx_ll_rcc.c 0x00000000   Number         0  fm33lc0xx_ll_rcc.o ABSOLUTE
    ..\Drivers\FM33LC0xx_LL_Driver\Src\fm33lc0xx_ll_rng.c 0x00000000   Number         0  fm33lc0xx_ll_rng.o ABSOLUTE
    ..\Drivers\FM33LC0xx_LL_Driver\Src\fm33lc0xx_ll_rtc.c 0x00000000   Number         0  fm33lc0xx_ll_rtc.o ABSOLUTE
    ..\Drivers\FM33LC0xx_LL_Driver\Src\fm33lc0xx_ll_spi.c 0x00000000   Number         0  fm33lc0xx_ll_spi.o ABSOLUTE
    ..\Drivers\FM33LC0xx_LL_Driver\Src\fm33lc0xx_ll_svd.c 0x00000000   Number         0  fm33lc0xx_ll_svd.o ABSOLUTE
    ..\Drivers\FM33LC0xx_LL_Driver\Src\fm33lc0xx_ll_u7816.c 0x00000000   Number         0  fm33lc0xx_ll_u7816.o ABSOLUTE
    ..\Drivers\FM33LC0xx_LL_Driver\Src\fm33lc0xx_ll_uart.c 0x00000000   Number         0  fm33lc0xx_ll_uart.o ABSOLUTE
    ..\Drivers\FM33LC0xx_LL_Driver\Src\fm33lc0xx_ll_wwdt.c 0x00000000   Number         0  fm33lc0xx_ll_wwdt.o ABSOLUTE
    ..\MF-config\Src\mf_config.c             0x00000000   Number         0  mf_config.o ABSOLUTE
    ..\Src\TestRTC.c                         0x00000000   Number         0  testrtc.o ABSOLUTE
    ..\Src\main.c                            0x00000000   Number         0  main.o ABSOLUTE
    ..\Src\user_init.c                       0x00000000   Number         0  user_init.o ABSOLUTE
    ..\\Drivers\\CMSIS\\Device\\FM\\FM33xx\\Source\\system_fm33lc0xx.c 0x00000000   Number         0  system_fm33lc0xx.o ABSOLUTE
    ..\\Drivers\\FM33LC0xx_LL_Driver\\Src\\fm33lc0xx_ll_adc.c 0x00000000   Number         0  fm33lc0xx_ll_adc.o ABSOLUTE
    ..\\Drivers\\FM33LC0xx_LL_Driver\\Src\\fm33lc0xx_ll_aes.c 0x00000000   Number         0  fm33lc0xx_ll_aes.o ABSOLUTE
    ..\\Drivers\\FM33LC0xx_LL_Driver\\Src\\fm33lc0xx_ll_atim.c 0x00000000   Number         0  fm33lc0xx_ll_atim.o ABSOLUTE
    ..\\Drivers\\FM33LC0xx_LL_Driver\\Src\\fm33lc0xx_ll_bstim.c 0x00000000   Number         0  fm33lc0xx_ll_bstim.o ABSOLUTE
    ..\\Drivers\\FM33LC0xx_LL_Driver\\Src\\fm33lc0xx_ll_comp.c 0x00000000   Number         0  fm33lc0xx_ll_comp.o ABSOLUTE
    ..\\Drivers\\FM33LC0xx_LL_Driver\\Src\\fm33lc0xx_ll_crc.c 0x00000000   Number         0  fm33lc0xx_ll_crc.o ABSOLUTE
    ..\\Drivers\\FM33LC0xx_LL_Driver\\Src\\fm33lc0xx_ll_dma.c 0x00000000   Number         0  fm33lc0xx_ll_dma.o ABSOLUTE
    ..\\Drivers\\FM33LC0xx_LL_Driver\\Src\\fm33lc0xx_ll_flash.c 0x00000000   Number         0  fm33lc0xx_ll_flash.o ABSOLUTE
    ..\\Drivers\\FM33LC0xx_LL_Driver\\Src\\fm33lc0xx_ll_gpio.c 0x00000000   Number         0  fm33lc0xx_ll_gpio.o ABSOLUTE
    ..\\Drivers\\FM33LC0xx_LL_Driver\\Src\\fm33lc0xx_ll_gptim.c 0x00000000   Number         0  fm33lc0xx_ll_gptim.o ABSOLUTE
    ..\\Drivers\\FM33LC0xx_LL_Driver\\Src\\fm33lc0xx_ll_hdiv.c 0x00000000   Number         0  fm33lc0xx_ll_hdiv.o ABSOLUTE
    ..\\Drivers\\FM33LC0xx_LL_Driver\\Src\\fm33lc0xx_ll_i2c.c 0x00000000   Number         0  fm33lc0xx_ll_i2c.o ABSOLUTE
    ..\\Drivers\\FM33LC0xx_LL_Driver\\Src\\fm33lc0xx_ll_iwdt.c 0x00000000   Number         0  fm33lc0xx_ll_iwdt.o ABSOLUTE
    ..\\Drivers\\FM33LC0xx_LL_Driver\\Src\\fm33lc0xx_ll_lcd.c 0x00000000   Number         0  fm33lc0xx_ll_lcd.o ABSOLUTE
    ..\\Drivers\\FM33LC0xx_LL_Driver\\Src\\fm33lc0xx_ll_lptim.c 0x00000000   Number         0  fm33lc0xx_ll_lptim.o ABSOLUTE
    ..\\Drivers\\FM33LC0xx_LL_Driver\\Src\\fm33lc0xx_ll_lpuart.c 0x00000000   Number         0  fm33lc0xx_ll_lpuart.o ABSOLUTE
    ..\\Drivers\\FM33LC0xx_LL_Driver\\Src\\fm33lc0xx_ll_opa.c 0x00000000   Number         0  fm33lc0xx_ll_opa.o ABSOLUTE
    ..\\Drivers\\FM33LC0xx_LL_Driver\\Src\\fm33lc0xx_ll_pmu.c 0x00000000   Number         0  fm33lc0xx_ll_pmu.o ABSOLUTE
    ..\\Drivers\\FM33LC0xx_LL_Driver\\Src\\fm33lc0xx_ll_rcc.c 0x00000000   Number         0  fm33lc0xx_ll_rcc.o ABSOLUTE
    ..\\Drivers\\FM33LC0xx_LL_Driver\\Src\\fm33lc0xx_ll_rng.c 0x00000000   Number         0  fm33lc0xx_ll_rng.o ABSOLUTE
    ..\\Drivers\\FM33LC0xx_LL_Driver\\Src\\fm33lc0xx_ll_rtc.c 0x00000000   Number         0  fm33lc0xx_ll_rtc.o ABSOLUTE
    ..\\Drivers\\FM33LC0xx_LL_Driver\\Src\\fm33lc0xx_ll_spi.c 0x00000000   Number         0  fm33lc0xx_ll_spi.o ABSOLUTE
    ..\\Drivers\\FM33LC0xx_LL_Driver\\Src\\fm33lc0xx_ll_svd.c 0x00000000   Number         0  fm33lc0xx_ll_svd.o ABSOLUTE
    ..\\Drivers\\FM33LC0xx_LL_Driver\\Src\\fm33lc0xx_ll_u7816.c 0x00000000   Number         0  fm33lc0xx_ll_u7816.o ABSOLUTE
    ..\\Drivers\\FM33LC0xx_LL_Driver\\Src\\fm33lc0xx_ll_uart.c 0x00000000   Number         0  fm33lc0xx_ll_uart.o ABSOLUTE
    ..\\Drivers\\FM33LC0xx_LL_Driver\\Src\\fm33lc0xx_ll_wwdt.c 0x00000000   Number         0  fm33lc0xx_ll_wwdt.o ABSOLUTE
    ..\\MF-config\\Src\\mf_config.c          0x00000000   Number         0  mf_config.o ABSOLUTE
    ..\\Src\\TestRTC.c                       0x00000000   Number         0  testrtc.o ABSOLUTE
    ..\\Src\\main.c                          0x00000000   Number         0  main.o ABSOLUTE
    ..\\Src\\user_init.c                     0x00000000   Number         0  user_init.o ABSOLUTE
    dc.s                                     0x00000000   Number         0  dc.o ABSOLUTE
    !!!main                                  0x000000c0   Section        8  __main.o(!!!main)
    !!!scatter                               0x000000c8   Section       60  __scatter.o(!!!scatter)
    !!handler_copy                           0x00000104   Section       26  __scatter_copy.o(!!handler_copy)
    !!handler_zi                             0x00000120   Section       28  __scatter_zi.o(!!handler_zi)
    .ARM.Collect$$libinit$$00000000          0x0000013c   Section        2  libinit.o(.ARM.Collect$$libinit$$00000000)
    .ARM.Collect$$libinit$$00000002          0x0000013e   Section        0  libinit2.o(.ARM.Collect$$libinit$$00000002)
    .ARM.Collect$$libinit$$00000004          0x0000013e   Section        0  libinit2.o(.ARM.Collect$$libinit$$00000004)
    .ARM.Collect$$libinit$$0000000A          0x0000013e   Section        0  libinit2.o(.ARM.Collect$$libinit$$0000000A)
    .ARM.Collect$$libinit$$0000000C          0x0000013e   Section        0  libinit2.o(.ARM.Collect$$libinit$$0000000C)
    .ARM.Collect$$libinit$$0000000E          0x0000013e   Section        0  libinit2.o(.ARM.Collect$$libinit$$0000000E)
    .ARM.Collect$$libinit$$00000011          0x0000013e   Section        0  libinit2.o(.ARM.Collect$$libinit$$00000011)
    .ARM.Collect$$libinit$$00000013          0x0000013e   Section        0  libinit2.o(.ARM.Collect$$libinit$$00000013)
    .ARM.Collect$$libinit$$00000015          0x0000013e   Section        0  libinit2.o(.ARM.Collect$$libinit$$00000015)
    .ARM.Collect$$libinit$$00000017          0x0000013e   Section        0  libinit2.o(.ARM.Collect$$libinit$$00000017)
    .ARM.Collect$$libinit$$00000019          0x0000013e   Section        0  libinit2.o(.ARM.Collect$$libinit$$00000019)
    .ARM.Collect$$libinit$$0000001B          0x0000013e   Section        0  libinit2.o(.ARM.Collect$$libinit$$0000001B)
    .ARM.Collect$$libinit$$0000001D          0x0000013e   Section        0  libinit2.o(.ARM.Collect$$libinit$$0000001D)
    .ARM.Collect$$libinit$$0000001F          0x0000013e   Section        0  libinit2.o(.ARM.Collect$$libinit$$0000001F)
    .ARM.Collect$$libinit$$00000021          0x0000013e   Section        0  libinit2.o(.ARM.Collect$$libinit$$00000021)
    .ARM.Collect$$libinit$$00000023          0x0000013e   Section        0  libinit2.o(.ARM.Collect$$libinit$$00000023)
    .ARM.Collect$$libinit$$00000025          0x0000013e   Section        0  libinit2.o(.ARM.Collect$$libinit$$00000025)
    .ARM.Collect$$libinit$$0000002C          0x0000013e   Section        0  libinit2.o(.ARM.Collect$$libinit$$0000002C)
    .ARM.Collect$$libinit$$0000002E          0x0000013e   Section        0  libinit2.o(.ARM.Collect$$libinit$$0000002E)
    .ARM.Collect$$libinit$$00000030          0x0000013e   Section        0  libinit2.o(.ARM.Collect$$libinit$$00000030)
    .ARM.Collect$$libinit$$00000032          0x0000013e   Section        0  libinit2.o(.ARM.Collect$$libinit$$00000032)
    .ARM.Collect$$libinit$$00000033          0x0000013e   Section        2  libinit2.o(.ARM.Collect$$libinit$$00000033)
    .ARM.Collect$$libshutdown$$00000000      0x00000140   Section        2  libshutdown.o(.ARM.Collect$$libshutdown$$00000000)
    .ARM.Collect$$libshutdown$$00000002      0x00000142   Section        0  libshutdown2.o(.ARM.Collect$$libshutdown$$00000002)
    .ARM.Collect$$libshutdown$$00000004      0x00000142   Section        0  libshutdown2.o(.ARM.Collect$$libshutdown$$00000004)
    .ARM.Collect$$libshutdown$$00000007      0x00000142   Section        0  libshutdown2.o(.ARM.Collect$$libshutdown$$00000007)
    .ARM.Collect$$libshutdown$$0000000A      0x00000142   Section        0  libshutdown2.o(.ARM.Collect$$libshutdown$$0000000A)
    .ARM.Collect$$libshutdown$$0000000C      0x00000142   Section        0  libshutdown2.o(.ARM.Collect$$libshutdown$$0000000C)
    .ARM.Collect$$libshutdown$$0000000F      0x00000142   Section        0  libshutdown2.o(.ARM.Collect$$libshutdown$$0000000F)
    .ARM.Collect$$libshutdown$$00000010      0x00000142   Section        2  libshutdown2.o(.ARM.Collect$$libshutdown$$00000010)
    .ARM.Collect$$rtentry$$00000000          0x00000144   Section        0  __rtentry.o(.ARM.Collect$$rtentry$$00000000)
    .ARM.Collect$$rtentry$$00000002          0x00000144   Section        0  __rtentry2.o(.ARM.Collect$$rtentry$$00000002)
    .ARM.Collect$$rtentry$$00000004          0x00000144   Section        6  __rtentry4.o(.ARM.Collect$$rtentry$$00000004)
    .ARM.Collect$$rtentry$$00000009          0x0000014a   Section        0  __rtentry2.o(.ARM.Collect$$rtentry$$00000009)
    .ARM.Collect$$rtentry$$0000000A          0x0000014a   Section        4  __rtentry2.o(.ARM.Collect$$rtentry$$0000000A)
    .ARM.Collect$$rtentry$$0000000C          0x0000014e   Section        0  __rtentry2.o(.ARM.Collect$$rtentry$$0000000C)
    .ARM.Collect$$rtentry$$0000000D          0x0000014e   Section        8  __rtentry2.o(.ARM.Collect$$rtentry$$0000000D)
    .ARM.Collect$$rtexit$$00000000           0x00000156   Section        2  rtexit.o(.ARM.Collect$$rtexit$$00000000)
    .ARM.Collect$$rtexit$$00000002           0x00000158   Section        0  rtexit2.o(.ARM.Collect$$rtexit$$00000002)
    .ARM.Collect$$rtexit$$00000003           0x00000158   Section        4  rtexit2.o(.ARM.Collect$$rtexit$$00000003)
    .ARM.Collect$$rtexit$$00000004           0x0000015c   Section        6  rtexit2.o(.ARM.Collect$$rtexit$$00000004)
    .emb_text                                0x00000164   Section       56  rt_memcpy.o(.emb_text)
    .text                                    0x0000019c   Section       56  startup_fm33lc0xx.o(.text)
    .text                                    0x000001d4   Section        0  lludiv.o(.text)
    .text                                    0x000002d6   Section        0  rt_memclr.o(.text)
    .text                                    0x00000316   Section        0  heapauxi.o(.text)
    .text                                    0x0000031c   Section       62  sys_stackheap_outer.o(.text)
    .text                                    0x0000035a   Section        0  exit.o(.text)
    .text                                    0x0000036c   Section        8  libspace.o(.text)
    .text                                    0x00000374   Section        0  sys_exit.o(.text)
    .text                                    0x00000380   Section        2  use_no_semi.o(.text)
    .text                                    0x00000382   Section        0  indicate_semi.o(.text)
    i.ClockInit                              0x00000384   Section        0  user_init.o(i.ClockInit)
    ClockInit                                0x00000385   Thumb Code   316  user_init.o(i.ClockInit)
    i.DelayMs                                0x000004d8   Section        0  user_init.o(i.DelayMs)
    i.DelayUs                                0x000004f0   Section        0  user_init.o(i.DelayUs)
    i.FoutInit                               0x00000540   Section        0  user_init.o(i.FoutInit)
    FoutInit                                 0x00000541   Thumb Code    58  user_init.o(i.FoutInit)
    i.LL_GPIO_Init                           0x00000584   Section        0  fm33lc0xx_ll_gpio.o(i.LL_GPIO_Init)
    i.LL_GPIO_ResetOutputPin                 0x0000072c   Section        0  user_init.o(i.LL_GPIO_ResetOutputPin)
    LL_GPIO_ResetOutputPin                   0x0000072d   Thumb Code    10  user_init.o(i.LL_GPIO_ResetOutputPin)
    i.LL_RCC_SetRCHFFrequency                0x00000738   Section        0  user_init.o(i.LL_RCC_SetRCHFFrequency)
    LL_RCC_SetRCHFFrequency                  0x00000739   Thumb Code    18  user_init.o(i.LL_RCC_SetRCHFFrequency)
    i.LL_RCC_SetRCHFTrimValue                0x00000750   Section        0  user_init.o(i.LL_RCC_SetRCHFTrimValue)
    LL_RCC_SetRCHFTrimValue                  0x00000751   Thumb Code    16  user_init.o(i.LL_RCC_SetRCHFTrimValue)
    i.LL_RTC_ConfigTime                      0x00000764   Section        0  fm33lc0xx_ll_rtc.o(i.LL_RTC_ConfigTime)
    i.LL_RTC_GetTime                         0x000007e4   Section        0  fm33lc0xx_ll_rtc.o(i.LL_RTC_GetTime)
    i.LL_RTC_Init                            0x00000830   Section        0  fm33lc0xx_ll_rtc.o(i.LL_RTC_Init)
    i.LedInit                                0x00000870   Section        0  user_init.o(i.LedInit)
    LedInit                                  0x00000871   Thumb Code    92  user_init.o(i.LedInit)
    i.MF_Clock_Init                          0x000008d0   Section        0  mf_config.o(i.MF_Clock_Init)
    i.MF_Config_Init                         0x00000930   Section        0  mf_config.o(i.MF_Config_Init)
    i.MF_SystemClock_Config                  0x00000932   Section        0  mf_config.o(i.MF_SystemClock_Config)
    i.RTC_GetRTC                             0x00000934   Section        0  testrtc.o(i.RTC_GetRTC)
    i.RTC_Init                               0x00000998   Section        0  testrtc.o(i.RTC_Init)
    i.RTC_SetRTC                             0x000009e0   Section        0  testrtc.o(i.RTC_SetRTC)
    i.SystemInit                             0x00000a3c   Section        0  system_fm33lc0xx.o(i.SystemInit)
    i.SystickInit                            0x00000b08   Section        0  user_init.o(i.SystickInit)
    SystickInit                              0x00000b09   Thumb Code    32  user_init.o(i.SystickInit)
    i.Test_RTC                               0x00000b30   Section        0  testrtc.o(i.Test_RTC)
    i.UserInit                               0x00000b6a   Section        0  user_init.o(i.UserInit)
    i.__ARM_common_ll_muluu                  0x00000b7e   Section        0  user_init.o(i.__ARM_common_ll_muluu)
    i.main                                   0x00000bb0   Section        0  main.o(i.main)
    .data                                    0x20000000   Section        4  user_init.o(.data)
    .bss                                     0x20000004   Section       96  libspace.o(.bss)
    HEAP                                     0x20000068   Section     2048  startup_fm33lc0xx.o(HEAP)
    Heap_Mem                                 0x20000068   Data        2048  startup_fm33lc0xx.o(HEAP)
    STACK                                    0x20000868   Section     2048  startup_fm33lc0xx.o(STACK)
    Stack_Mem                                0x20000868   Data        2048  startup_fm33lc0xx.o(STACK)
    __initial_sp                             0x20001068   Data           0  startup_fm33lc0xx.o(STACK)

    Global Symbols

    Symbol Name                              Value     Ov Type        Size  Object(Section)

    BuildAttributes$$THM_ISAv3M$S$PE$A:L22$X:L11$S22$IEEE1$IW$USESV6$~STKCKD$USESV7$~SHL$OSPACE$ROPI$EBA8$UX$STANDARDLIB$REQ8$PRES8$EABIv2 0x00000000   Number         0  anon$$obj.o ABSOLUTE
    __ARM_use_no_argv                        0x00000000   Number         0  main.o ABSOLUTE
    __Vectors                                0x00000000   Data           4  startup_fm33lc0xx.o(RESET)
    __ARM_exceptions_init                     - Undefined Weak Reference
    __alloca_initialize                       - Undefined Weak Reference
    __arm_preinit_                            - Undefined Weak Reference
    __cpp_initialize__aeabi_                  - Undefined Weak Reference
    __cxa_finalize                            - Undefined Weak Reference
    __rt_locale                               - Undefined Weak Reference
    __sigvec_lookup                           - Undefined Weak Reference
    _atexit_init                              - Undefined Weak Reference
    _call_atexit_fns                          - Undefined Weak Reference
    _clock_init                               - Undefined Weak Reference
    _fp_trap_init                             - Undefined Weak Reference
    _fp_trap_shutdown                         - Undefined Weak Reference
    _get_lc_collate                           - Undefined Weak Reference
    _get_lc_ctype                             - Undefined Weak Reference
    _get_lc_monetary                          - Undefined Weak Reference
    _get_lc_numeric                           - Undefined Weak Reference
    _get_lc_time                              - Undefined Weak Reference
    _getenv_init                              - Undefined Weak Reference
    _handle_redirection                       - Undefined Weak Reference
    _init_alloc                               - Undefined Weak Reference
    _init_user_alloc                          - Undefined Weak Reference
    _initio                                   - Undefined Weak Reference
    _rand_init                                - Undefined Weak Reference
    _signal_finish                            - Undefined Weak Reference
    _signal_init                              - Undefined Weak Reference
    _terminate_alloc                          - Undefined Weak Reference
    _terminate_user_alloc                     - Undefined Weak Reference
    _terminateio                              - Undefined Weak Reference
    __Vectors_End                            0x000000c0   Data           0  startup_fm33lc0xx.o(RESET)
    __Vectors_Size                           0x000000c0   Number         0  startup_fm33lc0xx.o ABSOLUTE
    __main                                   0x000000c1   Thumb Code     8  __main.o(!!!main)
    __scatterload                            0x000000c9   Thumb Code     0  __scatter.o(!!!scatter)
    __scatterload_rt2                        0x000000c9   Thumb Code    52  __scatter.o(!!!scatter)
    __scatterload_rt2_thumb_only             0x000000c9   Thumb Code     0  __scatter.o(!!!scatter)
    __scatterload_null                       0x000000d9   Thumb Code     0  __scatter.o(!!!scatter)
    __scatterload_copy                       0x00000105   Thumb Code    26  __scatter_copy.o(!!handler_copy)
    __scatterload_zeroinit                   0x00000121   Thumb Code    28  __scatter_zi.o(!!handler_zi)
    __rt_lib_init                            0x0000013d   Thumb Code     0  libinit.o(.ARM.Collect$$libinit$$00000000)
    __rt_lib_init_alloca_1                   0x0000013f   Thumb Code     0  libinit2.o(.ARM.Collect$$libinit$$0000002E)
    __rt_lib_init_argv_1                     0x0000013f   Thumb Code     0  libinit2.o(.ARM.Collect$$libinit$$0000002C)
    __rt_lib_init_atexit_1                   0x0000013f   Thumb Code     0  libinit2.o(.ARM.Collect$$libinit$$0000001B)
    __rt_lib_init_clock_1                    0x0000013f   Thumb Code     0  libinit2.o(.ARM.Collect$$libinit$$00000021)
    __rt_lib_init_cpp_1                      0x0000013f   Thumb Code     0  libinit2.o(.ARM.Collect$$libinit$$00000032)
    __rt_lib_init_exceptions_1               0x0000013f   Thumb Code     0  libinit2.o(.ARM.Collect$$libinit$$00000030)
    __rt_lib_init_fp_1                       0x0000013f   Thumb Code     0  libinit2.o(.ARM.Collect$$libinit$$00000002)
    __rt_lib_init_fp_trap_1                  0x0000013f   Thumb Code     0  libinit2.o(.ARM.Collect$$libinit$$0000001F)
    __rt_lib_init_getenv_1                   0x0000013f   Thumb Code     0  libinit2.o(.ARM.Collect$$libinit$$00000023)
    __rt_lib_init_heap_1                     0x0000013f   Thumb Code     0  libinit2.o(.ARM.Collect$$libinit$$0000000A)
    __rt_lib_init_lc_collate_1               0x0000013f   Thumb Code     0  libinit2.o(.ARM.Collect$$libinit$$00000011)
    __rt_lib_init_lc_ctype_1                 0x0000013f   Thumb Code     0  libinit2.o(.ARM.Collect$$libinit$$00000013)
    __rt_lib_init_lc_monetary_1              0x0000013f   Thumb Code     0  libinit2.o(.ARM.Collect$$libinit$$00000015)
    __rt_lib_init_lc_numeric_1               0x0000013f   Thumb Code     0  libinit2.o(.ARM.Collect$$libinit$$00000017)
    __rt_lib_init_lc_time_1                  0x0000013f   Thumb Code     0  libinit2.o(.ARM.Collect$$libinit$$00000019)
    __rt_lib_init_preinit_1                  0x0000013f   Thumb Code     0  libinit2.o(.ARM.Collect$$libinit$$00000004)
    __rt_lib_init_rand_1                     0x0000013f   Thumb Code     0  libinit2.o(.ARM.Collect$$libinit$$0000000E)
    __rt_lib_init_return                     0x0000013f   Thumb Code     0  libinit2.o(.ARM.Collect$$libinit$$00000033)
    __rt_lib_init_signal_1                   0x0000013f   Thumb Code     0  libinit2.o(.ARM.Collect$$libinit$$0000001D)
    __rt_lib_init_stdio_1                    0x0000013f   Thumb Code     0  libinit2.o(.ARM.Collect$$libinit$$00000025)
    __rt_lib_init_user_alloc_1               0x0000013f   Thumb Code     0  libinit2.o(.ARM.Collect$$libinit$$0000000C)
    __rt_lib_shutdown                        0x00000141   Thumb Code     0  libshutdown.o(.ARM.Collect$$libshutdown$$00000000)
    __rt_lib_shutdown_cpp_1                  0x00000143   Thumb Code     0  libshutdown2.o(.ARM.Collect$$libshutdown$$00000002)
    __rt_lib_shutdown_fp_trap_1              0x00000143   Thumb Code     0  libshutdown2.o(.ARM.Collect$$libshutdown$$00000007)
    __rt_lib_shutdown_heap_1                 0x00000143   Thumb Code     0  libshutdown2.o(.ARM.Collect$$libshutdown$$0000000F)
    __rt_lib_shutdown_return                 0x00000143   Thumb Code     0  libshutdown2.o(.ARM.Collect$$libshutdown$$00000010)
    __rt_lib_shutdown_signal_1               0x00000143   Thumb Code     0  libshutdown2.o(.ARM.Collect$$libshutdown$$0000000A)
    __rt_lib_shutdown_stdio_1                0x00000143   Thumb Code     0  libshutdown2.o(.ARM.Collect$$libshutdown$$00000004)
    __rt_lib_shutdown_user_alloc_1           0x00000143   Thumb Code     0  libshutdown2.o(.ARM.Collect$$libshutdown$$0000000C)
    __rt_entry                               0x00000145   Thumb Code     0  __rtentry.o(.ARM.Collect$$rtentry$$00000000)
    __rt_entry_presh_1                       0x00000145   Thumb Code     0  __rtentry2.o(.ARM.Collect$$rtentry$$00000002)
    __rt_entry_sh                            0x00000145   Thumb Code     0  __rtentry4.o(.ARM.Collect$$rtentry$$00000004)
    __rt_entry_li                            0x0000014b   Thumb Code     0  __rtentry2.o(.ARM.Collect$$rtentry$$0000000A)
    __rt_entry_postsh_1                      0x0000014b   Thumb Code     0  __rtentry2.o(.ARM.Collect$$rtentry$$00000009)
    __rt_entry_main                          0x0000014f   Thumb Code     0  __rtentry2.o(.ARM.Collect$$rtentry$$0000000D)
    __rt_entry_postli_1                      0x0000014f   Thumb Code     0  __rtentry2.o(.ARM.Collect$$rtentry$$0000000C)
    __rt_exit                                0x00000157   Thumb Code     0  rtexit.o(.ARM.Collect$$rtexit$$00000000)
    __rt_exit_ls                             0x00000159   Thumb Code     0  rtexit2.o(.ARM.Collect$$rtexit$$00000003)
    __rt_exit_prels_1                        0x00000159   Thumb Code     0  rtexit2.o(.ARM.Collect$$rtexit$$00000002)
    __rt_exit_exit                           0x0000015d   Thumb Code     0  rtexit2.o(.ARM.Collect$$rtexit$$00000004)
    __aeabi_memcpy4                          0x00000165   Thumb Code    56  rt_memcpy.o(.emb_text)
    __aeabi_memcpy8                          0x00000165   Thumb Code     0  rt_memcpy.o(.emb_text)
    Reset_Handler                            0x0000019d   Thumb Code     8  startup_fm33lc0xx.o(.text)
    NMI_Handler                              0x000001a5   Thumb Code     2  startup_fm33lc0xx.o(.text)
    HardFault_Handler                        0x000001a7   Thumb Code     2  startup_fm33lc0xx.o(.text)
    SVC_Handler                              0x000001a9   Thumb Code     2  startup_fm33lc0xx.o(.text)
    PendSV_Handler                           0x000001ab   Thumb Code     2  startup_fm33lc0xx.o(.text)
    SysTick_Handler                          0x000001ad   Thumb Code     2  startup_fm33lc0xx.o(.text)
    ADC_IRQHandler                           0x000001af   Thumb Code     0  startup_fm33lc0xx.o(.text)
    AES_IRQHandler                           0x000001af   Thumb Code     0  startup_fm33lc0xx.o(.text)
    ATIM_IRQHandler                          0x000001af   Thumb Code     0  startup_fm33lc0xx.o(.text)
    BSTIM_IRQHandler                         0x000001af   Thumb Code     0  startup_fm33lc0xx.o(.text)
    COMPx_IRQHandler                         0x000001af   Thumb Code     0  startup_fm33lc0xx.o(.text)
    DMA_IRQHandler                           0x000001af   Thumb Code     0  startup_fm33lc0xx.o(.text)
    FLASH_IRQHandler                         0x000001af   Thumb Code     0  startup_fm33lc0xx.o(.text)
    GPIO_IRQHandler                          0x000001af   Thumb Code     0  startup_fm33lc0xx.o(.text)
    GPTIM0_IRQHandler                        0x000001af   Thumb Code     0  startup_fm33lc0xx.o(.text)
    GPTIM1_IRQHandler                        0x000001af   Thumb Code     0  startup_fm33lc0xx.o(.text)
    HFDET_IRQHandler                         0x000001af   Thumb Code     0  startup_fm33lc0xx.o(.text)
    I2C_IRQHandler                           0x000001af   Thumb Code     0  startup_fm33lc0xx.o(.text)
    IWDT_IRQHandler                          0x000001af   Thumb Code     0  startup_fm33lc0xx.o(.text)
    LCD_IRQHandler                           0x000001af   Thumb Code     0  startup_fm33lc0xx.o(.text)
    LFDET_IRQHandler                         0x000001af   Thumb Code     0  startup_fm33lc0xx.o(.text)
    LPTIM_IRQHandler                         0x000001af   Thumb Code     0  startup_fm33lc0xx.o(.text)
    LPUART0_IRQHandler                       0x000001af   Thumb Code     0  startup_fm33lc0xx.o(.text)
    LPUART1_IRQHandler                       0x000001af   Thumb Code     0  startup_fm33lc0xx.o(.text)
    OPAx_IRQHandler                          0x000001af   Thumb Code     0  startup_fm33lc0xx.o(.text)
    RTC_IRQHandler                           0x000001af   Thumb Code     0  startup_fm33lc0xx.o(.text)
    SPI1_IRQHandler                          0x000001af   Thumb Code     0  startup_fm33lc0xx.o(.text)
    SPI2_IRQHandler                          0x000001af   Thumb Code     0  startup_fm33lc0xx.o(.text)
    SVD_IRQHandler                           0x000001af   Thumb Code     0  startup_fm33lc0xx.o(.text)
    U7816_IRQHandler                         0x000001af   Thumb Code     0  startup_fm33lc0xx.o(.text)
    UART0_IRQHandler                         0x000001af   Thumb Code     0  startup_fm33lc0xx.o(.text)
    UART1_IRQHandler                         0x000001af   Thumb Code     0  startup_fm33lc0xx.o(.text)
    UART4_IRQHandler                         0x000001af   Thumb Code     0  startup_fm33lc0xx.o(.text)
    UART5_IRQHandler                         0x000001af   Thumb Code     0  startup_fm33lc0xx.o(.text)
    USB_IRQHandler                           0x000001af   Thumb Code     0  startup_fm33lc0xx.o(.text)
    VREF_IRQHandler                          0x000001af   Thumb Code     0  startup_fm33lc0xx.o(.text)
    WKUP_IRQHandler                          0x000001af   Thumb Code     0  startup_fm33lc0xx.o(.text)
    WWDT_IRQHandler                          0x000001af   Thumb Code     0  startup_fm33lc0xx.o(.text)
    __user_initial_stackheap                 0x000001b1   Thumb Code     0  startup_fm33lc0xx.o(.text)
    __aeabi_uldivmod                         0x000001d5   Thumb Code   258  lludiv.o(.text)
    _ll_udiv                                 0x000001d5   Thumb Code     0  lludiv.o(.text)
    _memset_w                                0x000002d7   Thumb Code    26  rt_memclr.o(.text)
    _memset                                  0x000002f1   Thumb Code    30  rt_memclr.o(.text)
    __aeabi_memclr                           0x0000030f   Thumb Code     4  rt_memclr.o(.text)
    __rt_memclr                              0x0000030f   Thumb Code     0  rt_memclr.o(.text)
    __aeabi_memclr4                          0x00000313   Thumb Code     0  rt_memclr.o(.text)
    __aeabi_memclr8                          0x00000313   Thumb Code     0  rt_memclr.o(.text)
    __rt_memclr_w                            0x00000313   Thumb Code     4  rt_memclr.o(.text)
    __use_two_region_memory                  0x00000317   Thumb Code     2  heapauxi.o(.text)
    __rt_heap_escrow$2region                 0x00000319   Thumb Code     2  heapauxi.o(.text)
    __rt_heap_expand$2region                 0x0000031b   Thumb Code     2  heapauxi.o(.text)
    __user_setup_stackheap                   0x0000031d   Thumb Code    62  sys_stackheap_outer.o(.text)
    exit                                     0x0000035b   Thumb Code    16  exit.o(.text)
    __user_libspace                          0x0000036d   Thumb Code     8  libspace.o(.text)
    __user_perproc_libspace                  0x0000036d   Thumb Code     0  libspace.o(.text)
    __user_perthread_libspace                0x0000036d   Thumb Code     0  libspace.o(.text)
    _sys_exit                                0x00000375   Thumb Code     8  sys_exit.o(.text)
    __I$use$semihosting                      0x00000381   Thumb Code     0  use_no_semi.o(.text)
    __use_no_semihosting_swi                 0x00000381   Thumb Code     2  use_no_semi.o(.text)
    __semihosting_library_function           0x00000383   Thumb Code     0  indicate_semi.o(.text)
    DelayMs                                  0x000004d9   Thumb Code    24  user_init.o(i.DelayMs)
    DelayUs                                  0x000004f1   Thumb Code    66  user_init.o(i.DelayUs)
    LL_GPIO_Init                             0x00000585   Thumb Code   412  fm33lc0xx_ll_gpio.o(i.LL_GPIO_Init)
    LL_RTC_ConfigTime                        0x00000765   Thumb Code   120  fm33lc0xx_ll_rtc.o(i.LL_RTC_ConfigTime)
    LL_RTC_GetTime                           0x000007e5   Thumb Code    74  fm33lc0xx_ll_rtc.o(i.LL_RTC_GetTime)
    LL_RTC_Init                              0x00000831   Thumb Code    56  fm33lc0xx_ll_rtc.o(i.LL_RTC_Init)
    MF_Clock_Init                            0x000008d1   Thumb Code    84  mf_config.o(i.MF_Clock_Init)
    MF_Config_Init                           0x00000931   Thumb Code     2  mf_config.o(i.MF_Config_Init)
    MF_SystemClock_Config                    0x00000933   Thumb Code     2  mf_config.o(i.MF_SystemClock_Config)
    RTC_GetRTC                               0x00000935   Thumb Code    94  testrtc.o(i.RTC_GetRTC)
    RTC_Init                                 0x00000999   Thumb Code    62  testrtc.o(i.RTC_Init)
    RTC_SetRTC                               0x000009e1   Thumb Code    86  testrtc.o(i.RTC_SetRTC)
    SystemInit                               0x00000a3d   Thumb Code   186  system_fm33lc0xx.o(i.SystemInit)
    Test_RTC                                 0x00000b31   Thumb Code    58  testrtc.o(i.Test_RTC)
    UserInit                                 0x00000b6b   Thumb Code    20  user_init.o(i.UserInit)
    __ARM_common_ll_muluu                    0x00000b7f   Thumb Code    48  user_init.o(i.__ARM_common_ll_muluu)
    main                                     0x00000bb1   Thumb Code    46  main.o(i.main)
    Region$$Table$$Base                      0x00000be4   Number         0  anon$$obj.o(Region$$Table)
    Region$$Table$$Limit                     0x00000c04   Number         0  anon$$obj.o(Region$$Table)
    systemClock                              0x20000000   Data           4  user_init.o(.data)
    __libspace_start                         0x20000004   Data          96  libspace.o(.bss)
    __temporary_stack_top$libspace           0x20000064   Data           0  libspace.o(.bss)



==============================================================================

Memory Map of the image

  Image Entry point : 0x000000c1

  Load Region LR_IROM1 (Base: 0x00000000, Size: 0x00000c08, Max: 0x00040000, ABSOLUTE)

    Execution Region ER_IROM1 (Base: 0x00000000, Size: 0x00000c04, Max: 0x00040000, ABSOLUTE)

    Base Addr    Size         Type   Attr      Idx    E Section Name        Object

    0x00000000   0x000000c0   Data   RO            3    RESET               startup_fm33lc0xx.o
    0x000000c0   0x00000008   Code   RO         1943  * !!!main             c_p.l(__main.o)
    0x000000c8   0x0000003c   Code   RO         2137    !!!scatter          c_p.l(__scatter.o)
    0x00000104   0x0000001a   Code   RO         2139    !!handler_copy      c_p.l(__scatter_copy.o)
    0x0000011e   0x00000002   PAD
    0x00000120   0x0000001c   Code   RO         2141    !!handler_zi        c_p.l(__scatter_zi.o)
    0x0000013c   0x00000002   Code   RO         2006    .ARM.Collect$$libinit$$00000000  c_p.l(libinit.o)
    0x0000013e   0x00000000   Code   RO         2020    .ARM.Collect$$libinit$$00000002  c_p.l(libinit2.o)
    0x0000013e   0x00000000   Code   RO         2022    .ARM.Collect$$libinit$$00000004  c_p.l(libinit2.o)
    0x0000013e   0x00000000   Code   RO         2025    .ARM.Collect$$libinit$$0000000A  c_p.l(libinit2.o)
    0x0000013e   0x00000000   Code   RO         2027    .ARM.Collect$$libinit$$0000000C  c_p.l(libinit2.o)
    0x0000013e   0x00000000   Code   RO         2029    .ARM.Collect$$libinit$$0000000E  c_p.l(libinit2.o)
    0x0000013e   0x00000000   Code   RO         2032    .ARM.Collect$$libinit$$00000011  c_p.l(libinit2.o)
    0x0000013e   0x00000000   Code   RO         2034    .ARM.Collect$$libinit$$00000013  c_p.l(libinit2.o)
    0x0000013e   0x00000000   Code   RO         2036    .ARM.Collect$$libinit$$00000015  c_p.l(libinit2.o)
    0x0000013e   0x00000000   Code   RO         2038    .ARM.Collect$$libinit$$00000017  c_p.l(libinit2.o)
    0x0000013e   0x00000000   Code   RO         2040    .ARM.Collect$$libinit$$00000019  c_p.l(libinit2.o)
    0x0000013e   0x00000000   Code   RO         2042    .ARM.Collect$$libinit$$0000001B  c_p.l(libinit2.o)
    0x0000013e   0x00000000   Code   RO         2044    .ARM.Collect$$libinit$$0000001D  c_p.l(libinit2.o)
    0x0000013e   0x00000000   Code   RO         2046    .ARM.Collect$$libinit$$0000001F  c_p.l(libinit2.o)
    0x0000013e   0x00000000   Code   RO         2048    .ARM.Collect$$libinit$$00000021  c_p.l(libinit2.o)
    0x0000013e   0x00000000   Code   RO         2050    .ARM.Collect$$libinit$$00000023  c_p.l(libinit2.o)
    0x0000013e   0x00000000   Code   RO         2052    .ARM.Collect$$libinit$$00000025  c_p.l(libinit2.o)
    0x0000013e   0x00000000   Code   RO         2056    .ARM.Collect$$libinit$$0000002C  c_p.l(libinit2.o)
    0x0000013e   0x00000000   Code   RO         2058    .ARM.Collect$$libinit$$0000002E  c_p.l(libinit2.o)
    0x0000013e   0x00000000   Code   RO         2060    .ARM.Collect$$libinit$$00000030  c_p.l(libinit2.o)
    0x0000013e   0x00000000   Code   RO         2062    .ARM.Collect$$libinit$$00000032  c_p.l(libinit2.o)
    0x0000013e   0x00000002   Code   RO         2063    .ARM.Collect$$libinit$$00000033  c_p.l(libinit2.o)
    0x00000140   0x00000002   Code   RO         2094    .ARM.Collect$$libshutdown$$00000000  c_p.l(libshutdown.o)
    0x00000142   0x00000000   Code   RO         2120    .ARM.Collect$$libshutdown$$00000002  c_p.l(libshutdown2.o)
    0x00000142   0x00000000   Code   RO         2122    .ARM.Collect$$libshutdown$$00000004  c_p.l(libshutdown2.o)
    0x00000142   0x00000000   Code   RO         2125    .ARM.Collect$$libshutdown$$00000007  c_p.l(libshutdown2.o)
    0x00000142   0x00000000   Code   RO         2128    .ARM.Collect$$libshutdown$$0000000A  c_p.l(libshutdown2.o)
    0x00000142   0x00000000   Code   RO         2130    .ARM.Collect$$libshutdown$$0000000C  c_p.l(libshutdown2.o)
    0x00000142   0x00000000   Code   RO         2133    .ARM.Collect$$libshutdown$$0000000F  c_p.l(libshutdown2.o)
    0x00000142   0x00000002   Code   RO         2134    .ARM.Collect$$libshutdown$$00000010  c_p.l(libshutdown2.o)
    0x00000144   0x00000000   Code   RO         1965    .ARM.Collect$$rtentry$$00000000  c_p.l(__rtentry.o)
    0x00000144   0x00000000   Code   RO         1976    .ARM.Collect$$rtentry$$00000002  c_p.l(__rtentry2.o)
    0x00000144   0x00000006   Code   RO         1988    .ARM.Collect$$rtentry$$00000004  c_p.l(__rtentry4.o)
    0x0000014a   0x00000000   Code   RO         1978    .ARM.Collect$$rtentry$$00000009  c_p.l(__rtentry2.o)
    0x0000014a   0x00000004   Code   RO         1979    .ARM.Collect$$rtentry$$0000000A  c_p.l(__rtentry2.o)
    0x0000014e   0x00000000   Code   RO         1981    .ARM.Collect$$rtentry$$0000000C  c_p.l(__rtentry2.o)
    0x0000014e   0x00000008   Code   RO         1982    .ARM.Collect$$rtentry$$0000000D  c_p.l(__rtentry2.o)
    0x00000156   0x00000002   Code   RO         2011    .ARM.Collect$$rtexit$$00000000  c_p.l(rtexit.o)
    0x00000158   0x00000000   Code   RO         2067    .ARM.Collect$$rtexit$$00000002  c_p.l(rtexit2.o)
    0x00000158   0x00000004   Code   RO         2068    .ARM.Collect$$rtexit$$00000003  c_p.l(rtexit2.o)
    0x0000015c   0x00000006   Code   RO         2069    .ARM.Collect$$rtexit$$00000004  c_p.l(rtexit2.o)
    0x00000162   0x00000002   PAD
    0x00000164   0x00000038   Code   RO         1931    .emb_text           c_p.l(rt_memcpy.o)
    0x0000019c   0x00000038   Code   RO            4    .text               startup_fm33lc0xx.o
    0x000001d4   0x00000102   Code   RO         1929    .text               c_p.l(lludiv.o)
    0x000002d6   0x00000040   Code   RO         1935    .text               c_p.l(rt_memclr.o)
    0x00000316   0x00000006   Code   RO         1941    .text               c_p.l(heapauxi.o)
    0x0000031c   0x0000003e   Code   RO         1992    .text               c_p.l(sys_stackheap_outer.o)
    0x0000035a   0x00000010   Code   RO         1995    .text               c_p.l(exit.o)
    0x0000036a   0x00000002   PAD
    0x0000036c   0x00000008   Code   RO         2007    .text               c_p.l(libspace.o)
    0x00000374   0x0000000c   Code   RO         2064    .text               c_p.l(sys_exit.o)
    0x00000380   0x00000002   Code   RO         2083    .text               c_p.l(use_no_semi.o)
    0x00000382   0x00000000   Code   RO         2085    .text               c_p.l(indicate_semi.o)
    0x00000382   0x00000002   PAD
    0x00000384   0x00000154   Code   RO          217    i.ClockInit         user_init.o
    0x000004d8   0x00000018   Code   RO          218    i.DelayMs           user_init.o
    0x000004f0   0x00000050   Code   RO          219    i.DelayUs           user_init.o
    0x00000540   0x00000044   Code   RO          220    i.FoutInit          user_init.o
    0x00000584   0x000001a8   Code   RO          910    i.LL_GPIO_Init      fm33lc0xx_ll_gpio.o
    0x0000072c   0x0000000a   Code   RO          221    i.LL_GPIO_ResetOutputPin  user_init.o
    0x00000736   0x00000002   PAD
    0x00000738   0x00000018   Code   RO          222    i.LL_RCC_SetRCHFFrequency  user_init.o
    0x00000750   0x00000014   Code   RO          223    i.LL_RCC_SetRCHFTrimValue  user_init.o
    0x00000764   0x00000080   Code   RO         1628    i.LL_RTC_ConfigTime  fm33lc0xx_ll_rtc.o
    0x000007e4   0x0000004a   Code   RO         1630    i.LL_RTC_GetTime    fm33lc0xx_ll_rtc.o
    0x0000082e   0x00000002   PAD
    0x00000830   0x00000040   Code   RO         1631    i.LL_RTC_Init       fm33lc0xx_ll_rtc.o
    0x00000870   0x00000060   Code   RO          224    i.LedInit           user_init.o
    0x000008d0   0x00000060   Code   RO           13    i.MF_Clock_Init     mf_config.o
    0x00000930   0x00000002   Code   RO           14    i.MF_Config_Init    mf_config.o
    0x00000932   0x00000002   Code   RO           15    i.MF_SystemClock_Config  mf_config.o
    0x00000934   0x00000064   Code   RO          298    i.RTC_GetRTC        testrtc.o
    0x00000998   0x00000048   Code   RO          299    i.RTC_Init          testrtc.o
    0x000009e0   0x0000005c   Code   RO          300    i.RTC_SetRTC        testrtc.o
    0x00000a3c   0x000000cc   Code   RO          340    i.SystemInit        system_fm33lc0xx.o
    0x00000b08   0x00000028   Code   RO          225    i.SystickInit       user_init.o
    0x00000b30   0x0000003a   Code   RO          301    i.Test_RTC          testrtc.o
    0x00000b6a   0x00000014   Code   RO          226    i.UserInit          user_init.o
    0x00000b7e   0x00000030   Code   RO          282    i.__ARM_common_ll_muluu  user_init.o
    0x00000bae   0x00000002   PAD
    0x00000bb0   0x00000034   Code   RO          106    i.main              main.o
    0x00000be4   0x00000020   Data   RO         2135    Region$$Table       anon$$obj.o


    Execution Region RW_IRAM1 (Base: 0x20000000, Size: 0x00001068, Max: 0x00006000, ABSOLUTE)

    Base Addr    Size         Type   Attr      Idx    E Section Name        Object

    0x20000000   0x00000004   Data   RW          227    .data               user_init.o
    0x20000004   0x00000060   Zero   RW         2008    .bss                c_p.l(libspace.o)
    0x20000064   0x00000004   PAD
    0x20000068   0x00000800   Zero   RW            2    HEAP                startup_fm33lc0xx.o
    0x20000868   0x00000800   Zero   RW            1    STACK               startup_fm33lc0xx.o


==============================================================================

Image component sizes


      Code (inc. data)   RO Data    RW Data    ZI Data      Debug   Object Name

       424         12          0          0          0      33471   fm33lc0xx_ll_gpio.o
       266         16          0          0          0      10279   fm33lc0xx_ll_rtc.o
        52          6          0          0          0      18895   main.o
       100         12          0          0          0     138305   mf_config.o
        56         26        192          0       4096        752   startup_fm33lc0xx.o
       204         18          0          0          0        633   system_fm33lc0xx.o
       322         22          0          0          0       9752   testrtc.o
       770         70          0          4          0      36309   user_init.o

    ----------------------------------------------------------------------
      2200        182        224          4       4096     248396   Object Totals
         0          0         32          0          0          0   (incl. Generated)
         6          0          0          0          0          0   (incl. Padding)

    ----------------------------------------------------------------------

      Code (inc. data)   RO Data    RW Data    ZI Data      Debug   Library Member Name

         8          0          0          0          0         68   __main.o
         0          0          0          0          0          0   __rtentry.o
        12          0          0          0          0          0   __rtentry2.o
         6          0          0          0          0          0   __rtentry4.o
        60          8          0          0          0          0   __scatter.o
        26          0          0          0          0          0   __scatter_copy.o
        28          0          0          0          0          0   __scatter_zi.o
        16          0          0          0          0         68   exit.o
         6          0          0          0          0        136   heapauxi.o
         0          0          0          0          0          0   indicate_semi.o
         2          0          0          0          0          0   libinit.o
         2          0          0          0          0          0   libinit2.o
         2          0          0          0          0          0   libshutdown.o
         2          0          0          0          0          0   libshutdown2.o
         8          4          0          0         96         68   libspace.o
       258          0          0          0          0         88   lludiv.o
        64          0          0          0          0        108   rt_memclr.o
        56          0          0          0          0         68   rt_memcpy.o
         2          0          0          0          0          0   rtexit.o
        10          0          0          0          0          0   rtexit2.o
        12          4          0          0          0         60   sys_exit.o
        62          0          0          0          0         80   sys_stackheap_outer.o
         2          0          0          0          0         68   use_no_semi.o

    ----------------------------------------------------------------------
       652         16          0          0        100        812   Library Totals
         8          0          0          0          4          0   (incl. Padding)

    ----------------------------------------------------------------------

      Code (inc. data)   RO Data    RW Data    ZI Data      Debug   Library Name

       644         16          0          0         96        812   c_p.l

    ----------------------------------------------------------------------
       652         16          0          0        100        812   Library Totals

    ----------------------------------------------------------------------

==============================================================================


      Code (inc. data)   RO Data    RW Data    ZI Data      Debug   

      2852        198        224          4       4196     248008   Grand Totals
      2852        198        224          4       4196     248008   ELF Image Totals
      2852        198        224          4          0          0   ROM Totals

==============================================================================

    Total RO  Size (Code + RO Data)                 3076 (   3.00kB)
    Total RW  Size (RW Data + ZI Data)              4200 (   4.10kB)
    Total ROM Size (Code + RO Data + RW Data)       3080 (   3.01kB)

==============================================================================

